,log message,log key,parameter value vector,anomalies
0,"Jul 18 03:48:01 [origin software=""rsyslogd"" swVersion=""8.1911.0-6.el8"" x-pid=""922"" x-info=""https://www.rsyslog.com""] rsyslogd was HUPed",E501,[0],1
1,Jul 18 03:51:08 <info>  [1626580268.8422] dhcp4 (eth0): option dhcp_lease_time      => '3600',E503,[0,0
2,Jul 18 03:51:08 <info>  [1626580268.8422] dhcp4 (eth0): option domain_name          => 'ap-southeast-1.compute.internal',E503,[0,0
3,Jul 18 03:51:08 <info>  [1626580268.8422] dhcp4 (eth0): option domain_name_servers  => '172.31.0.2',E503,[-114,0
4,Jul 18 03:51:08 <info>  [1626580268.8422] dhcp4 (eth0): option expiry               => '1626583868',E503,[-10,0
5,Jul 18 03:51:08 <info>  [1626580268.8423] dhcp4 (eth0): option host_name            => 'ip-172-31-17-0',E503,[0,0
6,Jul 18 03:51:08 <info>  [1626580268.8423] dhcp4 (eth0): option interface_mtu        => '9001',E503,[0,0
7,Jul 18 03:51:08 <info>  [1626580268.8423] dhcp4 (eth0): option ip_address           => '172.31.17.0',E503,[0,0
8,Jul 18 03:51:08 <info>  [1626580268.8423] dhcp4 (eth0): option requested_broadcast_address => '1',E503,[0,0
9,Jul 18 03:51:08 <info>  [1626580268.8423] dhcp4 (eth0): option requested_domain_name => '1',E503,[0,0
10,Jul 18 03:51:08 <info>  [1626580268.8423] dhcp4 (eth0): option requested_domain_name_servers => '1',E503,[0,0
11,Jul 18 03:51:08 <info>  [1626580268.8423] dhcp4 (eth0): option requested_domain_search => '1',E503,[0,0
12,Jul 18 03:51:08 <info>  [1626580268.8424] dhcp4 (eth0): option requested_host_name  => '1',E503,[0,0
13,Jul 18 03:51:08 <info>  [1626580268.8424] dhcp4 (eth0): option requested_interface_mtu => '1',E503,[0,0
14,Jul 18 03:51:08 <info>  [1626580268.8424] dhcp4 (eth0): option requested_ms_classless_static_routes => '1',E503,[0,0
15,Jul 18 03:51:08 <info>  [1626580268.8424] dhcp4 (eth0): option requested_nis_domain => '1',E503,[0,0
16,Jul 18 03:51:08 <info>  [1626580268.8424] dhcp4 (eth0): option requested_nis_servers => '1',E503,[0,0
17,Jul 18 03:51:08 <info>  [1626580268.8424] dhcp4 (eth0): option requested_ntp_servers => '1',E503,[0,0
18,Jul 18 03:51:08 <info>  [1626580268.8424] dhcp4 (eth0): option requested_rfc3442_classless_static_routes => '1',E503,[0,0
19,Jul 18 03:51:08 <info>  [1626580268.8424] dhcp4 (eth0): option requested_root_path  => '1',E503,[-827,0
20,Jul 18 03:51:08 <info>  [1626580268.8424] dhcp4 (eth0): option requested_routers    => '1',E503,[-11,0
21,Jul 18 03:51:08 <info>  [1626580268.8425] dhcp4 (eth0): option requested_static_routes => '1',E503,[0,0
22,Jul 18 03:51:08 <info>  [1626580268.8425] dhcp4 (eth0): option requested_subnet_mask => '1',E503,[0,0
23,Jul 18 03:51:08 <info>  [1626580268.8425] dhcp4 (eth0): option requested_time_offset => '1',E503,[0,0
24,Jul 18 03:51:08 <info>  [1626580268.8425] dhcp4 (eth0): option requested_wpad       => '1',E503,[0,0
25,Jul 18 03:51:08 <info>  [1626580268.8425] dhcp4 (eth0): option routers              => '172.31.16.1',E503,[0,0
26,Jul 18 03:51:08 <info>  [1626580268.8425] dhcp4 (eth0): option subnet_mask          => '255.255.240.0',E503,[0,0
27,Jul 18 03:51:08 <info>  [1626580268.8425] dhcp4 (eth0): state changed extended -> extended,E488,[0,1
28,"Jul 18 03:51:08 [system] Activating via systemd: service name='org.freedesktop.nm_dispatcher' unit='dbus-org.freedesktop.nm-dispatcher.service' requested by ':1.12' (uid=0 pid=819 comm=""/usr/sbin/NetworkManager --no-daemon "")",E497,[0,0
29,Jul 18 03:51:08 Starting Network Manager Script Dispatcher Service...,E93,[0],1
30,Jul 18 03:51:08 [system] Successfully activated service 'org.freedesktop.nm_dispatcher',E115,[0,1
31,Jul 18 03:51:08 Started Network Manager Script Dispatcher Service.,E47,[0],0
32,Jul 18 03:51:19 NetworkManager-dispatcher.service: Succeeded.,E357,[0],0
33,Jul 18 04:02:43 Starting dnf makecache...,E104,[0],1
34,Jul 18 04:02:44 Metadata cache refreshed recently.,E524,[0],0
35,Jul 18 04:02:44 dnf-makecache.service: Succeeded.,E257,[0],0
36,Jul 18 04:02:44 Started dnf makecache.,E341,[0],0
37,Jul 18 04:21:08 <info>  [1626582068.8429] dhcp4 (eth0): option dhcp_lease_time      => '3600',E503,[0,0
38,Jul 18 04:21:08 <info>  [1626582068.8430] dhcp4 (eth0): option domain_name          => 'ap-southeast-1.compute.internal',E503,[0,0
39,Jul 18 04:21:08 <info>  [1626582068.8430] dhcp4 (eth0): option domain_name_servers  => '172.31.0.2',E503,[0,0
40,Jul 18 04:21:08 <info>  [1626582068.8430] dhcp4 (eth0): option expiry               => '1626585668',E503,[0,0
41,Jul 18 04:21:08 <info>  [1626582068.8430] dhcp4 (eth0): option host_name            => 'ip-172-31-17-0',E503,[0,0
42,Jul 18 04:21:08 <info>  [1626582068.8431] dhcp4 (eth0): option interface_mtu        => '9001',E503,[0,0
43,Jul 18 04:21:08 <info>  [1626582068.8431] dhcp4 (eth0): option ip_address           => '172.31.17.0',E503,[0,0
44,Jul 18 04:21:08 <info>  [1626582068.8431] dhcp4 (eth0): option requested_broadcast_address => '1',E503,[0,0
45,Jul 18 04:21:08 <info>  [1626582068.8431] dhcp4 (eth0): option requested_domain_name => '1',E503,[0,0
46,Jul 18 04:21:08 <info>  [1626582068.8431] dhcp4 (eth0): option requested_domain_name_servers => '1',E503,[0,0
47,Jul 18 04:21:08 <info>  [1626582068.8431] dhcp4 (eth0): option requested_domain_search => '1',E503,[0,0
48,Jul 18 04:21:08 <info>  [1626582068.8431] dhcp4 (eth0): option requested_host_name  => '1',E503,[0,0
49,Jul 18 04:21:08 <info>  [1626582068.8431] dhcp4 (eth0): option requested_interface_mtu => '1',E503,[0,0
50,Jul 18 04:21:08 <info>  [1626582068.8431] dhcp4 (eth0): option requested_ms_classless_static_routes => '1',E503,[0,0
51,Jul 18 04:21:08 <info>  [1626582068.8431] dhcp4 (eth0): option requested_nis_domain => '1',E503,[-238,0
52,Jul 18 04:21:08 <info>  [1626582068.8432] dhcp4 (eth0): option requested_nis_servers => '1',E503,[0,0
53,Jul 18 04:21:08 <info>  [1626582068.8432] dhcp4 (eth0): option requested_ntp_servers => '1',E503,[0,0
54,Jul 18 04:21:08 <info>  [1626582068.8432] dhcp4 (eth0): option requested_rfc3442_classless_static_routes => '1',E503,[0,0
55,Jul 18 04:21:08 <info>  [1626582068.8432] dhcp4 (eth0): option requested_root_path  => '1',E503,[-1551,0
56,Jul 18 04:21:08 <info>  [1626582068.8432] dhcp4 (eth0): option requested_routers    => '1',E503,[-11,0
57,Jul 18 04:21:08 <info>  [1626582068.8432] dhcp4 (eth0): option requested_static_routes => '1',E503,[0,0
58,Jul 18 04:21:08 <info>  [1626582068.8432] dhcp4 (eth0): option requested_subnet_mask => '1',E503,[0,0
59,Jul 18 04:21:08 <info>  [1626582068.8432] dhcp4 (eth0): option requested_time_offset => '1',E503,[0,0
60,Jul 18 04:21:08 <info>  [1626582068.8433] dhcp4 (eth0): option requested_wpad       => '1',E503,[0,0
61,Jul 18 04:21:08 <info>  [1626582068.8433] dhcp4 (eth0): option routers              => '172.31.16.1',E503,[0,0
62,Jul 18 04:21:08 <info>  [1626582068.8433] dhcp4 (eth0): option subnet_mask          => '255.255.240.0',E503,[0,0
63,Jul 18 04:21:08 <info>  [1626582068.8433] dhcp4 (eth0): state changed extended -> extended,E488,[0,1
64,"Jul 18 04:21:08 [system] Activating via systemd: service name='org.freedesktop.nm_dispatcher' unit='dbus-org.freedesktop.nm-dispatcher.service' requested by ':1.12' (uid=0 pid=819 comm=""/usr/sbin/NetworkManager --no-daemon "")",E497,[0,0
65,Jul 18 04:21:08 Starting Network Manager Script Dispatcher Service...,E93,[0],1
66,Jul 18 04:21:08 [system] Successfully activated service 'org.freedesktop.nm_dispatcher',E115,[0,1
67,Jul 18 04:21:08 Started Network Manager Script Dispatcher Service.,E47,[0],0
68,Jul 18 04:21:19 NetworkManager-dispatcher.service: Succeeded.,E357,[0],0
69,Jul 18 04:51:08 <info>  [1626583868.8426] dhcp4 (eth0): option dhcp_lease_time      => '3600',E503,[0,0
70,Jul 18 04:51:08 <info>  [1626583868.8427] dhcp4 (eth0): option domain_name          => 'ap-southeast-1.compute.internal',E503,[0,0
71,Jul 18 04:51:08 <info>  [1626583868.8427] dhcp4 (eth0): option domain_name_servers  => '172.31.0.2',E503,[0,0
72,Jul 18 04:51:08 <info>  [1626583868.8427] dhcp4 (eth0): option expiry               => '1626587468',E503,[0,0
73,Jul 18 04:51:08 <info>  [1626583868.8427] dhcp4 (eth0): option host_name            => 'ip-172-31-17-0',E503,[0,0
74,Jul 18 04:51:08 <info>  [1626583868.8427] dhcp4 (eth0): option interface_mtu        => '9001',E503,[0,0
75,Jul 18 04:51:08 <info>  [1626583868.8427] dhcp4 (eth0): option ip_address           => '172.31.17.0',E503,[0,0
76,Jul 18 04:51:08 <info>  [1626583868.8427] dhcp4 (eth0): option requested_broadcast_address => '1',E503,[0,0
77,Jul 18 04:51:08 <info>  [1626583868.8427] dhcp4 (eth0): option requested_domain_name => '1',E503,[0,0
78,Jul 18 04:51:08 <info>  [1626583868.8428] dhcp4 (eth0): option requested_domain_name_servers => '1',E503,[0,0
79,Jul 18 04:51:08 <info>  [1626583868.8428] dhcp4 (eth0): option requested_domain_search => '1',E503,[0,0
80,Jul 18 04:51:08 <info>  [1626583868.8428] dhcp4 (eth0): option requested_host_name  => '1',E503,[0,0
81,Jul 18 04:51:08 <info>  [1626583868.8428] dhcp4 (eth0): option requested_interface_mtu => '1',E503,[0,0
82,Jul 18 04:51:08 <info>  [1626583868.8428] dhcp4 (eth0): option requested_ms_classless_static_routes => '1',E503,[0,0
83,Jul 18 04:51:08 <info>  [1626583868.8428] dhcp4 (eth0): option requested_nis_domain => '1',E503,[0,0
84,Jul 18 04:51:08 <info>  [1626583868.8428] dhcp4 (eth0): option requested_nis_servers => '1',E503,[0,0
85,Jul 18 04:51:08 <info>  [1626583868.8428] dhcp4 (eth0): option requested_ntp_servers => '1',E503,[0,0
86,Jul 18 04:51:08 <info>  [1626583868.8428] dhcp4 (eth0): option requested_rfc3442_classless_static_routes => '1',E503,[0,0
87,Jul 18 04:51:08 <info>  [1626583868.8429] dhcp4 (eth0): option requested_root_path  => '1',E503,[-1789,0
88,Jul 18 04:51:08 <info>  [1626583868.8429] dhcp4 (eth0): option requested_routers    => '1',E503,[-11,0
89,Jul 18 04:51:08 <info>  [1626583868.8429] dhcp4 (eth0): option requested_static_routes => '1',E503,[0,0
90,Jul 18 04:51:08 <info>  [1626583868.8429] dhcp4 (eth0): option requested_subnet_mask => '1',E503,[0,0
91,Jul 18 04:51:08 <info>  [1626583868.8429] dhcp4 (eth0): option requested_time_offset => '1',E503,[0,0
92,Jul 18 04:51:08 <info>  [1626583868.8429] dhcp4 (eth0): option requested_wpad       => '1',E503,[0,0
93,Jul 18 04:51:08 <info>  [1626583868.8429] dhcp4 (eth0): option routers              => '172.31.16.1',E503,[0,0
94,Jul 18 04:51:08 <info>  [1626583868.8429] dhcp4 (eth0): option subnet_mask          => '255.255.240.0',E503,[0,0
95,Jul 18 04:51:08 <info>  [1626583868.8429] dhcp4 (eth0): state changed extended -> extended,E488,[0,1
96,"Jul 18 04:51:08 [system] Activating via systemd: service name='org.freedesktop.nm_dispatcher' unit='dbus-org.freedesktop.nm-dispatcher.service' requested by ':1.12' (uid=0 pid=819 comm=""/usr/sbin/NetworkManager --no-daemon "")",E497,[0,0
97,Jul 18 04:51:08 Starting Network Manager Script Dispatcher Service...,E93,[0],1
98,Jul 18 04:51:08 [system] Successfully activated service 'org.freedesktop.nm_dispatcher',E115,[0,1
99,Jul 18 04:51:08 Started Network Manager Script Dispatcher Service.,E47,[0],0
100,Jul 18 04:51:19 NetworkManager-dispatcher.service: Succeeded.,E357,[0],0
101,Jul 18 05:03:43 Starting dnf makecache...,E104,[0],1
102,Jul 18 05:03:44 gravwell                                        4.2 kB/s | 2.9 kB     00:00,E478,[0,0
103,Jul 18 05:03:45 CentOS Linux 8 - AppStream                      9.7 kB/s | 4.3 kB     00:00,E206,[0,1
104,Jul 18 05:03:45 CentOS Linux 8 - BaseOS                          12 kB/s | 3.9 kB     00:00,E206,[0,1
105,Jul 18 05:03:46 CentOS Linux 8 - Extras                         3.4 kB/s | 1.5 kB     00:00,E206,[0,1
106,Jul 18 05:03:47 Extra Packages for Enterprise Linux Modular 8 -  38 kB/s |  61 kB     00:01,E409,[0,0
107,Jul 18 05:03:48 Extra Packages for Enterprise Linux 8 - x86_64   34 kB/s |  34 kB     00:00,E619,[0,0
108,Jul 18 05:03:52 Extra Packages for Enterprise Linux 8 - x86_64  2.8 MB/s |  10 MB     00:03,E619,[0,0
109,Jul 18 05:03:55 Kibana repository for 7.x packages               76 kB/s | 1.3 kB     00:00,E161,[0,1
110,Jul 18 05:03:56 Remi's Modular repository for Enterprise Linux  4.6 kB/s | 3.5 kB     00:00,E162,[0,0
111,Jul 18 05:03:57 Safe Remi's RPM repository for Enterprise Linux 4.6 kB/s | 3.0 kB     00:00,E172,[0,0
112,Jul 18 05:03:57 EL- - Wazuh                                     188 kB/s | 3.4 kB     00:00,E14,[0,0
113,Jul 18 05:03:58 Metadata cache created.,E641,[0],0
114,Jul 18 05:03:58 dnf-makecache.service: Succeeded.,E257,[0],0
115,Jul 18 05:03:58 Started dnf makecache.,E341,[0],0
116,Jul 18 05:21:08 <info>  [1626585668.8425] dhcp4 (eth0): option dhcp_lease_time      => '3600',E503,[0,0
117,Jul 18 05:21:08 <info>  [1626585668.8425] dhcp4 (eth0): option domain_name          => 'ap-southeast-1.compute.internal',E503,[0,0
118,Jul 18 05:21:08 <info>  [1626585668.8425] dhcp4 (eth0): option domain_name_servers  => '172.31.0.2',E503,[0,0
119,Jul 18 05:21:08 <info>  [1626585668.8426] dhcp4 (eth0): option expiry               => '1626589268',E503,[-250,0
120,Jul 18 05:21:08 <info>  [1626585668.8426] dhcp4 (eth0): option host_name            => 'ip-172-31-17-0',E503,[0,0
121,Jul 18 05:21:08 <info>  [1626585668.8426] dhcp4 (eth0): option interface_mtu        => '9001',E503,[0,0
122,Jul 18 05:21:08 <info>  [1626585668.8426] dhcp4 (eth0): option ip_address           => '172.31.17.0',E503,[0,0
123,Jul 18 05:21:08 <info>  [1626585668.8426] dhcp4 (eth0): option requested_broadcast_address => '1',E503,[0,0
124,Jul 18 05:21:08 <info>  [1626585668.8426] dhcp4 (eth0): option requested_domain_name => '1',E503,[-1,0
125,Jul 18 05:21:08 <info>  [1626585668.8426] dhcp4 (eth0): option requested_domain_name_servers => '1',E503,[-1,0
126,Jul 18 05:21:08 <info>  [1626585668.8426] dhcp4 (eth0): option requested_domain_search => '1',E503,[0,0
127,Jul 18 05:21:08 <info>  [1626585668.8426] dhcp4 (eth0): option requested_host_name  => '1',E503,[-1,0
128,Jul 18 05:21:08 <info>  [1626585668.8427] dhcp4 (eth0): option requested_interface_mtu => '1',E503,[-2,0
129,Jul 18 05:21:08 <info>  [1626585668.8427] dhcp4 (eth0): option requested_ms_classless_static_routes => '1',E503,[0,0
130,Jul 18 05:21:08 <info>  [1626585668.8427] dhcp4 (eth0): option requested_nis_domain => '1',E503,[-2,0
131,Jul 18 05:21:08 <info>  [1626585668.8427] dhcp4 (eth0): option requested_nis_servers => '1',E503,[-1,0
132,Jul 18 05:21:08 <info>  [1626585668.8427] dhcp4 (eth0): option requested_ntp_servers => '1',E503,[-1,0
133,Jul 18 05:21:08 <info>  [1626585668.8427] dhcp4 (eth0): option requested_rfc3442_classless_static_routes => '1',E503,[-1530,0
134,Jul 18 05:21:08 <info>  [1626585668.8427] dhcp4 (eth0): option requested_root_path  => '1',E503,[-11,0
135,Jul 18 05:21:08 <info>  [1626585668.8427] dhcp4 (eth0): option requested_routers    => '1',E503,[0,0
136,Jul 18 05:21:08 <info>  [1626585668.8427] dhcp4 (eth0): option requested_static_routes => '1',E503,[0,0
137,Jul 18 05:21:08 <info>  [1626585668.8428] dhcp4 (eth0): option requested_subnet_mask => '1',E503,[0,0
138,Jul 18 05:21:08 <info>  [1626585668.8428] dhcp4 (eth0): option requested_time_offset => '1',E503,[0,0
139,Jul 18 05:21:08 <info>  [1626585668.8428] dhcp4 (eth0): option requested_wpad       => '1',E503,[0,0
140,Jul 18 05:21:08 <info>  [1626585668.8428] dhcp4 (eth0): option routers              => '172.31.16.1',E503,[0,0
141,Jul 18 05:21:08 <info>  [1626585668.8428] dhcp4 (eth0): option subnet_mask          => '255.255.240.0',E503,[0,0
142,Jul 18 05:21:08 <info>  [1626585668.8428] dhcp4 (eth0): state changed extended -> extended,E488,[0,1
143,"Jul 18 05:21:08 [system] Activating via systemd: service name='org.freedesktop.nm_dispatcher' unit='dbus-org.freedesktop.nm-dispatcher.service' requested by ':1.12' (uid=0 pid=819 comm=""/usr/sbin/NetworkManager --no-daemon "")",E497,[0,0
144,Jul 18 05:21:08 Starting Network Manager Script Dispatcher Service...,E93,[0],1
145,Jul 18 05:21:08 [system] Successfully activated service 'org.freedesktop.nm_dispatcher',E115,[0,1
146,Jul 18 05:21:08 Started Network Manager Script Dispatcher Service.,E47,[0],0
147,Jul 18 05:21:19 NetworkManager-dispatcher.service: Succeeded.,E357,[0],0
148,Jul 18 05:51:08 <info>  [1626587468.8431] dhcp4 (eth0): option dhcp_lease_time      => '3600',E503,[0,0
149,Jul 18 05:51:08 <info>  [1626587468.8431] dhcp4 (eth0): option domain_name          => 'ap-southeast-1.compute.internal',E503,[0,0
150,Jul 18 05:51:08 <info>  [1626587468.8431] dhcp4 (eth0): option domain_name_servers  => '172.31.0.2',E503,[0,0
151,Jul 18 05:51:08 <info>  [1626587468.8432] dhcp4 (eth0): option expiry               => '1626591068',E503,[0,0
152,Jul 18 05:51:08 <info>  [1626587468.8432] dhcp4 (eth0): option host_name            => 'ip-172-31-17-0',E503,[0,0
153,Jul 18 05:51:08 <info>  [1626587468.8432] dhcp4 (eth0): option interface_mtu        => '9001',E503,[0,0
154,Jul 18 05:51:08 <info>  [1626587468.8432] dhcp4 (eth0): option ip_address           => '172.31.17.0',E503,[0,0
155,Jul 18 05:51:08 <info>  [1626587468.8432] dhcp4 (eth0): option requested_broadcast_address => '1',E503,[0,0
156,Jul 18 05:51:08 <info>  [1626587468.8432] dhcp4 (eth0): option requested_domain_name => '1',E503,[0,0
157,Jul 18 05:51:08 <info>  [1626587468.8432] dhcp4 (eth0): option requested_domain_name_servers => '1',E503,[0,0
158,Jul 18 05:51:08 <info>  [1626587468.8432] dhcp4 (eth0): option requested_domain_search => '1',E503,[0,0
159,Jul 18 05:51:08 <info>  [1626587468.8432] dhcp4 (eth0): option requested_host_name  => '1',E503,[0,0
160,Jul 18 05:51:08 <info>  [1626587468.8432] dhcp4 (eth0): option requested_interface_mtu => '1',E503,[0,0
161,Jul 18 05:51:08 <info>  [1626587468.8433] dhcp4 (eth0): option requested_ms_classless_static_routes => '1',E503,[0,0
162,Jul 18 05:51:08 <info>  [1626587468.8433] dhcp4 (eth0): option requested_nis_domain => '1',E503,[0,0
163,Jul 18 05:51:08 <info>  [1626587468.8433] dhcp4 (eth0): option requested_nis_servers => '1',E503,[0,0
164,Jul 18 05:51:08 <info>  [1626587468.8433] dhcp4 (eth0): option requested_ntp_servers => '1',E503,[0,0
165,Jul 18 05:51:08 <info>  [1626587468.8433] dhcp4 (eth0): option requested_rfc3442_classless_static_routes => '1',E503,[-1789,0
166,Jul 18 05:51:08 <info>  [1626587468.8434] dhcp4 (eth0): option requested_root_path  => '1',E503,[-11,0
167,Jul 18 05:51:08 <info>  [1626587468.8434] dhcp4 (eth0): option requested_routers    => '1',E503,[0,0
168,Jul 18 05:51:08 <info>  [1626587468.8434] dhcp4 (eth0): option requested_static_routes => '1',E503,[0,0
169,Jul 18 05:51:08 <info>  [1626587468.8434] dhcp4 (eth0): option requested_subnet_mask => '1',E503,[0,0
170,Jul 18 05:51:08 <info>  [1626587468.8434] dhcp4 (eth0): option requested_time_offset => '1',E503,[0,0
171,Jul 18 05:51:08 <info>  [1626587468.8434] dhcp4 (eth0): option requested_wpad       => '1',E503,[0,0
172,Jul 18 05:51:08 <info>  [1626587468.8434] dhcp4 (eth0): option routers              => '172.31.16.1',E503,[0,0
173,Jul 18 05:51:08 <info>  [1626587468.8434] dhcp4 (eth0): option subnet_mask          => '255.255.240.0',E503,[0,0
174,Jul 18 05:51:08 <info>  [1626587468.8434] dhcp4 (eth0): state changed extended -> extended,E488,[0,1
175,"Jul 18 05:51:08 [system] Activating via systemd: service name='org.freedesktop.nm_dispatcher' unit='dbus-org.freedesktop.nm-dispatcher.service' requested by ':1.12' (uid=0 pid=819 comm=""/usr/sbin/NetworkManager --no-daemon "")",E497,[0,0
176,Jul 18 05:51:08 Starting Network Manager Script Dispatcher Service...,E93,[0],1
177,Jul 18 05:51:08 [system] Successfully activated service 'org.freedesktop.nm_dispatcher',E115,[0,1
178,Jul 18 05:51:08 Started Network Manager Script Dispatcher Service.,E47,[0],0
179,Jul 18 05:51:19 NetworkManager-dispatcher.service: Succeeded.,E357,[0],0
180,Jul 18 06:04:43 Starting dnf makecache...,E104,[0],1
181,Jul 18 06:04:44 Metadata cache refreshed recently.,E524,[0],0
182,Jul 18 06:04:44 dnf-makecache.service: Succeeded.,E257,[0],0
183,Jul 18 06:04:44 Started dnf makecache.,E341,[0],0
184,Jul 18 06:21:08 <info>  [1626589268.8435] dhcp4 (eth0): option dhcp_lease_time      => '3600',E503,[0,0
185,Jul 18 06:21:08 <info>  [1626589268.8435] dhcp4 (eth0): option domain_name          => 'ap-southeast-1.compute.internal',E503,[0,0
186,Jul 18 06:21:08 <info>  [1626589268.8435] dhcp4 (eth0): option domain_name_servers  => '172.31.0.2',E503,[0,0
187,Jul 18 06:21:08 <info>  [1626589268.8436] dhcp4 (eth0): option expiry               => '1626592868',E503,[0,0
188,Jul 18 06:21:08 <info>  [1626589268.8436] dhcp4 (eth0): option host_name            => 'ip-172-31-17-0',E503,[0,0
189,Jul 18 06:21:08 <info>  [1626589268.8436] dhcp4 (eth0): option interface_mtu        => '9001',E503,[0,0
190,Jul 18 06:21:08 <info>  [1626589268.8436] dhcp4 (eth0): option ip_address           => '172.31.17.0',E503,[0,0
191,Jul 18 06:21:08 <info>  [1626589268.8436] dhcp4 (eth0): option requested_broadcast_address => '1',E503,[0,0
192,Jul 18 06:21:08 <info>  [1626589268.8436] dhcp4 (eth0): option requested_domain_name => '1',E503,[0,0
193,Jul 18 06:21:08 <info>  [1626589268.8436] dhcp4 (eth0): option requested_domain_name_servers => '1',E503,[0,0
194,Jul 18 06:21:08 <info>  [1626589268.8436] dhcp4 (eth0): option requested_domain_search => '1',E503,[0,0
195,Jul 18 06:21:08 <info>  [1626589268.8436] dhcp4 (eth0): option requested_host_name  => '1',E503,[0,0
196,Jul 18 06:21:08 <info>  [1626589268.8437] dhcp4 (eth0): option requested_interface_mtu => '1',E503,[0,0
197,Jul 18 06:21:08 <info>  [1626589268.8437] dhcp4 (eth0): option requested_ms_classless_static_routes => '1',E503,[-298,0
198,Jul 18 06:21:08 <info>  [1626589268.8437] dhcp4 (eth0): option requested_nis_domain => '1',E503,[0,0
199,Jul 18 06:21:08 <info>  [1626589268.8437] dhcp4 (eth0): option requested_nis_servers => '1',E503,[0,0
200,Jul 18 06:21:08 <info>  [1626589268.8437] dhcp4 (eth0): option requested_ntp_servers => '1',E503,[0,0
201,Jul 18 06:21:08 <info>  [1626589268.8437] dhcp4 (eth0): option requested_rfc3442_classless_static_routes => '1',E503,[-540,0
202,Jul 18 06:21:08 <info>  [1626589268.8437] dhcp4 (eth0): option requested_root_path  => '1',E503,[0,0
203,Jul 18 06:21:08 <info>  [1626589268.8437] dhcp4 (eth0): option requested_routers    => '1',E503,[0,0
204,Jul 18 06:21:08 <info>  [1626589268.8438] dhcp4 (eth0): option requested_static_routes => '1',E503,[-951,0
205,Jul 18 06:21:08 <info>  [1626589268.8438] dhcp4 (eth0): option requested_subnet_mask => '1',E503,[-11,0
206,Jul 18 06:21:08 <info>  [1626589268.8438] dhcp4 (eth0): option requested_time_offset => '1',E503,[0,0
207,Jul 18 06:21:08 <info>  [1626589268.8438] dhcp4 (eth0): option requested_wpad       => '1',E503,[0,0
208,Jul 18 06:21:08 <info>  [1626589268.8438] dhcp4 (eth0): option routers              => '172.31.16.1',E503,[0,0
209,Jul 18 06:21:08 <info>  [1626589268.8438] dhcp4 (eth0): option subnet_mask          => '255.255.240.0',E503,[0,0
210,Jul 18 06:21:08 <info>  [1626589268.8438] dhcp4 (eth0): state changed extended -> extended,E488,[0,1
211,"Jul 18 06:21:08 [system] Activating via systemd: service name='org.freedesktop.nm_dispatcher' unit='dbus-org.freedesktop.nm-dispatcher.service' requested by ':1.12' (uid=0 pid=819 comm=""/usr/sbin/NetworkManager --no-daemon "")",E497,[0,0
212,Jul 18 06:21:08 Starting Network Manager Script Dispatcher Service...,E93,[0],1
213,Jul 18 06:21:08 [system] Successfully activated service 'org.freedesktop.nm_dispatcher',E115,[0,1
214,Jul 18 06:21:08 Started Network Manager Script Dispatcher Service.,E47,[0],0
215,Jul 18 06:21:19 NetworkManager-dispatcher.service: Succeeded.,E357,[0],0
216,Jul 18 06:51:08 <info>  [1626591068.8430] dhcp4 (eth0): option dhcp_lease_time      => '3600',E503,[0,0
217,Jul 18 06:51:08 <info>  [1626591068.8430] dhcp4 (eth0): option domain_name          => 'ap-southeast-1.compute.internal',E503,[0,0
218,Jul 18 06:51:08 <info>  [1626591068.8431] dhcp4 (eth0): option domain_name_servers  => '172.31.0.2',E503,[0,0
219,Jul 18 06:51:08 <info>  [1626591068.8431] dhcp4 (eth0): option expiry               => '1626594668',E503,[0,0
220,Jul 18 06:51:08 <info>  [1626591068.8431] dhcp4 (eth0): option host_name            => 'ip-172-31-17-0',E503,[0,0
221,Jul 18 06:51:08 <info>  [1626591068.8431] dhcp4 (eth0): option interface_mtu        => '9001',E503,[0,0
222,Jul 18 06:51:08 <info>  [1626591068.8431] dhcp4 (eth0): option ip_address           => '172.31.17.0',E503,[0,0
223,Jul 18 06:51:08 <info>  [1626591068.8431] dhcp4 (eth0): option requested_broadcast_address => '1',E503,[0,0
224,Jul 18 06:51:08 <info>  [1626591068.8431] dhcp4 (eth0): option requested_domain_name => '1',E503,[0,0
225,Jul 18 06:51:08 <info>  [1626591068.8431] dhcp4 (eth0): option requested_domain_name_servers => '1',E503,[0,0
226,Jul 18 06:51:08 <info>  [1626591068.8432] dhcp4 (eth0): option requested_domain_search => '1',E503,[0,0
227,Jul 18 06:51:08 <info>  [1626591068.8432] dhcp4 (eth0): option requested_host_name  => '1',E503,[0,0
228,Jul 18 06:51:08 <info>  [1626591068.8432] dhcp4 (eth0): option requested_interface_mtu => '1',E503,[0,0
229,Jul 18 06:51:08 <info>  [1626591068.8432] dhcp4 (eth0): option requested_ms_classless_static_routes => '1',E503,[0,0
230,Jul 18 06:51:08 <info>  [1626591068.8432] dhcp4 (eth0): option requested_nis_domain => '1',E503,[0,0
231,Jul 18 06:51:08 <info>  [1626591068.8432] dhcp4 (eth0): option requested_nis_servers => '1',E503,[0,0
232,Jul 18 06:51:08 <info>  [1626591068.8432] dhcp4 (eth0): option requested_ntp_servers => '1',E503,[0,0
233,Jul 18 06:51:08 <info>  [1626591068.8432] dhcp4 (eth0): option requested_rfc3442_classless_static_routes => '1',E503,[0,0
234,Jul 18 06:51:08 <info>  [1626591068.8432] dhcp4 (eth0): option requested_root_path  => '1',E503,[0,0
235,Jul 18 06:51:08 <info>  [1626591068.8432] dhcp4 (eth0): option requested_routers    => '1',E503,[0,0
236,Jul 18 06:51:08 <info>  [1626591068.8433] dhcp4 (eth0): option requested_static_routes => '1',E503,[-1789,0
237,Jul 18 06:51:08 <info>  [1626591068.8433] dhcp4 (eth0): option requested_subnet_mask => '1',E503,[-11,0
238,Jul 18 06:51:08 <info>  [1626591068.8433] dhcp4 (eth0): option requested_time_offset => '1',E503,[0,0
239,Jul 18 06:51:08 <info>  [1626591068.8433] dhcp4 (eth0): option requested_wpad       => '1',E503,[0,0
240,Jul 18 06:51:08 <info>  [1626591068.8433] dhcp4 (eth0): option routers              => '172.31.16.1',E503,[0,0
241,Jul 18 06:51:08 <info>  [1626591068.8433] dhcp4 (eth0): option subnet_mask          => '255.255.240.0',E503,[0,0
242,Jul 18 06:51:08 <info>  [1626591068.8433] dhcp4 (eth0): state changed extended -> extended,E488,[0,1
243,"Jul 18 06:51:08 [system] Activating via systemd: service name='org.freedesktop.nm_dispatcher' unit='dbus-org.freedesktop.nm-dispatcher.service' requested by ':1.12' (uid=0 pid=819 comm=""/usr/sbin/NetworkManager --no-daemon "")",E497,[0,0
244,Jul 18 06:51:08 Starting Network Manager Script Dispatcher Service...,E93,[0],1
245,Jul 18 06:51:08 [system] Successfully activated service 'org.freedesktop.nm_dispatcher',E115,[0,1
246,Jul 18 06:51:08 Started Network Manager Script Dispatcher Service.,E47,[0],0
247,Jul 18 06:51:19 NetworkManager-dispatcher.service: Succeeded.,E357,[0],0
248,Jul 18 07:05:43 Starting dnf makecache...,E104,[0],1
249,Jul 18 07:05:44 Metadata cache refreshed recently.,E524,[0],0
250,Jul 18 07:05:44 dnf-makecache.service: Succeeded.,E257,[0],0
251,Jul 18 07:05:44 Started dnf makecache.,E341,[0],0
252,Jul 18 07:07:52 Created slice system-user\x2druntime\x2ddir.slice.,E130,[0,0
253,Jul 18 07:07:52 Started /run/user/1000 mount wrapper.,E581,[0],0
254,Jul 18 07:07:52 Created slice User Slice of UID 1000.,E570,[0],1
255,Jul 18 07:07:53 Starting User Manager for UID 1000...,E299,[0],0
256,Jul 18 07:07:53 Started Session 1 of user centos.,E554,[0,1
257,Jul 18 07:07:53 New session 1 of user centos.,E412,[0,1
258,Jul 18 07:07:53 Started Mark boot as successful after the user session has run 2 minutes.,E646,[0],0
259,Jul 18 07:07:53 Starting D-Bus User Message Bus Socket.,E608,[0],0
260,Jul 18 07:07:53 Reached target Paths.,E565,[0,0
261,Jul 18 07:07:53 Reached target Timers.,E565,[0,0
262,Jul 18 07:07:53 Listening on D-Bus User Message Bus Socket.,E196,[0,1
263,Jul 18 07:07:53 Reached target Sockets.,E565,[0,0
264,Jul 18 07:07:53 Reached target Basic System.,E417,[0,0
265,Jul 18 07:07:53 Reached target Default.,E565,[0,0
266,Jul 18 07:07:53 Startup finished in 36ms.,E157,[0,1
267,Jul 18 07:07:53 Started User Manager for UID 1000.,E314,[0],0
268,Jul 18 07:10:43 Starting Mark boot as successful...,E473,[-358],0
269,Jul 18 07:10:43 grub-boot-success.service: Succeeded.,E401,[0],1
270,Jul 18 07:10:43 Started Mark boot as successful.,E242,[0],0
271,Jul 18 07:21:08 <info>  [1626592868.8432] dhcp4 (eth0): option dhcp_lease_time      => '3600',E503,[0,0
272,Jul 18 07:21:08 <info>  [1626592868.8433] dhcp4 (eth0): option domain_name          => 'ap-southeast-1.compute.internal',E503,[-1431,0
273,Jul 18 07:21:08 <info>  [1626592868.8433] dhcp4 (eth0): option domain_name_servers  => '172.31.0.2',E503,[-11,0
274,Jul 18 07:21:08 <info>  [1626592868.8433] dhcp4 (eth0): option expiry               => '1626596468',E503,[0,0
275,Jul 18 07:21:08 <info>  [1626592868.8433] dhcp4 (eth0): option host_name            => 'ip-172-31-17-0',E503,[0,0
276,Jul 18 07:21:08 <info>  [1626592868.8433] dhcp4 (eth0): option interface_mtu        => '9001',E503,[0,0
277,Jul 18 07:21:08 <info>  [1626592868.8434] dhcp4 (eth0): option ip_address           => '172.31.17.0',E503,[0,0
278,Jul 18 07:21:08 <info>  [1626592868.8434] dhcp4 (eth0): option requested_broadcast_address => '1',E503,[0,0
279,Jul 18 07:21:08 <info>  [1626592868.8434] dhcp4 (eth0): option requested_domain_name => '1',E503,[0,0
280,Jul 18 07:21:08 <info>  [1626592868.8434] dhcp4 (eth0): option requested_domain_name_servers => '1',E503,[0,0
281,Jul 18 07:21:08 <info>  [1626592868.8434] dhcp4 (eth0): option requested_domain_search => '1',E503,[0,0
282,Jul 18 07:21:08 <info>  [1626592868.8434] dhcp4 (eth0): option requested_host_name  => '1',E503,[0,0
283,Jul 18 07:21:08 <info>  [1626592868.8434] dhcp4 (eth0): option requested_interface_mtu => '1',E503,[0,0
284,Jul 18 07:21:08 <info>  [1626592868.8434] dhcp4 (eth0): option requested_ms_classless_static_routes => '1',E503,[0,0
285,Jul 18 07:21:08 <info>  [1626592868.8434] dhcp4 (eth0): option requested_nis_domain => '1',E503,[0,0
286,Jul 18 07:21:08 <info>  [1626592868.8434] dhcp4 (eth0): option requested_nis_servers => '1',E503,[0,0
287,Jul 18 07:21:08 <info>  [1626592868.8435] dhcp4 (eth0): option requested_ntp_servers => '1',E503,[0,0
288,Jul 18 07:21:08 <info>  [1626592868.8435] dhcp4 (eth0): option requested_rfc3442_classless_static_routes => '1',E503,[0,0
289,Jul 18 07:21:08 <info>  [1626592868.8435] dhcp4 (eth0): option requested_root_path  => '1',E503,[0,0
290,Jul 18 07:21:08 <info>  [1626592868.8435] dhcp4 (eth0): option requested_routers    => '1',E503,[0,0
291,Jul 18 07:21:08 <info>  [1626592868.8435] dhcp4 (eth0): option requested_static_routes => '1',E503,[0,0
292,Jul 18 07:21:08 <info>  [1626592868.8435] dhcp4 (eth0): option requested_subnet_mask => '1',E503,[0,0
293,Jul 18 07:21:08 <info>  [1626592868.8435] dhcp4 (eth0): option requested_time_offset => '1',E503,[0,0
294,Jul 18 07:21:08 <info>  [1626592868.8435] dhcp4 (eth0): option requested_wpad       => '1',E503,[0,0
295,Jul 18 07:21:08 <info>  [1626592868.8435] dhcp4 (eth0): option routers              => '172.31.16.1',E503,[0,0
296,Jul 18 07:21:08 <info>  [1626592868.8436] dhcp4 (eth0): option subnet_mask          => '255.255.240.0',E503,[0,0
297,Jul 18 07:21:08 <info>  [1626592868.8436] dhcp4 (eth0): state changed extended -> extended,E488,[0,1
298,"Jul 18 07:21:08 [system] Activating via systemd: service name='org.freedesktop.nm_dispatcher' unit='dbus-org.freedesktop.nm-dispatcher.service' requested by ':1.12' (uid=0 pid=819 comm=""/usr/sbin/NetworkManager --no-daemon "")",E497,[0,0
299,Jul 18 07:21:08 Starting Network Manager Script Dispatcher Service...,E93,[0],1
300,Jul 18 07:21:08 [system] Successfully activated service 'org.freedesktop.nm_dispatcher',E115,[0,1
301,Jul 18 07:21:08 Started Network Manager Script Dispatcher Service.,E47,[0],0
302,Jul 18 07:21:19 NetworkManager-dispatcher.service: Succeeded.,E357,[0],0
303,Jul 18 07:51:08 <info>  [1626594668.8433] dhcp4 (eth0): option dhcp_lease_time      => '3600',E503,[0,0
304,Jul 18 07:51:08 <info>  [1626594668.8434] dhcp4 (eth0): option domain_name          => 'ap-southeast-1.compute.internal',E503,[-1613,0
305,Jul 18 07:51:08 <info>  [1626594668.8434] dhcp4 (eth0): option domain_name_servers  => '172.31.0.2',E503,[0,0
306,Jul 18 07:51:08 <info>  [1626594668.8435] dhcp4 (eth0): option expiry               => '1626598268',E503,[0,0
307,Jul 18 07:51:08 <info>  [1626594668.8435] dhcp4 (eth0): option host_name            => 'ip-172-31-17-0',E503,[0,0
308,Jul 18 07:51:08 <info>  [1626594668.8435] dhcp4 (eth0): option interface_mtu        => '9001',E503,[0,0
309,Jul 18 07:51:08 <info>  [1626594668.8435] dhcp4 (eth0): option ip_address           => '172.31.17.0',E503,[0,0
310,Jul 18 07:51:08 <info>  [1626594668.8435] dhcp4 (eth0): option requested_broadcast_address => '1',E503,[0,0
311,Jul 18 07:51:08 <info>  [1626594668.8435] dhcp4 (eth0): option requested_domain_name => '1',E503,[0,0
312,Jul 18 07:51:08 <info>  [1626594668.8435] dhcp4 (eth0): option requested_domain_name_servers => '1',E503,[0,0
313,Jul 18 07:51:08 <info>  [1626594668.8435] dhcp4 (eth0): option requested_domain_search => '1',E503,[0,0
314,Jul 18 07:51:08 <info>  [1626594668.8435] dhcp4 (eth0): option requested_host_name  => '1',E503,[0,0
315,Jul 18 07:51:08 <info>  [1626594668.8436] dhcp4 (eth0): option requested_interface_mtu => '1',E503,[0,0
316,Jul 18 07:51:08 <info>  [1626594668.8436] dhcp4 (eth0): option requested_ms_classless_static_routes => '1',E503,[0,0
317,Jul 18 07:51:08 <info>  [1626594668.8436] dhcp4 (eth0): option requested_nis_domain => '1',E503,[0,0
318,Jul 18 07:51:08 <info>  [1626594668.8436] dhcp4 (eth0): option requested_nis_servers => '1',E503,[0,0
319,Jul 18 07:51:08 <info>  [1626594668.8436] dhcp4 (eth0): option requested_ntp_servers => '1',E503,[0,0
320,Jul 18 07:51:08 <info>  [1626594668.8436] dhcp4 (eth0): option requested_rfc3442_classless_static_routes => '1',E503,[0,0
321,Jul 18 07:51:08 <info>  [1626594668.8436] dhcp4 (eth0): option requested_root_path  => '1',E503,[0,0
322,Jul 18 07:51:08 <info>  [1626594668.8436] dhcp4 (eth0): option requested_routers    => '1',E503,[0,0
323,Jul 18 07:51:08 <info>  [1626594668.8436] dhcp4 (eth0): option requested_static_routes => '1',E503,[0,0
324,Jul 18 07:51:08 <info>  [1626594668.8437] dhcp4 (eth0): option requested_subnet_mask => '1',E503,[0,0
325,Jul 18 07:51:08 <info>  [1626594668.8437] dhcp4 (eth0): option requested_time_offset => '1',E503,[0,0
326,Jul 18 07:51:08 <info>  [1626594668.8437] dhcp4 (eth0): option requested_wpad       => '1',E503,[-176,0
327,Jul 18 07:51:08 <info>  [1626594668.8437] dhcp4 (eth0): option routers              => '172.31.16.1',E503,[-11,0
328,Jul 18 07:51:08 <info>  [1626594668.8437] dhcp4 (eth0): option subnet_mask          => '255.255.240.0',E503,[0,0
329,Jul 18 07:51:08 <info>  [1626594668.8437] dhcp4 (eth0): state changed extended -> extended,E488,[0,1
330,"Jul 18 07:51:08 [system] Activating via systemd: service name='org.freedesktop.nm_dispatcher' unit='dbus-org.freedesktop.nm-dispatcher.service' requested by ':1.12' (uid=0 pid=819 comm=""/usr/sbin/NetworkManager --no-daemon "")",E497,[0,0
331,Jul 18 07:51:08 Starting Network Manager Script Dispatcher Service...,E93,[0],1
332,Jul 18 07:51:08 [system] Successfully activated service 'org.freedesktop.nm_dispatcher',E115,[0,1
333,Jul 18 07:51:08 Started Network Manager Script Dispatcher Service.,E47,[0],0
334,Jul 18 07:51:19 NetworkManager-dispatcher.service: Succeeded.,E357,[0],0
335,Jul 18 08:06:43 Starting dnf makecache...,E104,[0],1
336,Jul 18 08:06:44 gravwell                                        4.1 kB/s | 2.9 kB     00:00,E478,[0,0
337,Jul 18 08:06:45 CentOS Linux 8 - AppStream                      8.6 kB/s | 4.3 kB     00:00,E206,[0,1
338,Jul 18 08:06:45 CentOS Linux 8 - BaseOS                         7.6 kB/s | 3.9 kB     00:00,E206,[0,1
339,Jul 18 08:06:46 CentOS Linux 8 - Extras                         3.7 kB/s | 1.5 kB     00:00,E206,[0,1
340,Jul 18 08:06:47 Extra Packages for Enterprise Linux Modular 8 -  41 kB/s |  61 kB     00:01,E409,[0,0
341,Jul 18 08:06:48 Extra Packages for Enterprise Linux 8 - x86_64   42 kB/s |  32 kB     00:00,E619,[0,0
342,Jul 18 08:06:48 Kibana repository for 7.x packages               68 kB/s | 1.3 kB     00:00,E161,[0,1
343,Jul 18 08:06:49 Remi's Modular repository for Enterprise Linux  4.7 kB/s | 3.5 kB     00:00,E162,[0,0
344,Jul 18 08:06:51 Remi's Modular repository for Enterprise Linux  450 kB/s | 765 kB     00:01,E162,[0,0
345,Jul 18 08:06:52 Safe Remi's RPM repository for Enterprise Linux 4.8 kB/s | 3.0 kB     00:00,E172,[0,0
346,Jul 18 08:06:53 Safe Remi's RPM repository for Enterprise Linux 1.0 MB/s | 1.9 MB     00:01,E172,[0,0
347,Jul 18 08:06:54 EL- - Wazuh                                     169 kB/s | 3.4 kB     00:00,E14,[0,0
348,Jul 18 08:06:55 Metadata cache created.,E641,[0],0
349,Jul 18 08:06:55 dnf-makecache.service: Succeeded.,E257,[0],0
350,Jul 18 08:06:55 Started dnf makecache.,E341,[0],0
351,Jul 18 08:21:08 <info>  [1626596468.8434] dhcp4 (eth0): option dhcp_lease_time      => '3600',E503,[0,0
352,Jul 18 08:21:08 <info>  [1626596468.8436] dhcp4 (eth0): option domain_name          => 'ap-southeast-1.compute.internal',E503,[0,0
353,Jul 18 08:21:08 <info>  [1626596468.8436] dhcp4 (eth0): option domain_name_servers  => '172.31.0.2',E503,[0,0
354,Jul 18 08:21:08 <info>  [1626596468.8436] dhcp4 (eth0): option expiry               => '1626600068',E503,[0,0
355,Jul 18 08:21:08 <info>  [1626596468.8436] dhcp4 (eth0): option host_name            => 'ip-172-31-17-0',E503,[0,0
356,Jul 18 08:21:08 <info>  [1626596468.8436] dhcp4 (eth0): option interface_mtu        => '9001',E503,[0,0
357,Jul 18 08:21:08 <info>  [1626596468.8436] dhcp4 (eth0): option ip_address           => '172.31.17.0',E503,[0,0
358,Jul 18 08:21:08 <info>  [1626596468.8437] dhcp4 (eth0): option requested_broadcast_address => '1',E503,[-362,0
359,Jul 18 08:21:08 <info>  [1626596468.8437] dhcp4 (eth0): option requested_domain_name => '1',E503,[0,0
360,Jul 18 08:21:08 <info>  [1626596468.8437] dhcp4 (eth0): option requested_domain_name_servers => '1',E503,[0,0
361,Jul 18 08:21:08 <info>  [1626596468.8437] dhcp4 (eth0): option requested_domain_search => '1',E503,[-1,0
362,Jul 18 08:21:08 <info>  [1626596468.8437] dhcp4 (eth0): option requested_host_name  => '1',E503,[0,0
363,Jul 18 08:21:08 <info>  [1626596468.8437] dhcp4 (eth0): option requested_interface_mtu => '1',E503,[-1,0
364,Jul 18 08:21:08 <info>  [1626596468.8437] dhcp4 (eth0): option requested_ms_classless_static_routes => '1',E503,[-1,0
365,Jul 18 08:21:08 <info>  [1626596468.8437] dhcp4 (eth0): option requested_nis_domain => '1',E503,[0,0
366,Jul 18 08:21:08 <info>  [1626596468.8437] dhcp4 (eth0): option requested_nis_servers => '1',E503,[-1,0
367,Jul 18 08:21:08 <info>  [1626596468.8438] dhcp4 (eth0): option requested_ntp_servers => '1',E503,[-50,0
368,Jul 18 08:21:08 <info>  [1626596468.8438] dhcp4 (eth0): option requested_rfc3442_classless_static_routes => '1',E503,[-1,0
369,Jul 18 08:21:08 <info>  [1626596468.8438] dhcp4 (eth0): option requested_root_path  => '1',E503,[0,0
370,Jul 18 08:21:08 <info>  [1626596468.8438] dhcp4 (eth0): option requested_routers    => '1',E503,[0,0
371,Jul 18 08:21:08 <info>  [1626596468.8438] dhcp4 (eth0): option requested_static_routes => '1',E503,[-1,0
372,Jul 18 08:21:08 <info>  [1626596468.8438] dhcp4 (eth0): option requested_subnet_mask => '1',E503,[-1371,0
373,Jul 18 08:21:08 <info>  [1626596468.8438] dhcp4 (eth0): option requested_time_offset => '1',E503,[-11,0
374,Jul 18 08:21:08 <info>  [1626596468.8438] dhcp4 (eth0): option requested_wpad       => '1',E503,[0,0
375,Jul 18 08:21:08 <info>  [1626596468.8438] dhcp4 (eth0): option routers              => '172.31.16.1',E503,[0,0
376,Jul 18 08:21:08 <info>  [1626596468.8439] dhcp4 (eth0): option subnet_mask          => '255.255.240.0',E503,[0,0
377,Jul 18 08:21:08 <info>  [1626596468.8439] dhcp4 (eth0): state changed extended -> extended,E488,[0,1
378,"Jul 18 08:21:08 [system] Activating via systemd: service name='org.freedesktop.nm_dispatcher' unit='dbus-org.freedesktop.nm-dispatcher.service' requested by ':1.12' (uid=0 pid=819 comm=""/usr/sbin/NetworkManager --no-daemon "")",E497,[0,0
379,Jul 18 08:21:08 Starting Network Manager Script Dispatcher Service...,E93,[0],1
380,Jul 18 08:21:08 [system] Successfully activated service 'org.freedesktop.nm_dispatcher',E115,[0,1
381,Jul 18 08:21:08 Started Network Manager Script Dispatcher Service.,E47,[0],0
382,Jul 18 08:21:19 NetworkManager-dispatcher.service: Succeeded.,E357,[0],0
383,Jul 18 08:51:08 <info>  [1626598268.8436] dhcp4 (eth0): option dhcp_lease_time      => '3600',E503,[0,0
384,Jul 18 08:51:08 <info>  [1626598268.8437] dhcp4 (eth0): option domain_name          => 'ap-southeast-1.compute.internal',E503,[0,0
385,Jul 18 08:51:08 <info>  [1626598268.8437] dhcp4 (eth0): option domain_name_servers  => '172.31.0.2',E503,[0,0
386,Jul 18 08:51:08 <info>  [1626598268.8437] dhcp4 (eth0): option expiry               => '1626601868',E503,[0,0
387,Jul 18 08:51:08 <info>  [1626598268.8437] dhcp4 (eth0): option host_name            => 'ip-172-31-17-0',E503,[0,0
388,Jul 18 08:51:08 <info>  [1626598268.8438] dhcp4 (eth0): option interface_mtu        => '9001',E503,[0,0
389,Jul 18 08:51:08 <info>  [1626598268.8438] dhcp4 (eth0): option ip_address           => '172.31.17.0',E503,[0,0
390,Jul 18 08:51:08 <info>  [1626598268.8438] dhcp4 (eth0): option requested_broadcast_address => '1',E503,[0,0
391,Jul 18 08:51:08 <info>  [1626598268.8438] dhcp4 (eth0): option requested_domain_name => '1',E503,[0,0
392,Jul 18 08:51:08 <info>  [1626598268.8438] dhcp4 (eth0): option requested_domain_name_servers => '1',E503,[0,0
393,Jul 18 08:51:08 <info>  [1626598268.8438] dhcp4 (eth0): option requested_domain_search => '1',E503,[0,0
394,Jul 18 08:51:08 <info>  [1626598268.8438] dhcp4 (eth0): option requested_host_name  => '1',E503,[0,0
395,Jul 18 08:51:08 <info>  [1626598268.8439] dhcp4 (eth0): option requested_interface_mtu => '1',E503,[0,0
396,Jul 18 08:51:08 <info>  [1626598268.8439] dhcp4 (eth0): option requested_ms_classless_static_routes => '1',E503,[0,0
397,Jul 18 08:51:08 <info>  [1626598268.8439] dhcp4 (eth0): option requested_nis_domain => '1',E503,[0,0
398,Jul 18 08:51:08 <info>  [1626598268.8439] dhcp4 (eth0): option requested_nis_servers => '1',E503,[0,0
399,Jul 18 08:51:08 <info>  [1626598268.8439] dhcp4 (eth0): option requested_ntp_servers => '1',E503,[0,0
400,Jul 18 08:51:08 <info>  [1626598268.8439] dhcp4 (eth0): option requested_rfc3442_classless_static_routes => '1',E503,[0,0
401,Jul 18 08:51:08 <info>  [1626598268.8439] dhcp4 (eth0): option requested_root_path  => '1',E503,[0,0
402,Jul 18 08:51:08 <info>  [1626598268.8439] dhcp4 (eth0): option requested_routers    => '1',E503,[0,0
403,Jul 18 08:51:08 <info>  [1626598268.8439] dhcp4 (eth0): option requested_static_routes => '1',E503,[0,0
404,Jul 18 08:51:08 <info>  [1626598268.8440] dhcp4 (eth0): option requested_subnet_mask => '1',E503,[-1789,0
405,Jul 18 08:51:08 <info>  [1626598268.8440] dhcp4 (eth0): option requested_time_offset => '1',E503,[-11,0
406,Jul 18 08:51:08 <info>  [1626598268.8440] dhcp4 (eth0): option requested_wpad       => '1',E503,[0,0
407,Jul 18 08:51:08 <info>  [1626598268.8440] dhcp4 (eth0): option routers              => '172.31.16.1',E503,[0,0
408,Jul 18 08:51:08 <info>  [1626598268.8440] dhcp4 (eth0): option subnet_mask          => '255.255.240.0',E503,[0,0
409,Jul 18 08:51:08 <info>  [1626598268.8440] dhcp4 (eth0): state changed extended -> extended,E488,[0,1
410,"Jul 18 08:51:08 [system] Activating via systemd: service name='org.freedesktop.nm_dispatcher' unit='dbus-org.freedesktop.nm-dispatcher.service' requested by ':1.12' (uid=0 pid=819 comm=""/usr/sbin/NetworkManager --no-daemon "")",E497,[0,0
411,Jul 18 08:51:08 Starting Network Manager Script Dispatcher Service...,E93,[0],1
412,Jul 18 08:51:08 [system] Successfully activated service 'org.freedesktop.nm_dispatcher',E115,[0,1
413,Jul 18 08:51:08 Started Network Manager Script Dispatcher Service.,E47,[0],0
414,Jul 18 08:51:19 NetworkManager-dispatcher.service: Succeeded.,E357,[0],0
415,Jul 18 09:07:43 Starting dnf makecache...,E104,[0],1
416,Jul 18 09:07:44 Metadata cache refreshed recently.,E524,[0],0
417,Jul 18 09:07:44 dnf-makecache.service: Succeeded.,E257,[0],0
418,Jul 18 09:07:44 Started dnf makecache.,E341,[0],0
419,Jul 18 09:21:08 <info>  [1626600068.8438] dhcp4 (eth0): option dhcp_lease_time      => '3600',E503,[0,0
420,Jul 18 09:21:08 <info>  [1626600068.8438] dhcp4 (eth0): option domain_name          => 'ap-southeast-1.compute.internal',E503,[0,0
421,Jul 18 09:21:08 <info>  [1626600068.8438] dhcp4 (eth0): option domain_name_servers  => '172.31.0.2',E503,[0,0
422,Jul 18 09:21:08 <info>  [1626600068.8439] dhcp4 (eth0): option expiry               => '1626603668',E503,[0,0
423,Jul 18 09:21:08 <info>  [1626600068.8439] dhcp4 (eth0): option host_name            => 'ip-172-31-17-0',E503,[0,0
424,Jul 18 09:21:08 <info>  [1626600068.8439] dhcp4 (eth0): option interface_mtu        => '9001',E503,[0,0
425,Jul 18 09:21:08 <info>  [1626600068.8439] dhcp4 (eth0): option ip_address           => '172.31.17.0',E503,[0,0
426,Jul 18 09:21:08 <info>  [1626600068.8439] dhcp4 (eth0): option requested_broadcast_address => '1',E503,[0,0
427,Jul 18 09:21:08 <info>  [1626600068.8439] dhcp4 (eth0): option requested_domain_name => '1',E503,[0,0
428,Jul 18 09:21:08 <info>  [1626600068.8439] dhcp4 (eth0): option requested_domain_name_servers => '1',E503,[0,0
429,Jul 18 09:21:08 <info>  [1626600068.8439] dhcp4 (eth0): option requested_domain_search => '1',E503,[0,0
430,Jul 18 09:21:08 <info>  [1626600068.8439] dhcp4 (eth0): option requested_host_name  => '1',E503,[0,0
431,Jul 18 09:21:08 <info>  [1626600068.8440] dhcp4 (eth0): option requested_interface_mtu => '1',E503,[0,0
432,Jul 18 09:21:08 <info>  [1626600068.8440] dhcp4 (eth0): option requested_ms_classless_static_routes => '1',E503,[0,0
433,Jul 18 09:21:08 <info>  [1626600068.8440] dhcp4 (eth0): option requested_nis_domain => '1',E503,[0,0
434,Jul 18 09:21:08 <info>  [1626600068.8440] dhcp4 (eth0): option requested_nis_servers => '1',E503,[0,0
435,Jul 18 09:21:08 <info>  [1626600068.8440] dhcp4 (eth0): option requested_ntp_servers => '1',E503,[0,0
436,Jul 18 09:21:08 <info>  [1626600068.8440] dhcp4 (eth0): option requested_rfc3442_classless_static_routes => '1',E503,[-438,0
437,Jul 18 09:21:08 <info>  [1626600068.8440] dhcp4 (eth0): option requested_root_path  => '1',E503,[0,0
438,Jul 18 09:21:08 <info>  [1626600068.8440] dhcp4 (eth0): option requested_routers    => '1',E503,[0,0
439,Jul 18 09:21:08 <info>  [1626600068.8440] dhcp4 (eth0): option requested_static_routes => '1',E503,[-1,0
440,Jul 18 09:21:08 <info>  [1626600068.8441] dhcp4 (eth0): option requested_subnet_mask => '1',E503,[-1350,0
441,Jul 18 09:21:08 <info>  [1626600068.8441] dhcp4 (eth0): option requested_time_offset => '1',E503,[-11,0
442,Jul 18 09:21:08 <info>  [1626600068.8441] dhcp4 (eth0): option requested_wpad       => '1',E503,[0,0
443,Jul 18 09:21:08 <info>  [1626600068.8441] dhcp4 (eth0): option routers              => '172.31.16.1',E503,[0,0
444,Jul 18 09:21:08 <info>  [1626600068.8441] dhcp4 (eth0): option subnet_mask          => '255.255.240.0',E503,[0,0
445,Jul 18 09:21:08 <info>  [1626600068.8441] dhcp4 (eth0): state changed extended -> extended,E488,[0,1
446,"Jul 18 09:21:08 [system] Activating via systemd: service name='org.freedesktop.nm_dispatcher' unit='dbus-org.freedesktop.nm-dispatcher.service' requested by ':1.12' (uid=0 pid=819 comm=""/usr/sbin/NetworkManager --no-daemon "")",E497,[0,0
447,Jul 18 09:21:08 Starting Network Manager Script Dispatcher Service...,E93,[0],1
448,Jul 18 09:21:08 [system] Successfully activated service 'org.freedesktop.nm_dispatcher',E115,[0,1
449,Jul 18 09:21:08 Started Network Manager Script Dispatcher Service.,E47,[0],0
450,Jul 18 09:21:19 NetworkManager-dispatcher.service: Succeeded.,E357,[0],0
451,Jul 18 09:51:08 <info>  [1626601868.8437] dhcp4 (eth0): option dhcp_lease_time      => '3600',E503,[0,0
452,Jul 18 09:51:08 <info>  [1626601868.8438] dhcp4 (eth0): option domain_name          => 'ap-southeast-1.compute.internal',E503,[0,0
453,Jul 18 09:51:08 <info>  [1626601868.8438] dhcp4 (eth0): option domain_name_servers  => '172.31.0.2',E503,[0,0
454,Jul 18 09:51:08 <info>  [1626601868.8438] dhcp4 (eth0): option expiry               => '1626605468',E503,[0,0
455,Jul 18 09:51:08 <info>  [1626601868.8438] dhcp4 (eth0): option host_name            => 'ip-172-31-17-0',E503,[0,0
456,Jul 18 09:51:08 <info>  [1626601868.8438] dhcp4 (eth0): option interface_mtu        => '9001',E503,[0,0
457,Jul 18 09:51:08 <info>  [1626601868.8438] dhcp4 (eth0): option ip_address           => '172.31.17.0',E503,[0,0
458,Jul 18 09:51:08 <info>  [1626601868.8439] dhcp4 (eth0): option requested_broadcast_address => '1',E503,[0,0
459,Jul 18 09:51:08 <info>  [1626601868.8439] dhcp4 (eth0): option requested_domain_name => '1',E503,[0,0
460,Jul 18 09:51:08 <info>  [1626601868.8439] dhcp4 (eth0): option requested_domain_name_servers => '1',E503,[0,0
461,Jul 18 09:51:08 <info>  [1626601868.8439] dhcp4 (eth0): option requested_domain_search => '1',E503,[0,0
462,Jul 18 09:51:08 <info>  [1626601868.8439] dhcp4 (eth0): option requested_host_name  => '1',E503,[0,0
463,Jul 18 09:51:08 <info>  [1626601868.8439] dhcp4 (eth0): option requested_interface_mtu => '1',E503,[0,0
464,Jul 18 09:51:08 <info>  [1626601868.8439] dhcp4 (eth0): option requested_ms_classless_static_routes => '1',E503,[0,0
465,Jul 18 09:51:08 <info>  [1626601868.8439] dhcp4 (eth0): option requested_nis_domain => '1',E503,[0,0
466,Jul 18 09:51:08 <info>  [1626601868.8439] dhcp4 (eth0): option requested_nis_servers => '1',E503,[0,0
467,Jul 18 09:51:08 <info>  [1626601868.8440] dhcp4 (eth0): option requested_ntp_servers => '1',E503,[0,0
468,Jul 18 09:51:08 <info>  [1626601868.8440] dhcp4 (eth0): option requested_rfc3442_classless_static_routes => '1',E503,[0,0
469,Jul 18 09:51:08 <info>  [1626601868.8442] dhcp4 (eth0): option requested_root_path  => '1',E503,[0,0
470,Jul 18 09:51:08 <info>  [1626601868.8442] dhcp4 (eth0): option requested_routers    => '1',E503,[0,0
471,Jul 18 09:51:08 <info>  [1626601868.8442] dhcp4 (eth0): option requested_static_routes => '1',E503,[0,0
472,Jul 18 09:51:08 <info>  [1626601868.8442] dhcp4 (eth0): option requested_subnet_mask => '1',E503,[-1789,0
473,Jul 18 09:51:08 <info>  [1626601868.8442] dhcp4 (eth0): option requested_time_offset => '1',E503,[-11,0
474,Jul 18 09:51:08 <info>  [1626601868.8442] dhcp4 (eth0): option requested_wpad       => '1',E503,[0,0
475,Jul 18 09:51:08 <info>  [1626601868.8443] dhcp4 (eth0): option routers              => '172.31.16.1',E503,[0,0
476,Jul 18 09:51:08 <info>  [1626601868.8443] dhcp4 (eth0): option subnet_mask          => '255.255.240.0',E503,[0,0
477,Jul 18 09:51:08 <info>  [1626601868.8443] dhcp4 (eth0): state changed extended -> extended,E488,[0,1
478,"Jul 18 09:51:08 [system] Activating via systemd: service name='org.freedesktop.nm_dispatcher' unit='dbus-org.freedesktop.nm-dispatcher.service' requested by ':1.12' (uid=0 pid=819 comm=""/usr/sbin/NetworkManager --no-daemon "")",E497,[0,0
479,Jul 18 09:51:08 Starting Network Manager Script Dispatcher Service...,E93,[0],1
480,Jul 18 09:51:08 [system] Successfully activated service 'org.freedesktop.nm_dispatcher',E115,[0,1
481,Jul 18 09:51:08 Started Network Manager Script Dispatcher Service.,E47,[0],0
482,Jul 18 09:51:19 NetworkManager-dispatcher.service: Succeeded.,E357,[0],0
483,Jul 18 10:08:43 Starting dnf makecache...,E104,[0],1
484,Jul 18 10:08:44 Metadata cache refreshed recently.,E524,[0],0
485,Jul 18 10:08:44 dnf-makecache.service: Succeeded.,E257,[0],0
486,Jul 18 10:08:44 Started dnf makecache.,E341,[0],0
487,Jul 18 10:21:08 <info>  [1626603668.8436] dhcp4 (eth0): option dhcp_lease_time      => '3600',E503,[0,0
488,Jul 18 10:21:08 <info>  [1626603668.8436] dhcp4 (eth0): option domain_name          => 'ap-southeast-1.compute.internal',E503,[0,0
489,Jul 18 10:21:08 <info>  [1626603668.8437] dhcp4 (eth0): option domain_name_servers  => '172.31.0.2',E503,[0,0
490,Jul 18 10:21:08 <info>  [1626603668.8437] dhcp4 (eth0): option expiry               => '1626607268',E503,[0,0
491,Jul 18 10:21:08 <info>  [1626603668.8437] dhcp4 (eth0): option host_name            => 'ip-172-31-17-0',E503,[0,0
492,Jul 18 10:21:08 <info>  [1626603668.8437] dhcp4 (eth0): option interface_mtu        => '9001',E503,[0,0
493,Jul 18 10:21:08 <info>  [1626603668.8437] dhcp4 (eth0): option ip_address           => '172.31.17.0',E503,[0,0
494,Jul 18 10:21:08 <info>  [1626603668.8437] dhcp4 (eth0): option requested_broadcast_address => '1',E503,[0,0
495,Jul 18 10:21:08 <info>  [1626603668.8437] dhcp4 (eth0): option requested_domain_name => '1',E503,[0,0
496,Jul 18 10:21:08 <info>  [1626603668.8437] dhcp4 (eth0): option requested_domain_name_servers => '1',E503,[0,0
497,Jul 18 10:21:08 <info>  [1626603668.8437] dhcp4 (eth0): option requested_domain_search => '1',E503,[0,0
498,Jul 18 10:21:08 <info>  [1626603668.8438] dhcp4 (eth0): option requested_host_name  => '1',E503,[0,0
499,Jul 18 10:21:08 <info>  [1626603668.8438] dhcp4 (eth0): option requested_interface_mtu => '1',E503,[0,0
500,Jul 18 10:21:08 <info>  [1626603668.8438] dhcp4 (eth0): option requested_ms_classless_static_routes => '1',E503,[0,0
501,Jul 18 10:21:08 <info>  [1626603668.8438] dhcp4 (eth0): option requested_nis_domain => '1',E503,[0,0
502,Jul 18 10:21:08 <info>  [1626603668.8438] dhcp4 (eth0): option requested_nis_servers => '1',E503,[0,0
503,Jul 18 10:21:08 <info>  [1626603668.8438] dhcp4 (eth0): option requested_ntp_servers => '1',E503,[0,0
504,Jul 18 10:21:08 <info>  [1626603668.8438] dhcp4 (eth0): option requested_rfc3442_classless_static_routes => '1',E503,[-478,0
505,Jul 18 10:21:08 <info>  [1626603668.8438] dhcp4 (eth0): option requested_root_path  => '1',E503,[0,0
506,Jul 18 10:21:08 <info>  [1626603668.8439] dhcp4 (eth0): option requested_routers    => '1',E503,[0,0
507,Jul 18 10:21:08 <info>  [1626603668.8439] dhcp4 (eth0): option requested_static_routes => '1',E503,[0,0
508,Jul 18 10:21:08 <info>  [1626603668.8439] dhcp4 (eth0): option requested_subnet_mask => '1',E503,[-1311,0
509,Jul 18 10:21:08 <info>  [1626603668.8439] dhcp4 (eth0): option requested_time_offset => '1',E503,[-11,0
510,Jul 18 10:21:08 <info>  [1626603668.8439] dhcp4 (eth0): option requested_wpad       => '1',E503,[0,0
511,Jul 18 10:21:08 <info>  [1626603668.8439] dhcp4 (eth0): option routers              => '172.31.16.1',E503,[0,0
512,Jul 18 10:21:08 <info>  [1626603668.8439] dhcp4 (eth0): option subnet_mask          => '255.255.240.0',E503,[0,0
513,Jul 18 10:21:08 <info>  [1626603668.8439] dhcp4 (eth0): state changed extended -> extended,E488,[0,1
514,"Jul 18 10:21:08 [system] Activating via systemd: service name='org.freedesktop.nm_dispatcher' unit='dbus-org.freedesktop.nm-dispatcher.service' requested by ':1.12' (uid=0 pid=819 comm=""/usr/sbin/NetworkManager --no-daemon "")",E497,[0,0
515,Jul 18 10:21:08 Starting Network Manager Script Dispatcher Service...,E93,[0],1
516,Jul 18 10:21:08 [system] Successfully activated service 'org.freedesktop.nm_dispatcher',E115,[0,1
517,Jul 18 10:21:08 Started Network Manager Script Dispatcher Service.,E47,[0],0
518,Jul 18 10:21:19 NetworkManager-dispatcher.service: Succeeded.,E357,[0],0
519,Jul 18 10:30:03 session-1.scope: Succeeded.,E320,[0],0
520,Jul 18 10:30:03 Session 1 logged out. Waiting for processes to exit.,E291,[0,0
521,Jul 18 10:30:03 Removed session 1.,E85,[0,1
522,Jul 18 10:30:03 Stopping User Manager for UID 1000...,E339,[0],0
523,Jul 18 10:30:03 Stopped target Default.,E219,[0,0
524,Jul 18 10:30:03 Stopped target Basic System.,E325,[0],0
525,Jul 18 10:30:03 Stopped target Sockets.,E219,[0,0
526,Jul 18 10:30:03 dbus.socket: Succeeded.,E66,[0],0
527,Jul 18 10:30:03 Closed D-Bus User Message Bus Socket.,E406,[0],0
528,Jul 18 10:30:03 Stopped target Paths.,E219,[0,0
529,Jul 18 10:30:03 Stopped target Timers.,E219,[0,0
530,Jul 18 10:30:03 grub-boot-success.timer: Succeeded.,E214,[0],0
531,Jul 18 10:30:03 Stopped Mark boot as successful after the user session has run 2 minutes.,E71,[0],0
532,Jul 18 10:30:03 Reached target Shutdown.,E565,[0,0
533,Jul 18 10:30:03 Starting Exit the Session...,E109,[0],0
534,Jul 18 10:30:03 user@1000.service: Succeeded.,E600,[0],0
535,Jul 18 10:30:03 Stopped User Manager for UID 1000.,E237,[0],1
536,Jul 18 10:30:03 Stopping /run/user/1000 mount wrapper...,E274,[0],0
537,Jul 18 10:30:03 Removed slice User Slice of UID 1000.,E133,[0],0
538,Jul 18 10:30:03 run-user-1000.mount: Succeeded.,E5,[0],0
539,Jul 18 10:30:03 user-runtime-dir@1000.service: Succeeded.,E170,[0],0
540,Jul 18 10:30:03 Stopped /run/user/1000 mount wrapper.,E251,[-1789],1
541,Jul 18 10:51:08 <info>  [1626605468.8441] dhcp4 (eth0): option dhcp_lease_time      => '3600',E503,[-11,0
542,Jul 18 10:51:08 <info>  [1626605468.8442] dhcp4 (eth0): option domain_name          => 'ap-southeast-1.compute.internal',E503,[0,0
543,Jul 18 10:51:08 <info>  [1626605468.8442] dhcp4 (eth0): option domain_name_servers  => '172.31.0.2',E503,[0,0
544,Jul 18 10:51:08 <info>  [1626605468.8442] dhcp4 (eth0): option expiry               => '1626609068',E503,[0,0
545,Jul 18 10:51:08 <info>  [1626605468.8442] dhcp4 (eth0): option host_name            => 'ip-172-31-17-0',E503,[0,0
546,Jul 18 10:51:08 <info>  [1626605468.8442] dhcp4 (eth0): option interface_mtu        => '9001',E503,[0,0
547,Jul 18 10:51:08 <info>  [1626605468.8443] dhcp4 (eth0): option ip_address           => '172.31.17.0',E503,[0,0
548,Jul 18 10:51:08 <info>  [1626605468.8443] dhcp4 (eth0): option requested_broadcast_address => '1',E503,[0,0
549,Jul 18 10:51:08 <info>  [1626605468.8443] dhcp4 (eth0): option requested_domain_name => '1',E503,[0,0
550,Jul 18 10:51:08 <info>  [1626605468.8443] dhcp4 (eth0): option requested_domain_name_servers => '1',E503,[0,0
551,Jul 18 10:51:08 <info>  [1626605468.8443] dhcp4 (eth0): option requested_domain_search => '1',E503,[0,0
552,Jul 18 10:51:08 <info>  [1626605468.8443] dhcp4 (eth0): option requested_host_name  => '1',E503,[0,0
553,Jul 18 10:51:08 <info>  [1626605468.8443] dhcp4 (eth0): option requested_interface_mtu => '1',E503,[0,0
554,Jul 18 10:51:08 <info>  [1626605468.8443] dhcp4 (eth0): option requested_ms_classless_static_routes => '1',E503,[0,0
555,Jul 18 10:51:08 <info>  [1626605468.8444] dhcp4 (eth0): option requested_nis_domain => '1',E503,[0,0
556,Jul 18 10:51:08 <info>  [1626605468.8444] dhcp4 (eth0): option requested_nis_servers => '1',E503,[0,0
557,Jul 18 10:51:08 <info>  [1626605468.8444] dhcp4 (eth0): option requested_ntp_servers => '1',E503,[0,0
558,Jul 18 10:51:08 <info>  [1626605468.8444] dhcp4 (eth0): option requested_rfc3442_classless_static_routes => '1',E503,[0,0
559,Jul 18 10:51:08 <info>  [1626605468.8444] dhcp4 (eth0): option requested_root_path  => '1',E503,[0,0
560,Jul 18 10:51:08 <info>  [1626605468.8444] dhcp4 (eth0): option requested_routers    => '1',E503,[0,0
561,Jul 18 10:51:08 <info>  [1626605468.8444] dhcp4 (eth0): option requested_static_routes => '1',E503,[0,0
562,Jul 18 10:51:08 <info>  [1626605468.8444] dhcp4 (eth0): option requested_subnet_mask => '1',E503,[0,0
563,Jul 18 10:51:08 <info>  [1626605468.8444] dhcp4 (eth0): option requested_time_offset => '1',E503,[0,0
564,Jul 18 10:51:08 <info>  [1626605468.8445] dhcp4 (eth0): option requested_wpad       => '1',E503,[0,0
565,Jul 18 10:51:08 <info>  [1626605468.8445] dhcp4 (eth0): option routers              => '172.31.16.1',E503,[0,0
566,Jul 18 10:51:08 <info>  [1626605468.8445] dhcp4 (eth0): option subnet_mask          => '255.255.240.0',E503,[0,0
567,Jul 18 10:51:08 <info>  [1626605468.8445] dhcp4 (eth0): state changed extended -> extended,E488,[0,1
568,"Jul 18 10:51:08 [system] Activating via systemd: service name='org.freedesktop.nm_dispatcher' unit='dbus-org.freedesktop.nm-dispatcher.service' requested by ':1.12' (uid=0 pid=819 comm=""/usr/sbin/NetworkManager --no-daemon "")",E497,[0,0
569,Jul 18 10:51:08 Starting Network Manager Script Dispatcher Service...,E93,[0],1
570,Jul 18 10:51:08 [system] Successfully activated service 'org.freedesktop.nm_dispatcher',E115,[0,1
571,Jul 18 10:51:08 Started Network Manager Script Dispatcher Service.,E47,[0],0
572,Jul 18 10:51:19 NetworkManager-dispatcher.service: Succeeded.,E357,[-500],0
573,Jul 18 11:09:43 Starting dnf makecache...,E104,[0],1
574,Jul 18 11:09:44 gravwell                                        4.5 kB/s | 2.9 kB     00:00,E478,[0,0
575,Jul 18 11:09:45 CentOS Linux 8 - AppStream                       13 kB/s | 4.3 kB     00:00,E206,[-1,1
576,Jul 18 11:09:45 CentOS Linux 8 - BaseOS                         8.1 kB/s | 3.9 kB     00:00,E206,[0,1
577,Jul 18 11:09:45 CentOS Linux 8 - Extras                         4.4 kB/s | 1.5 kB     00:00,E206,[0,1
578,Jul 18 11:09:47 Extra Packages for Enterprise Linux Modular 8 -  48 kB/s |  61 kB     00:01,E409,[-1,0
579,Jul 18 11:09:48 Extra Packages for Enterprise Linux 8 - x86_64   41 kB/s |  51 kB     00:01,E619,[0,0
580,Jul 18 11:09:48 Kibana repository for 7.x packages               41 kB/s | 1.3 kB     00:00,E161,[-2,1
581,Jul 18 11:09:49 Remi's Modular repository for Enterprise Linux  4.8 kB/s | 3.5 kB     00:00,E162,[-92,0
582,Jul 18 11:09:49 Safe Remi's RPM repository for Enterprise Linux 4.7 kB/s | 3.0 kB     00:00,E172,[0,0
583,Jul 18 11:09:50 EL- - Wazuh                                     123 kB/s | 3.4 kB     00:00,E14,[-1,0
584,Jul 18 11:09:50 Metadata cache created.,E641,[0],0
585,Jul 18 11:09:50 dnf-makecache.service: Succeeded.,E257,[-1],0
586,Jul 18 11:09:50 Started dnf makecache.,E341,[0],0
587,Jul 18 11:21:08 <info>  [1626607268.8443] dhcp4 (eth0): option dhcp_lease_time      => '3600',E503,[0,0
588,Jul 18 11:21:08 <info>  [1626607268.8445] dhcp4 (eth0): option domain_name          => 'ap-southeast-1.compute.internal',E503,[0,0
589,Jul 18 11:21:08 <info>  [1626607268.8445] dhcp4 (eth0): option domain_name_servers  => '172.31.0.2',E503,[-147,0
590,Jul 18 11:21:08 <info>  [1626607268.8445] dhcp4 (eth0): option expiry               => '1626610868',E503,[-1,0
591,Jul 18 11:21:08 <info>  [1626607268.8445] dhcp4 (eth0): option host_name            => 'ip-172-31-17-0',E503,[0,0
592,Jul 18 11:21:08 <info>  [1626607268.8445] dhcp4 (eth0): option interface_mtu        => '9001',E503,[0,0
593,Jul 18 11:21:08 <info>  [1626607268.8445] dhcp4 (eth0): option ip_address           => '172.31.17.0',E503,[0,0
594,Jul 18 11:21:08 <info>  [1626607268.8445] dhcp4 (eth0): option requested_broadcast_address => '1',E503,[0,0
595,Jul 18 11:21:08 <info>  [1626607268.8446] dhcp4 (eth0): option requested_domain_name => '1',E503,[0,0
596,Jul 18 11:21:08 <info>  [1626607268.8446] dhcp4 (eth0): option requested_domain_name_servers => '1',E503,[0,0
597,Jul 18 11:21:08 <info>  [1626607268.8446] dhcp4 (eth0): option requested_domain_search => '1',E503,[0,0
598,Jul 18 11:21:08 <info>  [1626607268.8446] dhcp4 (eth0): option requested_host_name  => '1',E503,[0,0
599,Jul 18 11:21:08 <info>  [1626607268.8446] dhcp4 (eth0): option requested_interface_mtu => '1',E503,[0,0
600,Jul 18 11:21:08 <info>  [1626607268.8446] dhcp4 (eth0): option requested_ms_classless_static_routes => '1',E503,[0,0
601,Jul 18 11:21:08 <info>  [1626607268.8446] dhcp4 (eth0): option requested_nis_domain => '1',E503,[0,0
602,Jul 18 11:21:08 <info>  [1626607268.8446] dhcp4 (eth0): option requested_nis_servers => '1',E503,[0,0
603,Jul 18 11:21:08 <info>  [1626607268.8446] dhcp4 (eth0): option requested_ntp_servers => '1',E503,[0,0
604,Jul 18 11:21:08 <info>  [1626607268.8447] dhcp4 (eth0): option requested_rfc3442_classless_static_routes => '1',E503,[0,0
605,Jul 18 11:21:08 <info>  [1626607268.8447] dhcp4 (eth0): option requested_root_path  => '1',E503,[-1043,0
606,Jul 18 11:21:08 <info>  [1626607268.8447] dhcp4 (eth0): option requested_routers    => '1',E503,[-11,0
607,Jul 18 11:21:08 <info>  [1626607268.8447] dhcp4 (eth0): option requested_static_routes => '1',E503,[0,0
608,Jul 18 11:21:08 <info>  [1626607268.8447] dhcp4 (eth0): option requested_subnet_mask => '1',E503,[0,0
609,Jul 18 11:21:08 <info>  [1626607268.8447] dhcp4 (eth0): option requested_time_offset => '1',E503,[0,0
610,Jul 18 11:21:08 <info>  [1626607268.8447] dhcp4 (eth0): option requested_wpad       => '1',E503,[0,0
611,Jul 18 11:21:08 <info>  [1626607268.8447] dhcp4 (eth0): option routers              => '172.31.16.1',E503,[0,0
612,Jul 18 11:21:08 <info>  [1626607268.8447] dhcp4 (eth0): option subnet_mask          => '255.255.240.0',E503,[0,0
613,Jul 18 11:21:08 <info>  [1626607268.8448] dhcp4 (eth0): state changed extended -> extended,E488,[0,1
614,"Jul 18 11:21:08 [system] Activating via systemd: service name='org.freedesktop.nm_dispatcher' unit='dbus-org.freedesktop.nm-dispatcher.service' requested by ':1.12' (uid=0 pid=819 comm=""/usr/sbin/NetworkManager --no-daemon "")",E497,[0,0
615,Jul 18 11:21:08 Starting Network Manager Script Dispatcher Service...,E93,[0],1
616,Jul 18 11:21:08 [system] Successfully activated service 'org.freedesktop.nm_dispatcher',E115,[0,1
617,Jul 18 11:21:08 Started Network Manager Script Dispatcher Service.,E47,[0],0
618,Jul 18 11:21:19 NetworkManager-dispatcher.service: Succeeded.,E357,[0],0
619,Jul 18 11:51:08 <info>  [1626609068.8443] dhcp4 (eth0): option dhcp_lease_time      => '3600',E503,[0,0
620,Jul 18 11:51:08 <info>  [1626609068.8443] dhcp4 (eth0): option domain_name          => 'ap-southeast-1.compute.internal',E503,[0,0
621,Jul 18 11:51:08 <info>  [1626609068.8443] dhcp4 (eth0): option domain_name_servers  => '172.31.0.2',E503,[0,0
622,Jul 18 11:51:08 <info>  [1626609068.8443] dhcp4 (eth0): option expiry               => '1626612668',E503,[0,0
623,Jul 18 11:51:08 <info>  [1626609068.8444] dhcp4 (eth0): option host_name            => 'ip-172-31-17-0',E503,[0,0
624,Jul 18 11:51:08 <info>  [1626609068.8444] dhcp4 (eth0): option interface_mtu        => '9001',E503,[0,0
625,Jul 18 11:51:08 <info>  [1626609068.8444] dhcp4 (eth0): option ip_address           => '172.31.17.0',E503,[0,0
626,Jul 18 11:51:08 <info>  [1626609068.8444] dhcp4 (eth0): option requested_broadcast_address => '1',E503,[0,0
627,Jul 18 11:51:08 <info>  [1626609068.8444] dhcp4 (eth0): option requested_domain_name => '1',E503,[0,0
628,Jul 18 11:51:08 <info>  [1626609068.8444] dhcp4 (eth0): option requested_domain_name_servers => '1',E503,[0,0
629,Jul 18 11:51:08 <info>  [1626609068.8444] dhcp4 (eth0): option requested_domain_search => '1',E503,[0,0
630,Jul 18 11:51:08 <info>  [1626609068.8444] dhcp4 (eth0): option requested_host_name  => '1',E503,[0,0
631,Jul 18 11:51:08 <info>  [1626609068.8444] dhcp4 (eth0): option requested_interface_mtu => '1',E503,[0,0
632,Jul 18 11:51:08 <info>  [1626609068.8445] dhcp4 (eth0): option requested_ms_classless_static_routes => '1',E503,[0,0
633,Jul 18 11:51:08 <info>  [1626609068.8445] dhcp4 (eth0): option requested_nis_domain => '1',E503,[0,0
634,Jul 18 11:51:08 <info>  [1626609068.8445] dhcp4 (eth0): option requested_nis_servers => '1',E503,[0,0
635,Jul 18 11:51:08 <info>  [1626609068.8445] dhcp4 (eth0): option requested_ntp_servers => '1',E503,[0,0
636,Jul 18 11:51:08 <info>  [1626609068.8445] dhcp4 (eth0): option requested_rfc3442_classless_static_routes => '1',E503,[0,0
637,Jul 18 11:51:08 <info>  [1626609068.8445] dhcp4 (eth0): option requested_root_path  => '1',E503,[-1789,0
638,Jul 18 11:51:08 <info>  [1626609068.8445] dhcp4 (eth0): option requested_routers    => '1',E503,[-11,0
639,Jul 18 11:51:08 <info>  [1626609068.8445] dhcp4 (eth0): option requested_static_routes => '1',E503,[0,0
640,Jul 18 11:51:08 <info>  [1626609068.8445] dhcp4 (eth0): option requested_subnet_mask => '1',E503,[0,0
641,Jul 18 11:51:08 <info>  [1626609068.8446] dhcp4 (eth0): option requested_time_offset => '1',E503,[0,0
642,Jul 18 11:51:08 <info>  [1626609068.8446] dhcp4 (eth0): option requested_wpad       => '1',E503,[0,0
643,Jul 18 11:51:08 <info>  [1626609068.8446] dhcp4 (eth0): option routers              => '172.31.16.1',E503,[0,0
644,Jul 18 11:51:08 <info>  [1626609068.8446] dhcp4 (eth0): option subnet_mask          => '255.255.240.0',E503,[0,0
645,Jul 18 11:51:08 <info>  [1626609068.8446] dhcp4 (eth0): state changed extended -> extended,E488,[0,1
646,"Jul 18 11:51:08 [system] Activating via systemd: service name='org.freedesktop.nm_dispatcher' unit='dbus-org.freedesktop.nm-dispatcher.service' requested by ':1.12' (uid=0 pid=819 comm=""/usr/sbin/NetworkManager --no-daemon "")",E497,[0,0
647,Jul 18 11:51:08 Starting Network Manager Script Dispatcher Service...,E93,[0],1
648,Jul 18 11:51:08 [system] Successfully activated service 'org.freedesktop.nm_dispatcher',E115,[0,1
649,Jul 18 11:51:08 Started Network Manager Script Dispatcher Service.,E47,[0],0
650,Jul 18 11:51:19 NetworkManager-dispatcher.service: Succeeded.,E357,[0],0
651,Jul 18 12:10:43 Starting dnf makecache...,E104,[0],1
652,Jul 18 12:10:44 Metadata cache refreshed recently.,E524,[0],0
653,Jul 18 12:10:44 dnf-makecache.service: Succeeded.,E257,[0],0
654,Jul 18 12:10:44 Started dnf makecache.,E341,[0],0
655,Jul 18 12:21:08 <info>  [1626610868.8446] dhcp4 (eth0): option dhcp_lease_time      => '3600',E503,[0,0
656,Jul 18 12:21:08 <info>  [1626610868.8446] dhcp4 (eth0): option domain_name          => 'ap-southeast-1.compute.internal',E503,[0,0
657,Jul 18 12:21:08 <info>  [1626610868.8447] dhcp4 (eth0): option domain_name_servers  => '172.31.0.2',E503,[0,0
658,Jul 18 12:21:08 <info>  [1626610868.8447] dhcp4 (eth0): option expiry               => '1626614468',E503,[0,0
659,Jul 18 12:21:08 <info>  [1626610868.8447] dhcp4 (eth0): option host_name            => 'ip-172-31-17-0',E503,[0,0
660,Jul 18 12:21:08 <info>  [1626610868.8447] dhcp4 (eth0): option interface_mtu        => '9001',E503,[0,0
661,Jul 18 12:21:08 <info>  [1626610868.8447] dhcp4 (eth0): option ip_address           => '172.31.17.0',E503,[0,0
662,Jul 18 12:21:08 <info>  [1626610868.8447] dhcp4 (eth0): option requested_broadcast_address => '1',E503,[0,0
663,Jul 18 12:21:08 <info>  [1626610868.8447] dhcp4 (eth0): option requested_domain_name => '1',E503,[0,0
664,Jul 18 12:21:08 <info>  [1626610868.8447] dhcp4 (eth0): option requested_domain_name_servers => '1',E503,[0,0
665,Jul 18 12:21:08 <info>  [1626610868.8447] dhcp4 (eth0): option requested_domain_search => '1',E503,[0,0
666,Jul 18 12:21:08 <info>  [1626610868.8448] dhcp4 (eth0): option requested_host_name  => '1',E503,[0,0
667,Jul 18 12:21:08 <info>  [1626610868.8448] dhcp4 (eth0): option requested_interface_mtu => '1',E503,[0,0
668,Jul 18 12:21:08 <info>  [1626610868.8448] dhcp4 (eth0): option requested_ms_classless_static_routes => '1',E503,[0,0
669,Jul 18 12:21:08 <info>  [1626610868.8448] dhcp4 (eth0): option requested_nis_domain => '1',E503,[-618,0
670,Jul 18 12:21:08 <info>  [1626610868.8448] dhcp4 (eth0): option requested_nis_servers => '1',E503,[0,0
671,Jul 18 12:21:08 <info>  [1626610868.8448] dhcp4 (eth0): option requested_ntp_servers => '1',E503,[0,0
672,Jul 18 12:21:08 <info>  [1626610868.8448] dhcp4 (eth0): option requested_rfc3442_classless_static_routes => '1',E503,[-1,0
673,Jul 18 12:21:08 <info>  [1626610868.8448] dhcp4 (eth0): option requested_root_path  => '1',E503,[-1170,0
674,Jul 18 12:21:08 <info>  [1626610868.8448] dhcp4 (eth0): option requested_routers    => '1',E503,[-11,0
675,Jul 18 12:21:08 <info>  [1626610868.8449] dhcp4 (eth0): option requested_static_routes => '1',E503,[0,0
676,Jul 18 12:21:08 <info>  [1626610868.8449] dhcp4 (eth0): option requested_subnet_mask => '1',E503,[0,0
677,Jul 18 12:21:08 <info>  [1626610868.8449] dhcp4 (eth0): option requested_time_offset => '1',E503,[0,0
678,Jul 18 12:21:08 <info>  [1626610868.8449] dhcp4 (eth0): option requested_wpad       => '1',E503,[0,0
679,Jul 18 12:21:08 <info>  [1626610868.8449] dhcp4 (eth0): option routers              => '172.31.16.1',E503,[0,0
680,Jul 18 12:21:08 <info>  [1626610868.8449] dhcp4 (eth0): option subnet_mask          => '255.255.240.0',E503,[0,0
681,Jul 18 12:21:08 <info>  [1626610868.8449] dhcp4 (eth0): state changed extended -> extended,E488,[0,1
682,"Jul 18 12:21:08 [system] Activating via systemd: service name='org.freedesktop.nm_dispatcher' unit='dbus-org.freedesktop.nm-dispatcher.service' requested by ':1.12' (uid=0 pid=819 comm=""/usr/sbin/NetworkManager --no-daemon "")",E497,[0,0
683,Jul 18 12:21:08 Starting Network Manager Script Dispatcher Service...,E93,[0],1
684,Jul 18 12:21:08 [system] Successfully activated service 'org.freedesktop.nm_dispatcher',E115,[0,1
685,Jul 18 12:21:08 Started Network Manager Script Dispatcher Service.,E47,[0],0
686,Jul 18 12:21:19 NetworkManager-dispatcher.service: Succeeded.,E357,[0],0
687,Jul 18 12:51:08 <info>  [1626612668.8444] dhcp4 (eth0): option dhcp_lease_time      => '3600',E503,[0,0
688,Jul 18 12:51:08 <info>  [1626612668.8445] dhcp4 (eth0): option domain_name          => 'ap-southeast-1.compute.internal',E503,[0,0
689,Jul 18 12:51:08 <info>  [1626612668.8445] dhcp4 (eth0): option domain_name_servers  => '172.31.0.2',E503,[0,0
690,Jul 18 12:51:08 <info>  [1626612668.8445] dhcp4 (eth0): option expiry               => '1626616268',E503,[0,0
691,Jul 18 12:51:08 <info>  [1626612668.8445] dhcp4 (eth0): option host_name            => 'ip-172-31-17-0',E503,[0,0
692,Jul 18 12:51:08 <info>  [1626612668.8446] dhcp4 (eth0): option interface_mtu        => '9001',E503,[0,0
693,Jul 18 12:51:08 <info>  [1626612668.8446] dhcp4 (eth0): option ip_address           => '172.31.17.0',E503,[0,0
694,Jul 18 12:51:08 <info>  [1626612668.8446] dhcp4 (eth0): option requested_broadcast_address => '1',E503,[0,0
695,Jul 18 12:51:08 <info>  [1626612668.8446] dhcp4 (eth0): option requested_domain_name => '1',E503,[0,0
696,Jul 18 12:51:08 <info>  [1626612668.8446] dhcp4 (eth0): option requested_domain_name_servers => '1',E503,[0,0
697,Jul 18 12:51:08 <info>  [1626612668.8446] dhcp4 (eth0): option requested_domain_search => '1',E503,[0,0
698,Jul 18 12:51:08 <info>  [1626612668.8449] dhcp4 (eth0): option requested_host_name  => '1',E503,[0,0
699,Jul 18 12:51:08 <info>  [1626612668.8449] dhcp4 (eth0): option requested_interface_mtu => '1',E503,[0,0
700,Jul 18 12:51:08 <info>  [1626612668.8449] dhcp4 (eth0): option requested_ms_classless_static_routes => '1',E503,[0,0
701,Jul 18 12:51:08 <info>  [1626612668.8449] dhcp4 (eth0): option requested_nis_domain => '1',E503,[0,0
702,Jul 18 12:51:08 <info>  [1626612668.8449] dhcp4 (eth0): option requested_nis_servers => '1',E503,[0,0
703,Jul 18 12:51:08 <info>  [1626612668.8450] dhcp4 (eth0): option requested_ntp_servers => '1',E503,[0,0
704,Jul 18 12:51:08 <info>  [1626612668.8450] dhcp4 (eth0): option requested_rfc3442_classless_static_routes => '1',E503,[0,0
705,Jul 18 12:51:08 <info>  [1626612668.8450] dhcp4 (eth0): option requested_root_path  => '1',E503,[-1789,0
706,Jul 18 12:51:08 <info>  [1626612668.8450] dhcp4 (eth0): option requested_routers    => '1',E503,[-11,0
707,Jul 18 12:51:08 <info>  [1626612668.8450] dhcp4 (eth0): option requested_static_routes => '1',E503,[0,0
708,Jul 18 12:51:08 <info>  [1626612668.8450] dhcp4 (eth0): option requested_subnet_mask => '1',E503,[0,0
709,Jul 18 12:51:08 <info>  [1626612668.8450] dhcp4 (eth0): option requested_time_offset => '1',E503,[0,0
710,Jul 18 12:51:08 <info>  [1626612668.8450] dhcp4 (eth0): option requested_wpad       => '1',E503,[0,0
711,Jul 18 12:51:08 <info>  [1626612668.8450] dhcp4 (eth0): option routers              => '172.31.16.1',E503,[0,0
712,Jul 18 12:51:08 <info>  [1626612668.8451] dhcp4 (eth0): option subnet_mask          => '255.255.240.0',E503,[0,0
713,Jul 18 12:51:08 <info>  [1626612668.8451] dhcp4 (eth0): state changed extended -> extended,E488,[0,1
714,"Jul 18 12:51:08 [system] Activating via systemd: service name='org.freedesktop.nm_dispatcher' unit='dbus-org.freedesktop.nm-dispatcher.service' requested by ':1.12' (uid=0 pid=819 comm=""/usr/sbin/NetworkManager --no-daemon "")",E497,[0,0
715,Jul 18 12:51:08 Starting Network Manager Script Dispatcher Service...,E93,[0],1
716,Jul 18 12:51:08 [system] Successfully activated service 'org.freedesktop.nm_dispatcher',E115,[0,1
717,Jul 18 12:51:08 Started Network Manager Script Dispatcher Service.,E47,[0],0
718,Jul 18 12:51:19 NetworkManager-dispatcher.service: Succeeded.,E357,[0],0
719,Jul 18 13:11:43 Starting dnf makecache...,E104,[0],1
720,Jul 18 13:11:44 Metadata cache refreshed recently.,E524,[0],0
721,Jul 18 13:11:44 dnf-makecache.service: Succeeded.,E257,[0],0
722,Jul 18 13:11:44 Started dnf makecache.,E341,[0],0
723,Jul 18 13:21:08 <info>  [1626614468.8446] dhcp4 (eth0): option dhcp_lease_time      => '3600',E503,[0,0
724,Jul 18 13:21:08 <info>  [1626614468.8447] dhcp4 (eth0): option domain_name          => 'ap-southeast-1.compute.internal',E503,[0,0
725,Jul 18 13:21:08 <info>  [1626614468.8447] dhcp4 (eth0): option domain_name_servers  => '172.31.0.2',E503,[0,0
726,Jul 18 13:21:08 <info>  [1626614468.8447] dhcp4 (eth0): option expiry               => '1626618068',E503,[0,0
727,Jul 18 13:21:08 <info>  [1626614468.8447] dhcp4 (eth0): option host_name            => 'ip-172-31-17-0',E503,[0,0
728,Jul 18 13:21:08 <info>  [1626614468.8448] dhcp4 (eth0): option interface_mtu        => '9001',E503,[0,0
729,Jul 18 13:21:08 <info>  [1626614468.8448] dhcp4 (eth0): option ip_address           => '172.31.17.0',E503,[0,0
730,Jul 18 13:21:08 <info>  [1626614468.8448] dhcp4 (eth0): option requested_broadcast_address => '1',E503,[0,0
731,Jul 18 13:21:08 <info>  [1626614468.8448] dhcp4 (eth0): option requested_domain_name => '1',E503,[0,0
732,Jul 18 13:21:08 <info>  [1626614468.8448] dhcp4 (eth0): option requested_domain_name_servers => '1',E503,[0,0
733,Jul 18 13:21:08 <info>  [1626614468.8448] dhcp4 (eth0): option requested_domain_search => '1',E503,[0,0
734,Jul 18 13:21:08 <info>  [1626614468.8448] dhcp4 (eth0): option requested_host_name  => '1',E503,[0,0
735,Jul 18 13:21:08 <info>  [1626614468.8448] dhcp4 (eth0): option requested_interface_mtu => '1',E503,[0,0
736,Jul 18 13:21:08 <info>  [1626614468.8448] dhcp4 (eth0): option requested_ms_classless_static_routes => '1',E503,[0,0
737,Jul 18 13:21:08 <info>  [1626614468.8449] dhcp4 (eth0): option requested_nis_domain => '1',E503,[-658,0
738,Jul 18 13:21:08 <info>  [1626614468.8449] dhcp4 (eth0): option requested_nis_servers => '1',E503,[0,0
739,Jul 18 13:21:08 <info>  [1626614468.8449] dhcp4 (eth0): option requested_ntp_servers => '1',E503,[0,0
740,Jul 18 13:21:08 <info>  [1626614468.8449] dhcp4 (eth0): option requested_rfc3442_classless_static_routes => '1',E503,[0,0
741,Jul 18 13:21:08 <info>  [1626614468.8449] dhcp4 (eth0): option requested_root_path  => '1',E503,[-1131,0
742,Jul 18 13:21:08 <info>  [1626614468.8449] dhcp4 (eth0): option requested_routers    => '1',E503,[-11,0
743,Jul 18 13:21:08 <info>  [1626614468.8449] dhcp4 (eth0): option requested_static_routes => '1',E503,[0,0
744,Jul 18 13:21:08 <info>  [1626614468.8450] dhcp4 (eth0): option requested_subnet_mask => '1',E503,[0,0
745,Jul 18 13:21:08 <info>  [1626614468.8450] dhcp4 (eth0): option requested_time_offset => '1',E503,[0,0
746,Jul 18 13:21:08 <info>  [1626614468.8450] dhcp4 (eth0): option requested_wpad       => '1',E503,[0,0
747,Jul 18 13:21:08 <info>  [1626614468.8450] dhcp4 (eth0): option routers              => '172.31.16.1',E503,[0,0
748,Jul 18 13:21:08 <info>  [1626614468.8450] dhcp4 (eth0): option subnet_mask          => '255.255.240.0',E503,[0,0
749,Jul 18 13:21:08 <info>  [1626614468.8450] dhcp4 (eth0): state changed extended -> extended,E488,[0,1
750,"Jul 18 13:21:08 [system] Activating via systemd: service name='org.freedesktop.nm_dispatcher' unit='dbus-org.freedesktop.nm-dispatcher.service' requested by ':1.12' (uid=0 pid=819 comm=""/usr/sbin/NetworkManager --no-daemon "")",E497,[0,0
751,Jul 18 13:21:08 Starting Network Manager Script Dispatcher Service...,E93,[0],1
752,Jul 18 13:21:08 [system] Successfully activated service 'org.freedesktop.nm_dispatcher',E115,[0,1
753,Jul 18 13:21:08 Started Network Manager Script Dispatcher Service.,E47,[0],0
754,Jul 18 13:21:19 NetworkManager-dispatcher.service: Succeeded.,E357,[0],0
755,Jul 18 13:51:08 <info>  [1626616268.8450] dhcp4 (eth0): option dhcp_lease_time      => '3600',E503,[0,0
756,Jul 18 13:51:08 <info>  [1626616268.8450] dhcp4 (eth0): option domain_name          => 'ap-southeast-1.compute.internal',E503,[0,0
757,Jul 18 13:51:08 <info>  [1626616268.8450] dhcp4 (eth0): option domain_name_servers  => '172.31.0.2',E503,[0,0
758,Jul 18 13:51:08 <info>  [1626616268.8451] dhcp4 (eth0): option expiry               => '1626619868',E503,[0,0
759,Jul 18 13:51:08 <info>  [1626616268.8451] dhcp4 (eth0): option host_name            => 'ip-172-31-17-0',E503,[0,0
760,Jul 18 13:51:08 <info>  [1626616268.8451] dhcp4 (eth0): option interface_mtu        => '9001',E503,[0,0
761,Jul 18 13:51:08 <info>  [1626616268.8451] dhcp4 (eth0): option ip_address           => '172.31.17.0',E503,[0,0
762,Jul 18 13:51:08 <info>  [1626616268.8451] dhcp4 (eth0): option requested_broadcast_address => '1',E503,[0,0
763,Jul 18 13:51:08 <info>  [1626616268.8451] dhcp4 (eth0): option requested_domain_name => '1',E503,[0,0
764,Jul 18 13:51:08 <info>  [1626616268.8451] dhcp4 (eth0): option requested_domain_name_servers => '1',E503,[0,0
765,Jul 18 13:51:08 <info>  [1626616268.8451] dhcp4 (eth0): option requested_domain_search => '1',E503,[0,0
766,Jul 18 13:51:08 <info>  [1626616268.8451] dhcp4 (eth0): option requested_host_name  => '1',E503,[0,0
767,Jul 18 13:51:08 <info>  [1626616268.8452] dhcp4 (eth0): option requested_interface_mtu => '1',E503,[0,0
768,Jul 18 13:51:08 <info>  [1626616268.8452] dhcp4 (eth0): option requested_ms_classless_static_routes => '1',E503,[0,0
769,Jul 18 13:51:08 <info>  [1626616268.8452] dhcp4 (eth0): option requested_nis_domain => '1',E503,[0,0
770,Jul 18 13:51:08 <info>  [1626616268.8452] dhcp4 (eth0): option requested_nis_servers => '1',E503,[0,0
771,Jul 18 13:51:08 <info>  [1626616268.8452] dhcp4 (eth0): option requested_ntp_servers => '1',E503,[0,0
772,Jul 18 13:51:08 <info>  [1626616268.8452] dhcp4 (eth0): option requested_rfc3442_classless_static_routes => '1',E503,[0,0
773,Jul 18 13:51:08 <info>  [1626616268.8452] dhcp4 (eth0): option requested_root_path  => '1',E503,[-1789,0
774,Jul 18 13:51:08 <info>  [1626616268.8452] dhcp4 (eth0): option requested_routers    => '1',E503,[-11,0
775,Jul 18 13:51:08 <info>  [1626616268.8452] dhcp4 (eth0): option requested_static_routes => '1',E503,[0,0
776,Jul 18 13:51:08 <info>  [1626616268.8453] dhcp4 (eth0): option requested_subnet_mask => '1',E503,[0,0
777,Jul 18 13:51:08 <info>  [1626616268.8453] dhcp4 (eth0): option requested_time_offset => '1',E503,[0,0
778,Jul 18 13:51:08 <info>  [1626616268.8453] dhcp4 (eth0): option requested_wpad       => '1',E503,[0,0
779,Jul 18 13:51:08 <info>  [1626616268.8453] dhcp4 (eth0): option routers              => '172.31.16.1',E503,[0,0
780,Jul 18 13:51:08 <info>  [1626616268.8453] dhcp4 (eth0): option subnet_mask          => '255.255.240.0',E503,[0,0
781,Jul 18 13:51:08 <info>  [1626616268.8453] dhcp4 (eth0): state changed extended -> extended,E488,[0,1
782,"Jul 18 13:51:08 [system] Activating via systemd: service name='org.freedesktop.nm_dispatcher' unit='dbus-org.freedesktop.nm-dispatcher.service' requested by ':1.12' (uid=0 pid=819 comm=""/usr/sbin/NetworkManager --no-daemon "")",E497,[0,0
783,Jul 18 13:51:08 Starting Network Manager Script Dispatcher Service...,E93,[0],1
784,Jul 18 13:51:08 [system] Successfully activated service 'org.freedesktop.nm_dispatcher',E115,[0,1
785,Jul 18 13:51:08 Started Network Manager Script Dispatcher Service.,E47,[0],0
786,Jul 18 13:51:19 NetworkManager-dispatcher.service: Succeeded.,E357,[0],0
787,"Jul 18 17:33:32 Command line: BOOT_IMAGE=(hd0,msdos1)/boot/vmlinuz-4.18.0-240.15.1.el8_3.x86_64 root=UUID=e1fde865-e606-4e2b-b95a-dc593a01161f ro console=ttyS0,115200n8 no_timer_check net.ifnames=0 nvme_core.io_timeout=4294967295 nvme_core.max_retries=10 crashkernel=auto",E111,[0],0
788,Jul 18 17:33:32 x86/fpu: Supporting XSAVE feature 0x001: 'x87 floating point registers',E91,[0],0
789,Jul 18 17:33:32 x86/fpu: Supporting XSAVE feature 0x002: 'SSE registers',E103,[0,0
790,Jul 18 17:33:32 x86/fpu: Supporting XSAVE feature 0x004: 'AVX registers',E103,[0,0
791,"Jul 18 17:33:32 x86/fpu: xstate_offset[2]:  576, xstate_sizes[2]:  256",E531,[0,0
792,"Jul 18 17:33:32 x86/fpu: Enabled xstate features 0x7, context size is 832 bytes, using 'standard' format.",E337,[0],0
793,Jul 18 17:33:32 BIOS-provided physical RAM map:,E391,[0],0
794,Jul 18 17:33:32 BIOS-e820: [mem 0x0000000000000000-0x000000000009fbff] usable,E55,[0,0
795,Jul 18 17:33:32 BIOS-e820: [mem 0x000000000009fc00-0x000000000009ffff] reserved,E631,[0,1
796,Jul 18 17:33:32 BIOS-e820: [mem 0x00000000000f0000-0x00000000000fffff] reserved,E631,[0,1
797,Jul 18 17:33:32 BIOS-e820: [mem 0x0000000000100000-0x00000000bffe9fff] usable,E55,[0,0
798,Jul 18 17:33:32 BIOS-e820: [mem 0x00000000bffea000-0x00000000bfffffff] reserved,E631,[0,1
799,Jul 18 17:33:32 BIOS-e820: [mem 0x00000000e0000000-0x00000000e03fffff] reserved,E631,[0,1
800,Jul 18 17:33:32 BIOS-e820: [mem 0x00000000fffc0000-0x00000000ffffffff] reserved,E631,[0,1
801,Jul 18 17:33:32 BIOS-e820: [mem 0x0000000100000000-0x000000013cffffff] usable,E55,[0,0
802,Jul 18 17:33:32 BIOS-e820: [mem 0x000000013d000000-0x000000013fffffff] reserved,E631,[0,1
803,Jul 18 17:33:32 NX (Execute Disable) protection: active,E456,[0],0
804,Jul 18 17:33:32 SMBIOS 2.7 present.,E368,[0],0
805,"Jul 18 17:33:32 DMI: Amazon EC2 t3a.medium/, BIOS 1.0 10/16/2017",E613,[-711],0
806,Jul 18 17:33:32 Hypervisor detected: KVM,E249,[0],1
807,Jul 18 17:33:32 kvm-clock: Using msrs 4b564d01 and 4b564d00,E88,[0],0
808,"Jul 18 17:33:32 kvm-clock: cpu 0, msr 81e01001, primary cpu clock",E561,[-1,1
809,Jul 18 17:33:32 kvm-clock: using sched offset of 5892408292 cycles,E544,[0,0
810,"Jul 18 17:33:32 clocksource: kvm-clock: mask: 0xffffffffffffffff max_cycles: 0x1cd42e4dffb, max_idle_ns: 881590591483 ns",E208,[0,1
811,Jul 18 17:33:32 tsc: Detected 2199.938 MHz processor,E275,[-1,0
812,Jul 18 17:33:32 last_pfn = 0x13d000 max_arch_pfn = 0x400000000,E37,[0,0
813,Jul 18 17:33:32 x86/PAT: Configuration [0-7]: WB  WC  UC- UC  WB  WP  UC- WT,E486,[-2,0
814,Jul 18 17:33:32 last_pfn = 0xbffea max_arch_pfn = 0x400000000,E37,[-1,0
815,Jul 18 17:33:32 kexec: Reserving the low 1M of memory for crashkernel,E411,[0],0
816,Jul 18 17:33:32 Using GB pages for direct mapping,E505,[-1],0
817,Jul 18 17:33:32 RAMDISK: [mem 0x30c64000-0x34629fff],E177,[0],0
818,Jul 18 17:33:32 ACPI: Early table checksum verification disabled,E349,[-1],1
819,Jul 18 17:33:32 ACPI: RSDP 0x00000000000F8F40 000014 (v00 AMAZON),E535,[-1071],1
820,Jul 18 17:33:32 ACPI: RSDT 0x00000000BFFEE360 000040 (v01 AMAZON AMZNRSDT 00000001 AMZN 00000001),E193,[-11,0
821,Jul 18 17:33:32 ACPI: FACP 0x00000000BFFEFF80 000074 (v01 AMAZON AMZNFACP 00000001 AMZN 00000001),E193,[0,0
822,Jul 18 17:33:32 ACPI: DSDT 0x00000000BFFEE3A0 0010E9 (v01 AMAZON AMZNDSDT 00000001 AMZN 00000001),E193,[0,0
823,Jul 18 17:33:32 ACPI: FACS 0x00000000BFFEFF40 000040,E599,[0],1
824,Jul 18 17:33:32 ACPI: SSDT 0x00000000BFFEF6C0 00087A (v01 AMAZON AMZNSSDT 00000001 AMZN 00000001),E193,[0,0
825,Jul 18 17:33:32 ACPI: APIC 0x00000000BFFEF5D0 000076 (v01 AMAZON AMZNAPIC 00000001 AMZN 00000001),E193,[0,0
826,Jul 18 17:33:32 ACPI: SRAT 0x00000000BFFEF530 0000A0 (v01 AMAZON AMZNSRAT 00000001 AMZN 00000001),E193,[0,0
827,Jul 18 17:33:32 ACPI: SLIT 0x00000000BFFEF4C0 00006C (v01 AMAZON AMZNSLIT 00000001 AMZN 00000001),E193,[0,0
828,Jul 18 17:33:32 ACPI: WAET 0x00000000BFFEF490 000028 (v01 AMAZON AMZNWAET 00000001 AMZN 00000001),E193,[0,0
829,Jul 18 17:33:32 ACPI: HPET 0x00000000000C9000 000038 (v01 AMAZON AMZNHPET 00000001 AMZN 00000001),E193,[0,0
830,Jul 18 17:33:32 SRAT: PXM 0 -> APIC 0x00 -> Node 0,E145,[0,0
831,Jul 18 17:33:32 SRAT: PXM 0 -> APIC 0x01 -> Node 0,E145,[0,0
832,Jul 18 17:33:32 ACPI: SRAT: Node 0 PXM 0 [mem 0x00000000-0xbfffffff],E463,[0,0
833,Jul 18 17:33:32 ACPI: SRAT: Node 0 PXM 0 [mem 0x100000000-0x13fffffff],E463,[0,0
834,Jul 18 17:33:32 NUMA: Node 0 [mem 0x00000000-0xbfffffff] + [mem 0x100000000-0x13cffffff] -> [mem 0x00000000-0x13cffffff],E149,[0,0
835,Jul 18 17:33:32 NODE_DATA(0) allocated [mem 0x13cfd3000-0x13cffcfff],E528,[0,0
836,"Jul 18 17:33:32 Using crashkernel=auto, the size chosen is a best effort estimation.",E580,[0],0
837,Jul 18 17:33:32 Reserving 192MB of memory at 2864MB for crashkernel (System RAM: 4047MB),E81,[0],0
838,Jul 18 17:33:32 Zone ranges:,E635,[0],1
839,Jul 18 17:33:32 DMA      [mem 0x0000000000001000-0x0000000000ffffff],E476,[0,0
840,Jul 18 17:33:32 DMA32    [mem 0x0000000001000000-0x00000000ffffffff],E155,[0,1
841,Jul 18 17:33:32 Normal   [mem 0x0000000100000000-0x000000013cffffff],E364,[0,0
842,Jul 18 17:33:32 Device   empty,E479,[0,0
843,Jul 18 17:33:32 Movable zone start for each node,E333,[0],0
844,Jul 18 17:33:32 Early memory node ranges,E143,[0],0
845,Jul 18 17:33:32 node   0: [mem 0x0000000000001000-0x000000000009efff],E410,[0,0
846,Jul 18 17:33:32 node   0: [mem 0x0000000000100000-0x00000000bffe9fff],E410,[0,0
847,Jul 18 17:33:32 node   0: [mem 0x0000000100000000-0x000000013cffffff],E410,[0,0
848,Jul 18 17:33:32 Zeroed struct page in unavailable ranges: 12408 pages,E481,[0],0
849,Jul 18 17:33:32 Initmem setup node 0 [mem 0x0000000000001000-0x000000013cffffff],E376,[0],1
850,Jul 18 17:33:32 ACPI: PM-Timer IO Port: 0xb008,E576,[0],0
851,Jul 18 17:33:32 ACPI: LAPIC_NMI (acpi_id[0xff] dfl dfl lint[0x1]),E658,[-1789],1
852,"Jul 18 17:33:32 IOAPIC[0]: apic_id 0, version 17, address 0xfec00000, GSI 0-23",E400,[-11],1
853,Jul 18 17:33:32 ACPI: INT_SRC_OVR (bus 0 bus_irq 5 global_irq 5 high level),E405,[0,0
854,Jul 18 17:33:32 ACPI: INT_SRC_OVR (bus 0 bus_irq 9 global_irq 9 high level),E405,[0,0
855,Jul 18 17:33:32 ACPI: INT_SRC_OVR (bus 0 bus_irq 10 global_irq 10 high level),E405,[0,0
856,Jul 18 17:33:32 ACPI: INT_SRC_OVR (bus 0 bus_irq 11 global_irq 11 high level),E405,[0,0
857,Jul 18 17:33:32 Using ACPI (MADT) for SMP configuration information,E120,[0],0
858,Jul 18 17:33:32 ACPI: HPET id: 0x8086a201 base: 0xfed00000,E13,[0],0
859,"Jul 18 17:33:32 smpboot: Allowing 2 CPUs, 0 hotplug CPUs",E377,[0],0
860,Jul 18 17:33:32 PM: Registered nosave memory: [mem 0x00000000-0x00000fff],E114,[0,0
861,Jul 18 17:33:32 PM: Registered nosave memory: [mem 0x0009f000-0x0009ffff],E114,[0,0
862,Jul 18 17:33:32 PM: Registered nosave memory: [mem 0x000a0000-0x000effff],E114,[0,0
863,Jul 18 17:33:32 PM: Registered nosave memory: [mem 0x000f0000-0x000fffff],E114,[0,0
864,Jul 18 17:33:32 PM: Registered nosave memory: [mem 0xbffea000-0xbfffffff],E114,[0,0
865,Jul 18 17:33:32 PM: Registered nosave memory: [mem 0xc0000000-0xdfffffff],E114,[0,0
866,Jul 18 17:33:32 PM: Registered nosave memory: [mem 0xe0000000-0xe03fffff],E114,[0,0
867,Jul 18 17:33:32 PM: Registered nosave memory: [mem 0xe0400000-0xfffbffff],E114,[0,0
868,Jul 18 17:33:32 PM: Registered nosave memory: [mem 0xfffc0000-0xffffffff],E114,[0,0
869,Jul 18 17:33:32 [mem 0xc0000000-0xdfffffff] available for PCI devices,E148,[0],0
870,Jul 18 17:33:32 Booting paravirtualized kernel on KVM,E562,[0],0
871,"Jul 18 17:33:32 clocksource: refined-jiffies: mask: 0xffffffff max_cycles: 0xffffffff, max_idle_ns: 1910969940391419 ns",E217,[0,0
872,Jul 18 17:33:32 setup_percpu: NR_CPUS:8192 nr_cpumask_bits:2 nr_cpu_ids:2 nr_node_ids:1,E454,[0],0
873,Jul 18 17:33:32 percpu: Embedded 54 pages/cpu s184320 r8192 d28672 u1048576,E306,[0],0
874,Jul 18 17:33:32 KVM setup async PF for cpu 0,E75,[0,0
875,"Jul 18 17:33:32 kvm-stealtime: cpu 0, msr 138a2c080",E150,[0,0
876,"Jul 18 17:33:32 PV qspinlock hash table entries: 256 (order: 0, 4096 bytes)",E539,[0],0
877,"Jul 18 17:33:32 Built 1 zonelists, mobility grouping on.  Total pages: 1019818",E51,[0,1
878,Jul 18 17:33:32 Policy zone: Normal,E381,[0],0
879,"Jul 18 17:33:32 Kernel command line: BOOT_IMAGE=(hd0,msdos1)/boot/vmlinuz-4.18.0-240.15.1.el8_3.x86_64 root=UUID=e1fde865-e606-4e2b-b95a-dc593a01161f ro console=ttyS0,115200n8 no_timer_check net.ifnames=0 nvme_core.io_timeout=4294967295 nvme_core.max_retries=10 crashkernel=auto",E33,[0],0
880,Jul 18 17:33:32 Specific versions of hardware are certified with Red Hat Enterprise Linux 8. Please see the list of hardware certified with Red Hat Enterprise Linux 8 at https://catalog.redhat.com.,E323,[0],0
881,"Jul 18 17:33:32 Memory: 2911324K/4144672K available (12292K kernel code, 2184K rwdata, 3960K rodata, 2432K init, 13460K bss, 431812K reserved, 0K cma-reserved)",E494,[0,0
882,"Jul 18 17:33:32 SLUB: HWalign=64, Order=0-3, MinObjects=0, CPUs=2, Nodes=1",E156,[0],0
883,Jul 18 17:33:32 ftrace: allocating 37453 entries in 147 pages,E298,[-778],1
884,Jul 18 17:33:32 ftrace: allocated 147 pages with 4 groups,E609,[0],0
885,Jul 18 17:33:32 rcu: Hierarchical RCU implementation.,E610,[0,0
886,Jul 18 17:33:32 rcu: #011RCU restricting CPUs from NR_CPUS=8192 to nr_cpu_ids=2.,E233,[0],0
887,Jul 18 17:33:32 rcu: RCU calculated value of scheduler-enlistment delay is 100 jiffies.,E553,[-1011],0
888,"Jul 18 17:33:32 rcu: Adjusting geometry for rcu_fanout_leaf=16, nr_cpu_ids=2",E532,[-11],0
889,"Jul 18 17:33:32 NR_IRQS: 524544, nr_irqs: 440, preallocated irqs: 16",E380,[0],1
890,Jul 18 17:33:32 random: crng done (trusting CPU's manufacturer),E538,[0],0
891,Jul 18 17:33:32 Console: colour VGA+ 80x25,E79,[0],0
892,Jul 18 17:33:32 printk: console [ttyS0] enabled,E68,[0],0
893,Jul 18 17:33:32 ACPI: Core revision 20200110,E396,[0],0
894,"Jul 18 17:33:32 clocksource: hpet: mask: 0xffffffff max_cycles: 0xffffffff, max_idle_ns: 30580167144 ns",E217,[0,0
895,Jul 18 17:33:32 APIC: Switch to symmetric I/O mode setup,E74,[0],1
896,Jul 18 17:33:32 ..TIMER: vector=0x30 apic1=0 pin1=0 apic2=-1 pin2=-1,E617,[0],1
897,"Jul 18 17:33:32 clocksource: tsc-early: mask: 0xffffffffffffffff max_cycles: 0x1fb5f853529, max_idle_ns: 440795251272 ns",E208,[0,1
898,Jul 18 17:33:32 Calibrating delay loop (skipped) preset value.. 4399.87 BogoMIPS (lpj=2199938),E271,[0,0
899,Jul 18 17:33:32 pid_max: default: 32768 minimum: 301,E273,[0],1
900,Jul 18 17:33:32 Security Framework initialized,E116,[0],1
901,Jul 18 17:33:32 Yama: becoming mindful.,E300,[0],0
902,Jul 18 17:33:32 SELinux:  Initializing.,E480,[0,1
903,"Jul 18 17:33:32 Dentry cache hash table entries: 524288 (order: 10, 4194304 bytes)",E489,[0],0
904,"Jul 18 17:33:32 Inode-cache hash table entries: 262144 (order: 9, 2097152 bytes)",E73,[0],0
905,"Jul 18 17:33:32 Mount-cache hash table entries: 8192 (order: 4, 65536 bytes)",E385,[0],1
906,"Jul 18 17:33:32 Mountpoint-cache hash table entries: 8192 (order: 4, 65536 bytes)",E78,[0],0
907,"Jul 18 17:33:32 Last level iTLB entries: 4KB 1024, 2MB 1024, 4MB 512",E625,[0],0
908,"Jul 18 17:33:32 Last level dTLB entries: 4KB 1536, 2MB 1536, 4MB 768, 1GB 0",E99,[0],1
909,Jul 18 17:33:32 FEATURE SPEC_CTRL Not Present,E3,[0,1
910,Jul 18 17:33:32 FEATURE IBPB_SUPPORT Not Present,E3,[0,1
911,Jul 18 17:33:32 Spectre V1 : Mitigation: usercopy/swapgs barriers and __user pointer sanitization,E4,[0],1
912,Jul 18 17:33:32 Spectre V2 : Mitigation: Full AMD retpoline,E52,[0],0
913,Jul 18 17:33:32 Spectre V2 : Spectre v2 / SpectreRSB mitigation: Filling RSB on context switch,E575,[0],1
914,Jul 18 17:33:32 Speculative Store Bypass: Vulnerable,E215,[0],0
915,Jul 18 17:33:32 Freeing SMP alternatives memory: 32K,E506,[0],0
916,"Jul 18 17:33:32 smpboot: CPU0: AMD EPYC 7571 (family: 0x17, model: 0x1, stepping: 0x2)",E239,[0],0
917,"Jul 18 17:33:32 Performance Events: PMU not available due to virtualization, using software events only.",E545,[0],0
918,Jul 18 17:33:32 rcu: Hierarchical SRCU implementation.,E610,[0,0
919,Jul 18 17:33:32 NMI watchdog: Perf NMI watchdog permanently disabled,E618,[-1789],0
920,Jul 18 17:33:32 smp: Bringing up secondary CPUs ...,E119,[-11],1
921,Jul 18 17:33:32 x86: Booting SMP configuration:,E308,[0],0
922,"Jul 18 17:33:32 .... node  #0, CPUs:      #1",E390,[0,0
923,"Jul 18 17:33:32 kvm-clock: cpu 1, msr 81e01041, secondary cpu clock",E561,[0,1
924,Jul 18 17:33:32 KVM setup async PF for cpu 1,E75,[0,0
925,"Jul 18 17:33:32 kvm-stealtime: cpu 1, msr 138b2c080",E150,[0,0
926,"Jul 18 17:33:32 smp: Brought up 1 node, 2 CPUs",E180,[0],0
927,Jul 18 17:33:32 smpboot: Max logical packages: 1,E236,[0],0
928,Jul 18 17:33:32 smpboot: Total of 2 processors activated (8799.75 BogoMIPS),E636,[0,0
929,Jul 18 17:33:32 node 0 deferred pages initialised in 4ms,E589,[0,0
930,Jul 18 17:33:32 devtmpfs: initialized,E449,[0],0
931,Jul 18 17:33:32 x86/mm: Memory block size: 128MB,E110,[0],0
932,"Jul 18 17:33:32 clocksource: jiffies: mask: 0xffffffff max_cycles: 0xffffffff, max_idle_ns: 1911260446275000 ns",E217,[0,0
933,"Jul 18 17:33:32 futex hash table entries: 512 (order: 3, 32768 bytes)",E510,[0],0
934,Jul 18 17:33:32 pinctrl core: initialized pinctrl subsystem,E492,[0],0
935,Jul 18 17:33:32 NET: Registered protocol family 16,E621,[0,0
936,Jul 18 17:33:32 audit: initializing netlink subsys (disabled),E399,[0],0
937,Jul 18 17:33:32 audit: type=2000 audit(1626629610.905:1): state=initialized audit_enabled=0 res=1,E467,[0,0
938,Jul 18 17:33:32 cpuidle: using governor menu,E186,[0],0
939,Jul 18 17:33:32 ACPI: bus type PCI registered,E469,[0,1
940,Jul 18 17:33:32 acpiphp: ACPI Hot Plug PCI Controller Driver version: 0.5,E560,[0],0
941,Jul 18 17:33:32 PCI: Using configuration type 1 for base access,E414,[0,0
942,Jul 18 17:33:32 PCI: Using configuration type 1 for extended access,E414,[0,0
943,"Jul 18 17:33:32 HugeTLB registered 1.00 GiB page size, pre-allocated 0 pages",E611,[0,0
944,"Jul 18 17:33:32 HugeTLB registered 2.00 MiB page size, pre-allocated 0 pages",E611,[0,0
945,Jul 18 17:33:32 cryptd: max_cpu_qlen set to 1000,E136,[0],0
946,Jul 18 17:33:32 ACPI: Added _OSI(Module Device),E370,[0,0
947,Jul 18 17:33:32 ACPI: Added _OSI(Processor Device),E370,[0,0
948,Jul 18 17:33:32 ACPI: Added _OSI(3.0 _SCP Extensions),E123,[0],0
949,Jul 18 17:33:32 ACPI: Added _OSI(Processor Aggregator Device),E626,[0],1
950,Jul 18 17:33:32 ACPI: Added _OSI(Linux-Dell-Video),E121,[0,1
951,Jul 18 17:33:32 ACPI: Added _OSI(Linux-Lenovo-NV-HDMI-Audio),E121,[-799,1
952,Jul 18 17:33:32 ACPI: Added _OSI(Linux-HPI-Hybrid-Graphics),E121,[0,1
953,Jul 18 17:33:32 ACPI: 2 ACPI AML tables successfully acquired and loaded,E477,[0],0
954,Jul 18 17:33:32 ACPI: Interpreter enabled,E659,[0],0
955,Jul 18 17:33:32 ACPI: (supports S0 S4 S5),E470,[-990],0
956,Jul 18 17:33:32 ACPI: Using IOAPIC for interrupt routing,E431,[-11],0
957,"Jul 18 17:33:32 PCI: Using host bridge windows from ACPI; if necessary, use ""pci=nocrs"" and report a bug",E423,[0],1
958,Jul 18 17:33:32 ACPI: Enabled 16 GPEs in block 00 to 0F,E614,[0],0
959,Jul 18 17:33:32 ACPI: PCI Root Bridge [PCI0] (domain 0000 [bus 00-ff]),E362,[0],1
960,Jul 18 17:33:32 acpi PNP0A03:00: _OSC: OS supports [ExtendedConfig ASPM ClockPM Segments MSI EDR HPX-Type3],E573,[0],0
961,Jul 18 17:33:32 acpiphp: Slot [3] registered,E530,[0,0
962,Jul 18 17:33:32 acpiphp: Slot [4] registered,E530,[0,0
963,Jul 18 17:33:32 acpiphp: Slot [5] registered,E530,[0,0
964,Jul 18 17:33:32 acpiphp: Slot [6] registered,E530,[0,0
965,Jul 18 17:33:32 acpiphp: Slot [7] registered,E530,[0,0
966,Jul 18 17:33:32 acpiphp: Slot [8] registered,E530,[0,0
967,Jul 18 17:33:32 acpiphp: Slot [9] registered,E530,[0,0
968,Jul 18 17:33:32 acpiphp: Slot [10] registered,E530,[0,0
969,Jul 18 17:33:32 acpiphp: Slot [11] registered,E530,[0,0
