log message,log key,parameter value vector
"Jul 18 03:48:01 [origin software=""rsyslogd"" swVersion=""8.1911.0-6.el8"" x-pid=""922"" x-info=""https://www.rsyslog.com""] rsyslogd was HUPed",E501,[0]
Jul 18 03:51:08 <info>  [1626580268.8422] dhcp4 (eth0): option dhcp_lease_time      => '3600',E503,[0
Jul 18 03:51:08 <info>  [1626580268.8422] dhcp4 (eth0): option domain_name          => 'ap-southeast-1.compute.internal',E503,[0
Jul 18 03:51:08 <info>  [1626580268.8422] dhcp4 (eth0): option domain_name_servers  => '172.31.0.2',E503,[-114
Jul 18 03:51:08 <info>  [1626580268.8422] dhcp4 (eth0): option expiry               => '1626583868',E503,[-10
Jul 18 03:51:08 <info>  [1626580268.8423] dhcp4 (eth0): option host_name            => 'ip-172-31-17-0',E503,[0
Jul 18 03:51:08 <info>  [1626580268.8423] dhcp4 (eth0): option interface_mtu        => '9001',E503,[0
Jul 18 03:51:08 <info>  [1626580268.8423] dhcp4 (eth0): option ip_address           => '172.31.17.0',E503,[0
Jul 18 03:51:08 <info>  [1626580268.8423] dhcp4 (eth0): option requested_broadcast_address => '1',E503,[0
Jul 18 03:51:08 <info>  [1626580268.8423] dhcp4 (eth0): option requested_domain_name => '1',E503,[0
Jul 18 03:51:08 <info>  [1626580268.8423] dhcp4 (eth0): option requested_domain_name_servers => '1',E503,[0
Jul 18 03:51:08 <info>  [1626580268.8423] dhcp4 (eth0): option requested_domain_search => '1',E503,[0
Jul 18 03:51:08 <info>  [1626580268.8424] dhcp4 (eth0): option requested_host_name  => '1',E503,[0
Jul 18 03:51:08 <info>  [1626580268.8424] dhcp4 (eth0): option requested_interface_mtu => '1',E503,[0
Jul 18 03:51:08 <info>  [1626580268.8424] dhcp4 (eth0): option requested_ms_classless_static_routes => '1',E503,[0
Jul 18 03:51:08 <info>  [1626580268.8424] dhcp4 (eth0): option requested_nis_domain => '1',E503,[0
Jul 18 03:51:08 <info>  [1626580268.8424] dhcp4 (eth0): option requested_nis_servers => '1',E503,[0
Jul 18 03:51:08 <info>  [1626580268.8424] dhcp4 (eth0): option requested_ntp_servers => '1',E503,[0
Jul 18 03:51:08 <info>  [1626580268.8424] dhcp4 (eth0): option requested_rfc3442_classless_static_routes => '1',E503,[0
Jul 18 03:51:08 <info>  [1626580268.8424] dhcp4 (eth0): option requested_root_path  => '1',E503,[-827
Jul 18 03:51:08 <info>  [1626580268.8424] dhcp4 (eth0): option requested_routers    => '1',E503,[-11
Jul 18 03:51:08 <info>  [1626580268.8425] dhcp4 (eth0): option requested_static_routes => '1',E503,[0
Jul 18 03:51:08 <info>  [1626580268.8425] dhcp4 (eth0): option requested_subnet_mask => '1',E503,[0
Jul 18 03:51:08 <info>  [1626580268.8425] dhcp4 (eth0): option requested_time_offset => '1',E503,[0
Jul 18 03:51:08 <info>  [1626580268.8425] dhcp4 (eth0): option requested_wpad       => '1',E503,[0
Jul 18 03:51:08 <info>  [1626580268.8425] dhcp4 (eth0): option routers              => '172.31.16.1',E503,[0
Jul 18 03:51:08 <info>  [1626580268.8425] dhcp4 (eth0): option subnet_mask          => '255.255.240.0',E503,[0
Jul 18 03:51:08 <info>  [1626580268.8425] dhcp4 (eth0): state changed extended -> extended,E488,[0
"Jul 18 03:51:08 [system] Activating via systemd: service name='org.freedesktop.nm_dispatcher' unit='dbus-org.freedesktop.nm-dispatcher.service' requested by ':1.12' (uid=0 pid=819 comm=""/usr/sbin/NetworkManager --no-daemon "")",E497,[0
Jul 18 03:51:08 Starting Network Manager Script Dispatcher Service...,E93,[0]
Jul 18 03:51:08 [system] Successfully activated service 'org.freedesktop.nm_dispatcher',E115,[0
Jul 18 03:51:08 Started Network Manager Script Dispatcher Service.,E47,[0]
Jul 18 03:51:19 NetworkManager-dispatcher.service: Succeeded.,E357,[0]
Jul 18 04:02:43 Starting dnf makecache...,E104,[0]
Jul 18 04:02:44 Metadata cache refreshed recently.,E524,[0]
Jul 18 04:02:44 dnf-makecache.service: Succeeded.,E257,[0]
Jul 18 04:02:44 Started dnf makecache.,E341,[0]
Jul 18 04:21:08 <info>  [1626582068.8429] dhcp4 (eth0): option dhcp_lease_time      => '3600',E503,[0
Jul 18 04:21:08 <info>  [1626582068.8430] dhcp4 (eth0): option domain_name          => 'ap-southeast-1.compute.internal',E503,[0
Jul 18 04:21:08 <info>  [1626582068.8430] dhcp4 (eth0): option domain_name_servers  => '172.31.0.2',E503,[0
Jul 18 04:21:08 <info>  [1626582068.8430] dhcp4 (eth0): option expiry               => '1626585668',E503,[0
Jul 18 04:21:08 <info>  [1626582068.8430] dhcp4 (eth0): option host_name            => 'ip-172-31-17-0',E503,[0
Jul 18 04:21:08 <info>  [1626582068.8431] dhcp4 (eth0): option interface_mtu        => '9001',E503,[0
Jul 18 04:21:08 <info>  [1626582068.8431] dhcp4 (eth0): option ip_address           => '172.31.17.0',E503,[0
Jul 18 04:21:08 <info>  [1626582068.8431] dhcp4 (eth0): option requested_broadcast_address => '1',E503,[0
Jul 18 04:21:08 <info>  [1626582068.8431] dhcp4 (eth0): option requested_domain_name => '1',E503,[0
Jul 18 04:21:08 <info>  [1626582068.8431] dhcp4 (eth0): option requested_domain_name_servers => '1',E503,[0
Jul 18 04:21:08 <info>  [1626582068.8431] dhcp4 (eth0): option requested_domain_search => '1',E503,[0
Jul 18 04:21:08 <info>  [1626582068.8431] dhcp4 (eth0): option requested_host_name  => '1',E503,[0
Jul 18 04:21:08 <info>  [1626582068.8431] dhcp4 (eth0): option requested_interface_mtu => '1',E503,[0
Jul 18 04:21:08 <info>  [1626582068.8431] dhcp4 (eth0): option requested_ms_classless_static_routes => '1',E503,[0
Jul 18 04:21:08 <info>  [1626582068.8431] dhcp4 (eth0): option requested_nis_domain => '1',E503,[-238
Jul 18 04:21:08 <info>  [1626582068.8432] dhcp4 (eth0): option requested_nis_servers => '1',E503,[0
Jul 18 04:21:08 <info>  [1626582068.8432] dhcp4 (eth0): option requested_ntp_servers => '1',E503,[0
Jul 18 04:21:08 <info>  [1626582068.8432] dhcp4 (eth0): option requested_rfc3442_classless_static_routes => '1',E503,[0
Jul 18 04:21:08 <info>  [1626582068.8432] dhcp4 (eth0): option requested_root_path  => '1',E503,[-1551
Jul 18 04:21:08 <info>  [1626582068.8432] dhcp4 (eth0): option requested_routers    => '1',E503,[-11
Jul 18 04:21:08 <info>  [1626582068.8432] dhcp4 (eth0): option requested_static_routes => '1',E503,[0
Jul 18 04:21:08 <info>  [1626582068.8432] dhcp4 (eth0): option requested_subnet_mask => '1',E503,[0
Jul 18 04:21:08 <info>  [1626582068.8432] dhcp4 (eth0): option requested_time_offset => '1',E503,[0
Jul 18 04:21:08 <info>  [1626582068.8433] dhcp4 (eth0): option requested_wpad       => '1',E503,[0
Jul 18 04:21:08 <info>  [1626582068.8433] dhcp4 (eth0): option routers              => '172.31.16.1',E503,[0
Jul 18 04:21:08 <info>  [1626582068.8433] dhcp4 (eth0): option subnet_mask          => '255.255.240.0',E503,[0
Jul 18 04:21:08 <info>  [1626582068.8433] dhcp4 (eth0): state changed extended -> extended,E488,[0
"Jul 18 04:21:08 [system] Activating via systemd: service name='org.freedesktop.nm_dispatcher' unit='dbus-org.freedesktop.nm-dispatcher.service' requested by ':1.12' (uid=0 pid=819 comm=""/usr/sbin/NetworkManager --no-daemon "")",E497,[0
Jul 18 04:21:08 Starting Network Manager Script Dispatcher Service...,E93,[0]
Jul 18 04:21:08 [system] Successfully activated service 'org.freedesktop.nm_dispatcher',E115,[0
Jul 18 04:21:08 Started Network Manager Script Dispatcher Service.,E47,[0]
Jul 18 04:21:19 NetworkManager-dispatcher.service: Succeeded.,E357,[0]
Jul 18 04:51:08 <info>  [1626583868.8426] dhcp4 (eth0): option dhcp_lease_time      => '3600',E503,[0
Jul 18 04:51:08 <info>  [1626583868.8427] dhcp4 (eth0): option domain_name          => 'ap-southeast-1.compute.internal',E503,[0
Jul 18 04:51:08 <info>  [1626583868.8427] dhcp4 (eth0): option domain_name_servers  => '172.31.0.2',E503,[0
Jul 18 04:51:08 <info>  [1626583868.8427] dhcp4 (eth0): option expiry               => '1626587468',E503,[0
Jul 18 04:51:08 <info>  [1626583868.8427] dhcp4 (eth0): option host_name            => 'ip-172-31-17-0',E503,[0
Jul 18 04:51:08 <info>  [1626583868.8427] dhcp4 (eth0): option interface_mtu        => '9001',E503,[0
Jul 18 04:51:08 <info>  [1626583868.8427] dhcp4 (eth0): option ip_address           => '172.31.17.0',E503,[0
Jul 18 04:51:08 <info>  [1626583868.8427] dhcp4 (eth0): option requested_broadcast_address => '1',E503,[0
Jul 18 04:51:08 <info>  [1626583868.8427] dhcp4 (eth0): option requested_domain_name => '1',E503,[0
Jul 18 04:51:08 <info>  [1626583868.8428] dhcp4 (eth0): option requested_domain_name_servers => '1',E503,[0
Jul 18 04:51:08 <info>  [1626583868.8428] dhcp4 (eth0): option requested_domain_search => '1',E503,[0
Jul 18 04:51:08 <info>  [1626583868.8428] dhcp4 (eth0): option requested_host_name  => '1',E503,[0
Jul 18 04:51:08 <info>  [1626583868.8428] dhcp4 (eth0): option requested_interface_mtu => '1',E503,[0
Jul 18 04:51:08 <info>  [1626583868.8428] dhcp4 (eth0): option requested_ms_classless_static_routes => '1',E503,[0
Jul 18 04:51:08 <info>  [1626583868.8428] dhcp4 (eth0): option requested_nis_domain => '1',E503,[0
Jul 18 04:51:08 <info>  [1626583868.8428] dhcp4 (eth0): option requested_nis_servers => '1',E503,[0
Jul 18 04:51:08 <info>  [1626583868.8428] dhcp4 (eth0): option requested_ntp_servers => '1',E503,[0
Jul 18 04:51:08 <info>  [1626583868.8428] dhcp4 (eth0): option requested_rfc3442_classless_static_routes => '1',E503,[0
Jul 18 04:51:08 <info>  [1626583868.8429] dhcp4 (eth0): option requested_root_path  => '1',E503,[-1789
Jul 18 04:51:08 <info>  [1626583868.8429] dhcp4 (eth0): option requested_routers    => '1',E503,[-11
Jul 18 04:51:08 <info>  [1626583868.8429] dhcp4 (eth0): option requested_static_routes => '1',E503,[0
Jul 18 04:51:08 <info>  [1626583868.8429] dhcp4 (eth0): option requested_subnet_mask => '1',E503,[0
Jul 18 04:51:08 <info>  [1626583868.8429] dhcp4 (eth0): option requested_time_offset => '1',E503,[0
Jul 18 04:51:08 <info>  [1626583868.8429] dhcp4 (eth0): option requested_wpad       => '1',E503,[0
Jul 18 04:51:08 <info>  [1626583868.8429] dhcp4 (eth0): option routers              => '172.31.16.1',E503,[0
Jul 18 04:51:08 <info>  [1626583868.8429] dhcp4 (eth0): option subnet_mask          => '255.255.240.0',E503,[0
Jul 18 04:51:08 <info>  [1626583868.8429] dhcp4 (eth0): state changed extended -> extended,E488,[0
"Jul 18 04:51:08 [system] Activating via systemd: service name='org.freedesktop.nm_dispatcher' unit='dbus-org.freedesktop.nm-dispatcher.service' requested by ':1.12' (uid=0 pid=819 comm=""/usr/sbin/NetworkManager --no-daemon "")",E497,[0
Jul 18 04:51:08 Starting Network Manager Script Dispatcher Service...,E93,[0]
Jul 18 04:51:08 [system] Successfully activated service 'org.freedesktop.nm_dispatcher',E115,[0
Jul 18 04:51:08 Started Network Manager Script Dispatcher Service.,E47,[0]
Jul 18 04:51:19 NetworkManager-dispatcher.service: Succeeded.,E357,[0]
Jul 18 05:03:43 Starting dnf makecache...,E104,[0]
Jul 18 05:03:44 gravwell                                        4.2 kB/s | 2.9 kB     00:00,E478,[0
Jul 18 05:03:45 CentOS Linux 8 - AppStream                      9.7 kB/s | 4.3 kB     00:00,E206,[0
Jul 18 05:03:45 CentOS Linux 8 - BaseOS                          12 kB/s | 3.9 kB     00:00,E206,[0
Jul 18 05:03:46 CentOS Linux 8 - Extras                         3.4 kB/s | 1.5 kB     00:00,E206,[0
Jul 18 05:03:47 Extra Packages for Enterprise Linux Modular 8 -  38 kB/s |  61 kB     00:01,E409,[0
Jul 18 05:03:48 Extra Packages for Enterprise Linux 8 - x86_64   34 kB/s |  34 kB     00:00,E619,[0
Jul 18 05:03:52 Extra Packages for Enterprise Linux 8 - x86_64  2.8 MB/s |  10 MB     00:03,E619,[0
Jul 18 05:03:55 Kibana repository for 7.x packages               76 kB/s | 1.3 kB     00:00,E161,[0
Jul 18 05:03:56 Remi's Modular repository for Enterprise Linux  4.6 kB/s | 3.5 kB     00:00,E162,[0
Jul 18 05:03:57 Safe Remi's RPM repository for Enterprise Linux 4.6 kB/s | 3.0 kB     00:00,E172,[0
Jul 18 05:03:57 EL- - Wazuh                                     188 kB/s | 3.4 kB     00:00,E14,[0
Jul 18 05:03:58 Metadata cache created.,E641,[0]
Jul 18 05:03:58 dnf-makecache.service: Succeeded.,E257,[0]
Jul 18 05:03:58 Started dnf makecache.,E341,[0]
Jul 18 05:21:08 <info>  [1626585668.8425] dhcp4 (eth0): option dhcp_lease_time      => '3600',E503,[0
Jul 18 05:21:08 <info>  [1626585668.8425] dhcp4 (eth0): option domain_name          => 'ap-southeast-1.compute.internal',E503,[0
Jul 18 05:21:08 <info>  [1626585668.8425] dhcp4 (eth0): option domain_name_servers  => '172.31.0.2',E503,[0
Jul 18 05:21:08 <info>  [1626585668.8426] dhcp4 (eth0): option expiry               => '1626589268',E503,[-250
Jul 18 05:21:08 <info>  [1626585668.8426] dhcp4 (eth0): option host_name            => 'ip-172-31-17-0',E503,[0
Jul 18 05:21:08 <info>  [1626585668.8426] dhcp4 (eth0): option interface_mtu        => '9001',E503,[0
Jul 18 05:21:08 <info>  [1626585668.8426] dhcp4 (eth0): option ip_address           => '172.31.17.0',E503,[0
Jul 18 05:21:08 <info>  [1626585668.8426] dhcp4 (eth0): option requested_broadcast_address => '1',E503,[0
Jul 18 05:21:08 <info>  [1626585668.8426] dhcp4 (eth0): option requested_domain_name => '1',E503,[-1
Jul 18 05:21:08 <info>  [1626585668.8426] dhcp4 (eth0): option requested_domain_name_servers => '1',E503,[-1
Jul 18 05:21:08 <info>  [1626585668.8426] dhcp4 (eth0): option requested_domain_search => '1',E503,[0
Jul 18 05:21:08 <info>  [1626585668.8426] dhcp4 (eth0): option requested_host_name  => '1',E503,[-1
Jul 18 05:21:08 <info>  [1626585668.8427] dhcp4 (eth0): option requested_interface_mtu => '1',E503,[-2
Jul 18 05:21:08 <info>  [1626585668.8427] dhcp4 (eth0): option requested_ms_classless_static_routes => '1',E503,[0
Jul 18 05:21:08 <info>  [1626585668.8427] dhcp4 (eth0): option requested_nis_domain => '1',E503,[-2
Jul 18 05:21:08 <info>  [1626585668.8427] dhcp4 (eth0): option requested_nis_servers => '1',E503,[-1
Jul 18 05:21:08 <info>  [1626585668.8427] dhcp4 (eth0): option requested_ntp_servers => '1',E503,[-1
Jul 18 05:21:08 <info>  [1626585668.8427] dhcp4 (eth0): option requested_rfc3442_classless_static_routes => '1',E503,[-1530
Jul 18 05:21:08 <info>  [1626585668.8427] dhcp4 (eth0): option requested_root_path  => '1',E503,[-11
Jul 18 05:21:08 <info>  [1626585668.8427] dhcp4 (eth0): option requested_routers    => '1',E503,[0
Jul 18 05:21:08 <info>  [1626585668.8427] dhcp4 (eth0): option requested_static_routes => '1',E503,[0
Jul 18 05:21:08 <info>  [1626585668.8428] dhcp4 (eth0): option requested_subnet_mask => '1',E503,[0
Jul 18 05:21:08 <info>  [1626585668.8428] dhcp4 (eth0): option requested_time_offset => '1',E503,[0
Jul 18 05:21:08 <info>  [1626585668.8428] dhcp4 (eth0): option requested_wpad       => '1',E503,[0
Jul 18 05:21:08 <info>  [1626585668.8428] dhcp4 (eth0): option routers              => '172.31.16.1',E503,[0
Jul 18 05:21:08 <info>  [1626585668.8428] dhcp4 (eth0): option subnet_mask          => '255.255.240.0',E503,[0
Jul 18 05:21:08 <info>  [1626585668.8428] dhcp4 (eth0): state changed extended -> extended,E488,[0
"Jul 18 05:21:08 [system] Activating via systemd: service name='org.freedesktop.nm_dispatcher' unit='dbus-org.freedesktop.nm-dispatcher.service' requested by ':1.12' (uid=0 pid=819 comm=""/usr/sbin/NetworkManager --no-daemon "")",E497,[0
Jul 18 05:21:08 Starting Network Manager Script Dispatcher Service...,E93,[0]
Jul 18 05:21:08 [system] Successfully activated service 'org.freedesktop.nm_dispatcher',E115,[0
Jul 18 05:21:08 Started Network Manager Script Dispatcher Service.,E47,[0]
Jul 18 05:21:19 NetworkManager-dispatcher.service: Succeeded.,E357,[0]
Jul 18 05:51:08 <info>  [1626587468.8431] dhcp4 (eth0): option dhcp_lease_time      => '3600',E503,[0
Jul 18 05:51:08 <info>  [1626587468.8431] dhcp4 (eth0): option domain_name          => 'ap-southeast-1.compute.internal',E503,[0
Jul 18 05:51:08 <info>  [1626587468.8431] dhcp4 (eth0): option domain_name_servers  => '172.31.0.2',E503,[0
Jul 18 05:51:08 <info>  [1626587468.8432] dhcp4 (eth0): option expiry               => '1626591068',E503,[0
Jul 18 05:51:08 <info>  [1626587468.8432] dhcp4 (eth0): option host_name            => 'ip-172-31-17-0',E503,[0
Jul 18 05:51:08 <info>  [1626587468.8432] dhcp4 (eth0): option interface_mtu        => '9001',E503,[0
Jul 18 05:51:08 <info>  [1626587468.8432] dhcp4 (eth0): option ip_address           => '172.31.17.0',E503,[0
Jul 18 05:51:08 <info>  [1626587468.8432] dhcp4 (eth0): option requested_broadcast_address => '1',E503,[0
Jul 18 05:51:08 <info>  [1626587468.8432] dhcp4 (eth0): option requested_domain_name => '1',E503,[0
Jul 18 05:51:08 <info>  [1626587468.8432] dhcp4 (eth0): option requested_domain_name_servers => '1',E503,[0
Jul 18 05:51:08 <info>  [1626587468.8432] dhcp4 (eth0): option requested_domain_search => '1',E503,[0
Jul 18 05:51:08 <info>  [1626587468.8432] dhcp4 (eth0): option requested_host_name  => '1',E503,[0
Jul 18 05:51:08 <info>  [1626587468.8432] dhcp4 (eth0): option requested_interface_mtu => '1',E503,[0
Jul 18 05:51:08 <info>  [1626587468.8433] dhcp4 (eth0): option requested_ms_classless_static_routes => '1',E503,[0
Jul 18 05:51:08 <info>  [1626587468.8433] dhcp4 (eth0): option requested_nis_domain => '1',E503,[0
Jul 18 05:51:08 <info>  [1626587468.8433] dhcp4 (eth0): option requested_nis_servers => '1',E503,[0
Jul 18 05:51:08 <info>  [1626587468.8433] dhcp4 (eth0): option requested_ntp_servers => '1',E503,[0
Jul 18 05:51:08 <info>  [1626587468.8433] dhcp4 (eth0): option requested_rfc3442_classless_static_routes => '1',E503,[-1789
Jul 18 05:51:08 <info>  [1626587468.8434] dhcp4 (eth0): option requested_root_path  => '1',E503,[-11
Jul 18 05:51:08 <info>  [1626587468.8434] dhcp4 (eth0): option requested_routers    => '1',E503,[0
Jul 18 05:51:08 <info>  [1626587468.8434] dhcp4 (eth0): option requested_static_routes => '1',E503,[0
Jul 18 05:51:08 <info>  [1626587468.8434] dhcp4 (eth0): option requested_subnet_mask => '1',E503,[0
Jul 18 05:51:08 <info>  [1626587468.8434] dhcp4 (eth0): option requested_time_offset => '1',E503,[0
Jul 18 05:51:08 <info>  [1626587468.8434] dhcp4 (eth0): option requested_wpad       => '1',E503,[0
Jul 18 05:51:08 <info>  [1626587468.8434] dhcp4 (eth0): option routers              => '172.31.16.1',E503,[0
Jul 18 05:51:08 <info>  [1626587468.8434] dhcp4 (eth0): option subnet_mask          => '255.255.240.0',E503,[0
Jul 18 05:51:08 <info>  [1626587468.8434] dhcp4 (eth0): state changed extended -> extended,E488,[0
"Jul 18 05:51:08 [system] Activating via systemd: service name='org.freedesktop.nm_dispatcher' unit='dbus-org.freedesktop.nm-dispatcher.service' requested by ':1.12' (uid=0 pid=819 comm=""/usr/sbin/NetworkManager --no-daemon "")",E497,[0
Jul 18 05:51:08 Starting Network Manager Script Dispatcher Service...,E93,[0]
Jul 18 05:51:08 [system] Successfully activated service 'org.freedesktop.nm_dispatcher',E115,[0
Jul 18 05:51:08 Started Network Manager Script Dispatcher Service.,E47,[0]
Jul 18 05:51:19 NetworkManager-dispatcher.service: Succeeded.,E357,[0]
Jul 18 06:04:43 Starting dnf makecache...,E104,[0]
Jul 18 06:04:44 Metadata cache refreshed recently.,E524,[0]
Jul 18 06:04:44 dnf-makecache.service: Succeeded.,E257,[0]
Jul 18 06:04:44 Started dnf makecache.,E341,[0]
Jul 18 06:21:08 <info>  [1626589268.8435] dhcp4 (eth0): option dhcp_lease_time      => '3600',E503,[0
Jul 18 06:21:08 <info>  [1626589268.8435] dhcp4 (eth0): option domain_name          => 'ap-southeast-1.compute.internal',E503,[0
Jul 18 06:21:08 <info>  [1626589268.8435] dhcp4 (eth0): option domain_name_servers  => '172.31.0.2',E503,[0
Jul 18 06:21:08 <info>  [1626589268.8436] dhcp4 (eth0): option expiry               => '1626592868',E503,[0
Jul 18 06:21:08 <info>  [1626589268.8436] dhcp4 (eth0): option host_name            => 'ip-172-31-17-0',E503,[0
Jul 18 06:21:08 <info>  [1626589268.8436] dhcp4 (eth0): option interface_mtu        => '9001',E503,[0
Jul 18 06:21:08 <info>  [1626589268.8436] dhcp4 (eth0): option ip_address           => '172.31.17.0',E503,[0
Jul 18 06:21:08 <info>  [1626589268.8436] dhcp4 (eth0): option requested_broadcast_address => '1',E503,[0
Jul 18 06:21:08 <info>  [1626589268.8436] dhcp4 (eth0): option requested_domain_name => '1',E503,[0
Jul 18 06:21:08 <info>  [1626589268.8436] dhcp4 (eth0): option requested_domain_name_servers => '1',E503,[0
Jul 18 06:21:08 <info>  [1626589268.8436] dhcp4 (eth0): option requested_domain_search => '1',E503,[0
Jul 18 06:21:08 <info>  [1626589268.8436] dhcp4 (eth0): option requested_host_name  => '1',E503,[0
Jul 18 06:21:08 <info>  [1626589268.8437] dhcp4 (eth0): option requested_interface_mtu => '1',E503,[0
Jul 18 06:21:08 <info>  [1626589268.8437] dhcp4 (eth0): option requested_ms_classless_static_routes => '1',E503,[-298
Jul 18 06:21:08 <info>  [1626589268.8437] dhcp4 (eth0): option requested_nis_domain => '1',E503,[0
Jul 18 06:21:08 <info>  [1626589268.8437] dhcp4 (eth0): option requested_nis_servers => '1',E503,[0
Jul 18 06:21:08 <info>  [1626589268.8437] dhcp4 (eth0): option requested_ntp_servers => '1',E503,[0
Jul 18 06:21:08 <info>  [1626589268.8437] dhcp4 (eth0): option requested_rfc3442_classless_static_routes => '1',E503,[-540
Jul 18 06:21:08 <info>  [1626589268.8437] dhcp4 (eth0): option requested_root_path  => '1',E503,[0
Jul 18 06:21:08 <info>  [1626589268.8437] dhcp4 (eth0): option requested_routers    => '1',E503,[0
Jul 18 06:21:08 <info>  [1626589268.8438] dhcp4 (eth0): option requested_static_routes => '1',E503,[-951
Jul 18 06:21:08 <info>  [1626589268.8438] dhcp4 (eth0): option requested_subnet_mask => '1',E503,[-11
Jul 18 06:21:08 <info>  [1626589268.8438] dhcp4 (eth0): option requested_time_offset => '1',E503,[0
Jul 18 06:21:08 <info>  [1626589268.8438] dhcp4 (eth0): option requested_wpad       => '1',E503,[0
Jul 18 06:21:08 <info>  [1626589268.8438] dhcp4 (eth0): option routers              => '172.31.16.1',E503,[0
Jul 18 06:21:08 <info>  [1626589268.8438] dhcp4 (eth0): option subnet_mask          => '255.255.240.0',E503,[0
Jul 18 06:21:08 <info>  [1626589268.8438] dhcp4 (eth0): state changed extended -> extended,E488,[0
"Jul 18 06:21:08 [system] Activating via systemd: service name='org.freedesktop.nm_dispatcher' unit='dbus-org.freedesktop.nm-dispatcher.service' requested by ':1.12' (uid=0 pid=819 comm=""/usr/sbin/NetworkManager --no-daemon "")",E497,[0
Jul 18 06:21:08 Starting Network Manager Script Dispatcher Service...,E93,[0]
Jul 18 06:21:08 [system] Successfully activated service 'org.freedesktop.nm_dispatcher',E115,[0
Jul 18 06:21:08 Started Network Manager Script Dispatcher Service.,E47,[0]
Jul 18 06:21:19 NetworkManager-dispatcher.service: Succeeded.,E357,[0]
Jul 18 06:51:08 <info>  [1626591068.8430] dhcp4 (eth0): option dhcp_lease_time      => '3600',E503,[0
Jul 18 06:51:08 <info>  [1626591068.8430] dhcp4 (eth0): option domain_name          => 'ap-southeast-1.compute.internal',E503,[0
Jul 18 06:51:08 <info>  [1626591068.8431] dhcp4 (eth0): option domain_name_servers  => '172.31.0.2',E503,[0
Jul 18 06:51:08 <info>  [1626591068.8431] dhcp4 (eth0): option expiry               => '1626594668',E503,[0
Jul 18 06:51:08 <info>  [1626591068.8431] dhcp4 (eth0): option host_name            => 'ip-172-31-17-0',E503,[0
Jul 18 06:51:08 <info>  [1626591068.8431] dhcp4 (eth0): option interface_mtu        => '9001',E503,[0
Jul 18 06:51:08 <info>  [1626591068.8431] dhcp4 (eth0): option ip_address           => '172.31.17.0',E503,[0
Jul 18 06:51:08 <info>  [1626591068.8431] dhcp4 (eth0): option requested_broadcast_address => '1',E503,[0
Jul 18 06:51:08 <info>  [1626591068.8431] dhcp4 (eth0): option requested_domain_name => '1',E503,[0
Jul 18 06:51:08 <info>  [1626591068.8431] dhcp4 (eth0): option requested_domain_name_servers => '1',E503,[0
Jul 18 06:51:08 <info>  [1626591068.8432] dhcp4 (eth0): option requested_domain_search => '1',E503,[0
Jul 18 06:51:08 <info>  [1626591068.8432] dhcp4 (eth0): option requested_host_name  => '1',E503,[0
Jul 18 06:51:08 <info>  [1626591068.8432] dhcp4 (eth0): option requested_interface_mtu => '1',E503,[0
Jul 18 06:51:08 <info>  [1626591068.8432] dhcp4 (eth0): option requested_ms_classless_static_routes => '1',E503,[0
Jul 18 06:51:08 <info>  [1626591068.8432] dhcp4 (eth0): option requested_nis_domain => '1',E503,[0
Jul 18 06:51:08 <info>  [1626591068.8432] dhcp4 (eth0): option requested_nis_servers => '1',E503,[0
Jul 18 06:51:08 <info>  [1626591068.8432] dhcp4 (eth0): option requested_ntp_servers => '1',E503,[0
Jul 18 06:51:08 <info>  [1626591068.8432] dhcp4 (eth0): option requested_rfc3442_classless_static_routes => '1',E503,[0
Jul 18 06:51:08 <info>  [1626591068.8432] dhcp4 (eth0): option requested_root_path  => '1',E503,[0
Jul 18 06:51:08 <info>  [1626591068.8432] dhcp4 (eth0): option requested_routers    => '1',E503,[0
Jul 18 06:51:08 <info>  [1626591068.8433] dhcp4 (eth0): option requested_static_routes => '1',E503,[-1789
Jul 18 06:51:08 <info>  [1626591068.8433] dhcp4 (eth0): option requested_subnet_mask => '1',E503,[-11
Jul 18 06:51:08 <info>  [1626591068.8433] dhcp4 (eth0): option requested_time_offset => '1',E503,[0
Jul 18 06:51:08 <info>  [1626591068.8433] dhcp4 (eth0): option requested_wpad       => '1',E503,[0
Jul 18 06:51:08 <info>  [1626591068.8433] dhcp4 (eth0): option routers              => '172.31.16.1',E503,[0
Jul 18 06:51:08 <info>  [1626591068.8433] dhcp4 (eth0): option subnet_mask          => '255.255.240.0',E503,[0
Jul 18 06:51:08 <info>  [1626591068.8433] dhcp4 (eth0): state changed extended -> extended,E488,[0
"Jul 18 06:51:08 [system] Activating via systemd: service name='org.freedesktop.nm_dispatcher' unit='dbus-org.freedesktop.nm-dispatcher.service' requested by ':1.12' (uid=0 pid=819 comm=""/usr/sbin/NetworkManager --no-daemon "")",E497,[0
Jul 18 06:51:08 Starting Network Manager Script Dispatcher Service...,E93,[0]
Jul 18 06:51:08 [system] Successfully activated service 'org.freedesktop.nm_dispatcher',E115,[0
Jul 18 06:51:08 Started Network Manager Script Dispatcher Service.,E47,[0]
Jul 18 06:51:19 NetworkManager-dispatcher.service: Succeeded.,E357,[0]
Jul 18 07:05:43 Starting dnf makecache...,E104,[0]
Jul 18 07:05:44 Metadata cache refreshed recently.,E524,[0]
Jul 18 07:05:44 dnf-makecache.service: Succeeded.,E257,[0]
Jul 18 07:05:44 Started dnf makecache.,E341,[0]
Jul 18 07:07:52 Created slice system-user\x2druntime\x2ddir.slice.,E130,[0
Jul 18 07:07:52 Started /run/user/1000 mount wrapper.,E581,[0]
Jul 18 07:07:52 Created slice User Slice of UID 1000.,E570,[0]
Jul 18 07:07:53 Starting User Manager for UID 1000...,E299,[0]
Jul 18 07:07:53 Started Session 1 of user centos.,E554,[0
Jul 18 07:07:53 New session 1 of user centos.,E412,[0
Jul 18 07:07:53 Started Mark boot as successful after the user session has run 2 minutes.,E646,[0]
Jul 18 07:07:53 Starting D-Bus User Message Bus Socket.,E608,[0]
Jul 18 07:07:53 Reached target Paths.,E565,[0
Jul 18 07:07:53 Reached target Timers.,E565,[0
Jul 18 07:07:53 Listening on D-Bus User Message Bus Socket.,E196,[0
Jul 18 07:07:53 Reached target Sockets.,E565,[0
Jul 18 07:07:53 Reached target Basic System.,E417,[0
Jul 18 07:07:53 Reached target Default.,E565,[0
Jul 18 07:07:53 Startup finished in 36ms.,E157,[0
Jul 18 07:07:53 Started User Manager for UID 1000.,E314,[0]
Jul 18 07:10:43 Starting Mark boot as successful...,E473,[-358]
Jul 18 07:10:43 grub-boot-success.service: Succeeded.,E401,[0]
Jul 18 07:10:43 Started Mark boot as successful.,E242,[0]
Jul 18 07:21:08 <info>  [1626592868.8432] dhcp4 (eth0): option dhcp_lease_time      => '3600',E503,[0
Jul 18 07:21:08 <info>  [1626592868.8433] dhcp4 (eth0): option domain_name          => 'ap-southeast-1.compute.internal',E503,[-1431
Jul 18 07:21:08 <info>  [1626592868.8433] dhcp4 (eth0): option domain_name_servers  => '172.31.0.2',E503,[-11
Jul 18 07:21:08 <info>  [1626592868.8433] dhcp4 (eth0): option expiry               => '1626596468',E503,[0
Jul 18 07:21:08 <info>  [1626592868.8433] dhcp4 (eth0): option host_name            => 'ip-172-31-17-0',E503,[0
Jul 18 07:21:08 <info>  [1626592868.8433] dhcp4 (eth0): option interface_mtu        => '9001',E503,[0
Jul 18 07:21:08 <info>  [1626592868.8434] dhcp4 (eth0): option ip_address           => '172.31.17.0',E503,[0
Jul 18 07:21:08 <info>  [1626592868.8434] dhcp4 (eth0): option requested_broadcast_address => '1',E503,[0
Jul 18 07:21:08 <info>  [1626592868.8434] dhcp4 (eth0): option requested_domain_name => '1',E503,[0
Jul 18 07:21:08 <info>  [1626592868.8434] dhcp4 (eth0): option requested_domain_name_servers => '1',E503,[0
Jul 18 07:21:08 <info>  [1626592868.8434] dhcp4 (eth0): option requested_domain_search => '1',E503,[0
Jul 18 07:21:08 <info>  [1626592868.8434] dhcp4 (eth0): option requested_host_name  => '1',E503,[0
Jul 18 07:21:08 <info>  [1626592868.8434] dhcp4 (eth0): option requested_interface_mtu => '1',E503,[0
Jul 18 07:21:08 <info>  [1626592868.8434] dhcp4 (eth0): option requested_ms_classless_static_routes => '1',E503,[0
Jul 18 07:21:08 <info>  [1626592868.8434] dhcp4 (eth0): option requested_nis_domain => '1',E503,[0
Jul 18 07:21:08 <info>  [1626592868.8434] dhcp4 (eth0): option requested_nis_servers => '1',E503,[0
Jul 18 07:21:08 <info>  [1626592868.8435] dhcp4 (eth0): option requested_ntp_servers => '1',E503,[0
Jul 18 07:21:08 <info>  [1626592868.8435] dhcp4 (eth0): option requested_rfc3442_classless_static_routes => '1',E503,[0
Jul 18 07:21:08 <info>  [1626592868.8435] dhcp4 (eth0): option requested_root_path  => '1',E503,[0
Jul 18 07:21:08 <info>  [1626592868.8435] dhcp4 (eth0): option requested_routers    => '1',E503,[0
Jul 18 07:21:08 <info>  [1626592868.8435] dhcp4 (eth0): option requested_static_routes => '1',E503,[0
Jul 18 07:21:08 <info>  [1626592868.8435] dhcp4 (eth0): option requested_subnet_mask => '1',E503,[0
Jul 18 07:21:08 <info>  [1626592868.8435] dhcp4 (eth0): option requested_time_offset => '1',E503,[0
Jul 18 07:21:08 <info>  [1626592868.8435] dhcp4 (eth0): option requested_wpad       => '1',E503,[0
Jul 18 07:21:08 <info>  [1626592868.8435] dhcp4 (eth0): option routers              => '172.31.16.1',E503,[0
Jul 18 07:21:08 <info>  [1626592868.8436] dhcp4 (eth0): option subnet_mask          => '255.255.240.0',E503,[0
Jul 18 07:21:08 <info>  [1626592868.8436] dhcp4 (eth0): state changed extended -> extended,E488,[0
"Jul 18 07:21:08 [system] Activating via systemd: service name='org.freedesktop.nm_dispatcher' unit='dbus-org.freedesktop.nm-dispatcher.service' requested by ':1.12' (uid=0 pid=819 comm=""/usr/sbin/NetworkManager --no-daemon "")",E497,[0
Jul 18 07:21:08 Starting Network Manager Script Dispatcher Service...,E93,[0]
Jul 18 07:21:08 [system] Successfully activated service 'org.freedesktop.nm_dispatcher',E115,[0
Jul 18 07:21:08 Started Network Manager Script Dispatcher Service.,E47,[0]
Jul 18 07:21:19 NetworkManager-dispatcher.service: Succeeded.,E357,[0]
Jul 18 07:51:08 <info>  [1626594668.8433] dhcp4 (eth0): option dhcp_lease_time      => '3600',E503,[0
Jul 18 07:51:08 <info>  [1626594668.8434] dhcp4 (eth0): option domain_name          => 'ap-southeast-1.compute.internal',E503,[-1613
Jul 18 07:51:08 <info>  [1626594668.8434] dhcp4 (eth0): option domain_name_servers  => '172.31.0.2',E503,[0
Jul 18 07:51:08 <info>  [1626594668.8435] dhcp4 (eth0): option expiry               => '1626598268',E503,[0
Jul 18 07:51:08 <info>  [1626594668.8435] dhcp4 (eth0): option host_name            => 'ip-172-31-17-0',E503,[0
Jul 18 07:51:08 <info>  [1626594668.8435] dhcp4 (eth0): option interface_mtu        => '9001',E503,[0
Jul 18 07:51:08 <info>  [1626594668.8435] dhcp4 (eth0): option ip_address           => '172.31.17.0',E503,[0
Jul 18 07:51:08 <info>  [1626594668.8435] dhcp4 (eth0): option requested_broadcast_address => '1',E503,[0
Jul 18 07:51:08 <info>  [1626594668.8435] dhcp4 (eth0): option requested_domain_name => '1',E503,[0
Jul 18 07:51:08 <info>  [1626594668.8435] dhcp4 (eth0): option requested_domain_name_servers => '1',E503,[0
Jul 18 07:51:08 <info>  [1626594668.8435] dhcp4 (eth0): option requested_domain_search => '1',E503,[0
Jul 18 07:51:08 <info>  [1626594668.8435] dhcp4 (eth0): option requested_host_name  => '1',E503,[0
Jul 18 07:51:08 <info>  [1626594668.8436] dhcp4 (eth0): option requested_interface_mtu => '1',E503,[0
Jul 18 07:51:08 <info>  [1626594668.8436] dhcp4 (eth0): option requested_ms_classless_static_routes => '1',E503,[0
Jul 18 07:51:08 <info>  [1626594668.8436] dhcp4 (eth0): option requested_nis_domain => '1',E503,[0
Jul 18 07:51:08 <info>  [1626594668.8436] dhcp4 (eth0): option requested_nis_servers => '1',E503,[0
Jul 18 07:51:08 <info>  [1626594668.8436] dhcp4 (eth0): option requested_ntp_servers => '1',E503,[0
Jul 18 07:51:08 <info>  [1626594668.8436] dhcp4 (eth0): option requested_rfc3442_classless_static_routes => '1',E503,[0
Jul 18 07:51:08 <info>  [1626594668.8436] dhcp4 (eth0): option requested_root_path  => '1',E503,[0
Jul 18 07:51:08 <info>  [1626594668.8436] dhcp4 (eth0): option requested_routers    => '1',E503,[0
Jul 18 07:51:08 <info>  [1626594668.8436] dhcp4 (eth0): option requested_static_routes => '1',E503,[0
Jul 18 07:51:08 <info>  [1626594668.8437] dhcp4 (eth0): option requested_subnet_mask => '1',E503,[0
Jul 18 07:51:08 <info>  [1626594668.8437] dhcp4 (eth0): option requested_time_offset => '1',E503,[0
Jul 18 07:51:08 <info>  [1626594668.8437] dhcp4 (eth0): option requested_wpad       => '1',E503,[-176
Jul 18 07:51:08 <info>  [1626594668.8437] dhcp4 (eth0): option routers              => '172.31.16.1',E503,[-11
Jul 18 07:51:08 <info>  [1626594668.8437] dhcp4 (eth0): option subnet_mask          => '255.255.240.0',E503,[0
Jul 18 07:51:08 <info>  [1626594668.8437] dhcp4 (eth0): state changed extended -> extended,E488,[0
"Jul 18 07:51:08 [system] Activating via systemd: service name='org.freedesktop.nm_dispatcher' unit='dbus-org.freedesktop.nm-dispatcher.service' requested by ':1.12' (uid=0 pid=819 comm=""/usr/sbin/NetworkManager --no-daemon "")",E497,[0
Jul 18 07:51:08 Starting Network Manager Script Dispatcher Service...,E93,[0]
Jul 18 07:51:08 [system] Successfully activated service 'org.freedesktop.nm_dispatcher',E115,[0
Jul 18 07:51:08 Started Network Manager Script Dispatcher Service.,E47,[0]
Jul 18 07:51:19 NetworkManager-dispatcher.service: Succeeded.,E357,[0]
Jul 18 08:06:43 Starting dnf makecache...,E104,[0]
Jul 18 08:06:44 gravwell                                        4.1 kB/s | 2.9 kB     00:00,E478,[0
Jul 18 08:06:45 CentOS Linux 8 - AppStream                      8.6 kB/s | 4.3 kB     00:00,E206,[0
Jul 18 08:06:45 CentOS Linux 8 - BaseOS                         7.6 kB/s | 3.9 kB     00:00,E206,[0
Jul 18 08:06:46 CentOS Linux 8 - Extras                         3.7 kB/s | 1.5 kB     00:00,E206,[0
Jul 18 08:06:47 Extra Packages for Enterprise Linux Modular 8 -  41 kB/s |  61 kB     00:01,E409,[0
Jul 18 08:06:48 Extra Packages for Enterprise Linux 8 - x86_64   42 kB/s |  32 kB     00:00,E619,[0
Jul 18 08:06:48 Kibana repository for 7.x packages               68 kB/s | 1.3 kB     00:00,E161,[0
Jul 18 08:06:49 Remi's Modular repository for Enterprise Linux  4.7 kB/s | 3.5 kB     00:00,E162,[0
Jul 18 08:06:51 Remi's Modular repository for Enterprise Linux  450 kB/s | 765 kB     00:01,E162,[0
Jul 18 08:06:52 Safe Remi's RPM repository for Enterprise Linux 4.8 kB/s | 3.0 kB     00:00,E172,[0
Jul 18 08:06:53 Safe Remi's RPM repository for Enterprise Linux 1.0 MB/s | 1.9 MB     00:01,E172,[0
Jul 18 08:06:54 EL- - Wazuh                                     169 kB/s | 3.4 kB     00:00,E14,[0
Jul 18 08:06:55 Metadata cache created.,E641,[0]
Jul 18 08:06:55 dnf-makecache.service: Succeeded.,E257,[0]
Jul 18 08:06:55 Started dnf makecache.,E341,[0]
Jul 18 08:21:08 <info>  [1626596468.8434] dhcp4 (eth0): option dhcp_lease_time      => '3600',E503,[0
Jul 18 08:21:08 <info>  [1626596468.8436] dhcp4 (eth0): option domain_name          => 'ap-southeast-1.compute.internal',E503,[0
Jul 18 08:21:08 <info>  [1626596468.8436] dhcp4 (eth0): option domain_name_servers  => '172.31.0.2',E503,[0
Jul 18 08:21:08 <info>  [1626596468.8436] dhcp4 (eth0): option expiry               => '1626600068',E503,[0
Jul 18 08:21:08 <info>  [1626596468.8436] dhcp4 (eth0): option host_name            => 'ip-172-31-17-0',E503,[0
Jul 18 08:21:08 <info>  [1626596468.8436] dhcp4 (eth0): option interface_mtu        => '9001',E503,[0
Jul 18 08:21:08 <info>  [1626596468.8436] dhcp4 (eth0): option ip_address           => '172.31.17.0',E503,[0
Jul 18 08:21:08 <info>  [1626596468.8437] dhcp4 (eth0): option requested_broadcast_address => '1',E503,[-362
Jul 18 08:21:08 <info>  [1626596468.8437] dhcp4 (eth0): option requested_domain_name => '1',E503,[0
Jul 18 08:21:08 <info>  [1626596468.8437] dhcp4 (eth0): option requested_domain_name_servers => '1',E503,[0
Jul 18 08:21:08 <info>  [1626596468.8437] dhcp4 (eth0): option requested_domain_search => '1',E503,[-1
Jul 18 08:21:08 <info>  [1626596468.8437] dhcp4 (eth0): option requested_host_name  => '1',E503,[0
Jul 18 08:21:08 <info>  [1626596468.8437] dhcp4 (eth0): option requested_interface_mtu => '1',E503,[-1
Jul 18 08:21:08 <info>  [1626596468.8437] dhcp4 (eth0): option requested_ms_classless_static_routes => '1',E503,[-1
Jul 18 08:21:08 <info>  [1626596468.8437] dhcp4 (eth0): option requested_nis_domain => '1',E503,[0
Jul 18 08:21:08 <info>  [1626596468.8437] dhcp4 (eth0): option requested_nis_servers => '1',E503,[-1
Jul 18 08:21:08 <info>  [1626596468.8438] dhcp4 (eth0): option requested_ntp_servers => '1',E503,[-50
Jul 18 08:21:08 <info>  [1626596468.8438] dhcp4 (eth0): option requested_rfc3442_classless_static_routes => '1',E503,[-1
Jul 18 08:21:08 <info>  [1626596468.8438] dhcp4 (eth0): option requested_root_path  => '1',E503,[0
Jul 18 08:21:08 <info>  [1626596468.8438] dhcp4 (eth0): option requested_routers    => '1',E503,[0
Jul 18 08:21:08 <info>  [1626596468.8438] dhcp4 (eth0): option requested_static_routes => '1',E503,[-1
Jul 18 08:21:08 <info>  [1626596468.8438] dhcp4 (eth0): option requested_subnet_mask => '1',E503,[-1371
Jul 18 08:21:08 <info>  [1626596468.8438] dhcp4 (eth0): option requested_time_offset => '1',E503,[-11
Jul 18 08:21:08 <info>  [1626596468.8438] dhcp4 (eth0): option requested_wpad       => '1',E503,[0
Jul 18 08:21:08 <info>  [1626596468.8438] dhcp4 (eth0): option routers              => '172.31.16.1',E503,[0
Jul 18 08:21:08 <info>  [1626596468.8439] dhcp4 (eth0): option subnet_mask          => '255.255.240.0',E503,[0
Jul 18 08:21:08 <info>  [1626596468.8439] dhcp4 (eth0): state changed extended -> extended,E488,[0
"Jul 18 08:21:08 [system] Activating via systemd: service name='org.freedesktop.nm_dispatcher' unit='dbus-org.freedesktop.nm-dispatcher.service' requested by ':1.12' (uid=0 pid=819 comm=""/usr/sbin/NetworkManager --no-daemon "")",E497,[0
Jul 18 08:21:08 Starting Network Manager Script Dispatcher Service...,E93,[0]
Jul 18 08:21:08 [system] Successfully activated service 'org.freedesktop.nm_dispatcher',E115,[0
Jul 18 08:21:08 Started Network Manager Script Dispatcher Service.,E47,[0]
Jul 18 08:21:19 NetworkManager-dispatcher.service: Succeeded.,E357,[0]
Jul 18 08:51:08 <info>  [1626598268.8436] dhcp4 (eth0): option dhcp_lease_time      => '3600',E503,[0
Jul 18 08:51:08 <info>  [1626598268.8437] dhcp4 (eth0): option domain_name          => 'ap-southeast-1.compute.internal',E503,[0
Jul 18 08:51:08 <info>  [1626598268.8437] dhcp4 (eth0): option domain_name_servers  => '172.31.0.2',E503,[0
Jul 18 08:51:08 <info>  [1626598268.8437] dhcp4 (eth0): option expiry               => '1626601868',E503,[0
Jul 18 08:51:08 <info>  [1626598268.8437] dhcp4 (eth0): option host_name            => 'ip-172-31-17-0',E503,[0
Jul 18 08:51:08 <info>  [1626598268.8438] dhcp4 (eth0): option interface_mtu        => '9001',E503,[0
Jul 18 08:51:08 <info>  [1626598268.8438] dhcp4 (eth0): option ip_address           => '172.31.17.0',E503,[0
Jul 18 08:51:08 <info>  [1626598268.8438] dhcp4 (eth0): option requested_broadcast_address => '1',E503,[0
Jul 18 08:51:08 <info>  [1626598268.8438] dhcp4 (eth0): option requested_domain_name => '1',E503,[0
Jul 18 08:51:08 <info>  [1626598268.8438] dhcp4 (eth0): option requested_domain_name_servers => '1',E503,[0
Jul 18 08:51:08 <info>  [1626598268.8438] dhcp4 (eth0): option requested_domain_search => '1',E503,[0
Jul 18 08:51:08 <info>  [1626598268.8438] dhcp4 (eth0): option requested_host_name  => '1',E503,[0
Jul 18 08:51:08 <info>  [1626598268.8439] dhcp4 (eth0): option requested_interface_mtu => '1',E503,[0
Jul 18 08:51:08 <info>  [1626598268.8439] dhcp4 (eth0): option requested_ms_classless_static_routes => '1',E503,[0
Jul 18 08:51:08 <info>  [1626598268.8439] dhcp4 (eth0): option requested_nis_domain => '1',E503,[0
Jul 18 08:51:08 <info>  [1626598268.8439] dhcp4 (eth0): option requested_nis_servers => '1',E503,[0
Jul 18 08:51:08 <info>  [1626598268.8439] dhcp4 (eth0): option requested_ntp_servers => '1',E503,[0
Jul 18 08:51:08 <info>  [1626598268.8439] dhcp4 (eth0): option requested_rfc3442_classless_static_routes => '1',E503,[0
Jul 18 08:51:08 <info>  [1626598268.8439] dhcp4 (eth0): option requested_root_path  => '1',E503,[0
Jul 18 08:51:08 <info>  [1626598268.8439] dhcp4 (eth0): option requested_routers    => '1',E503,[0
Jul 18 08:51:08 <info>  [1626598268.8439] dhcp4 (eth0): option requested_static_routes => '1',E503,[0
Jul 18 08:51:08 <info>  [1626598268.8440] dhcp4 (eth0): option requested_subnet_mask => '1',E503,[-1789
Jul 18 08:51:08 <info>  [1626598268.8440] dhcp4 (eth0): option requested_time_offset => '1',E503,[-11
Jul 18 08:51:08 <info>  [1626598268.8440] dhcp4 (eth0): option requested_wpad       => '1',E503,[0
Jul 18 08:51:08 <info>  [1626598268.8440] dhcp4 (eth0): option routers              => '172.31.16.1',E503,[0
Jul 18 08:51:08 <info>  [1626598268.8440] dhcp4 (eth0): option subnet_mask          => '255.255.240.0',E503,[0
Jul 18 08:51:08 <info>  [1626598268.8440] dhcp4 (eth0): state changed extended -> extended,E488,[0
"Jul 18 08:51:08 [system] Activating via systemd: service name='org.freedesktop.nm_dispatcher' unit='dbus-org.freedesktop.nm-dispatcher.service' requested by ':1.12' (uid=0 pid=819 comm=""/usr/sbin/NetworkManager --no-daemon "")",E497,[0
Jul 18 08:51:08 Starting Network Manager Script Dispatcher Service...,E93,[0]
Jul 18 08:51:08 [system] Successfully activated service 'org.freedesktop.nm_dispatcher',E115,[0
Jul 18 08:51:08 Started Network Manager Script Dispatcher Service.,E47,[0]
Jul 18 08:51:19 NetworkManager-dispatcher.service: Succeeded.,E357,[0]
Jul 18 09:07:43 Starting dnf makecache...,E104,[0]
Jul 18 09:07:44 Metadata cache refreshed recently.,E524,[0]
Jul 18 09:07:44 dnf-makecache.service: Succeeded.,E257,[0]
Jul 18 09:07:44 Started dnf makecache.,E341,[0]
Jul 18 09:21:08 <info>  [1626600068.8438] dhcp4 (eth0): option dhcp_lease_time      => '3600',E503,[0
Jul 18 09:21:08 <info>  [1626600068.8438] dhcp4 (eth0): option domain_name          => 'ap-southeast-1.compute.internal',E503,[0
Jul 18 09:21:08 <info>  [1626600068.8438] dhcp4 (eth0): option domain_name_servers  => '172.31.0.2',E503,[0
Jul 18 09:21:08 <info>  [1626600068.8439] dhcp4 (eth0): option expiry               => '1626603668',E503,[0
Jul 18 09:21:08 <info>  [1626600068.8439] dhcp4 (eth0): option host_name            => 'ip-172-31-17-0',E503,[0
Jul 18 09:21:08 <info>  [1626600068.8439] dhcp4 (eth0): option interface_mtu        => '9001',E503,[0
Jul 18 09:21:08 <info>  [1626600068.8439] dhcp4 (eth0): option ip_address           => '172.31.17.0',E503,[0
Jul 18 09:21:08 <info>  [1626600068.8439] dhcp4 (eth0): option requested_broadcast_address => '1',E503,[0
Jul 18 09:21:08 <info>  [1626600068.8439] dhcp4 (eth0): option requested_domain_name => '1',E503,[0
Jul 18 09:21:08 <info>  [1626600068.8439] dhcp4 (eth0): option requested_domain_name_servers => '1',E503,[0
Jul 18 09:21:08 <info>  [1626600068.8439] dhcp4 (eth0): option requested_domain_search => '1',E503,[0
Jul 18 09:21:08 <info>  [1626600068.8439] dhcp4 (eth0): option requested_host_name  => '1',E503,[0
Jul 18 09:21:08 <info>  [1626600068.8440] dhcp4 (eth0): option requested_interface_mtu => '1',E503,[0
Jul 18 09:21:08 <info>  [1626600068.8440] dhcp4 (eth0): option requested_ms_classless_static_routes => '1',E503,[0
Jul 18 09:21:08 <info>  [1626600068.8440] dhcp4 (eth0): option requested_nis_domain => '1',E503,[0
Jul 18 09:21:08 <info>  [1626600068.8440] dhcp4 (eth0): option requested_nis_servers => '1',E503,[0
Jul 18 09:21:08 <info>  [1626600068.8440] dhcp4 (eth0): option requested_ntp_servers => '1',E503,[0
Jul 18 09:21:08 <info>  [1626600068.8440] dhcp4 (eth0): option requested_rfc3442_classless_static_routes => '1',E503,[-438
Jul 18 09:21:08 <info>  [1626600068.8440] dhcp4 (eth0): option requested_root_path  => '1',E503,[0
Jul 18 09:21:08 <info>  [1626600068.8440] dhcp4 (eth0): option requested_routers    => '1',E503,[0
Jul 18 09:21:08 <info>  [1626600068.8440] dhcp4 (eth0): option requested_static_routes => '1',E503,[-1
Jul 18 09:21:08 <info>  [1626600068.8441] dhcp4 (eth0): option requested_subnet_mask => '1',E503,[-1350
Jul 18 09:21:08 <info>  [1626600068.8441] dhcp4 (eth0): option requested_time_offset => '1',E503,[-11
Jul 18 09:21:08 <info>  [1626600068.8441] dhcp4 (eth0): option requested_wpad       => '1',E503,[0
Jul 18 09:21:08 <info>  [1626600068.8441] dhcp4 (eth0): option routers              => '172.31.16.1',E503,[0
Jul 18 09:21:08 <info>  [1626600068.8441] dhcp4 (eth0): option subnet_mask          => '255.255.240.0',E503,[0
Jul 18 09:21:08 <info>  [1626600068.8441] dhcp4 (eth0): state changed extended -> extended,E488,[0
"Jul 18 09:21:08 [system] Activating via systemd: service name='org.freedesktop.nm_dispatcher' unit='dbus-org.freedesktop.nm-dispatcher.service' requested by ':1.12' (uid=0 pid=819 comm=""/usr/sbin/NetworkManager --no-daemon "")",E497,[0
Jul 18 09:21:08 Starting Network Manager Script Dispatcher Service...,E93,[0]
Jul 18 09:21:08 [system] Successfully activated service 'org.freedesktop.nm_dispatcher',E115,[0
Jul 18 09:21:08 Started Network Manager Script Dispatcher Service.,E47,[0]
Jul 18 09:21:19 NetworkManager-dispatcher.service: Succeeded.,E357,[0]
Jul 18 09:51:08 <info>  [1626601868.8437] dhcp4 (eth0): option dhcp_lease_time      => '3600',E503,[0
Jul 18 09:51:08 <info>  [1626601868.8438] dhcp4 (eth0): option domain_name          => 'ap-southeast-1.compute.internal',E503,[0
Jul 18 09:51:08 <info>  [1626601868.8438] dhcp4 (eth0): option domain_name_servers  => '172.31.0.2',E503,[0
Jul 18 09:51:08 <info>  [1626601868.8438] dhcp4 (eth0): option expiry               => '1626605468',E503,[0
Jul 18 09:51:08 <info>  [1626601868.8438] dhcp4 (eth0): option host_name            => 'ip-172-31-17-0',E503,[0
Jul 18 09:51:08 <info>  [1626601868.8438] dhcp4 (eth0): option interface_mtu        => '9001',E503,[0
Jul 18 09:51:08 <info>  [1626601868.8438] dhcp4 (eth0): option ip_address           => '172.31.17.0',E503,[0
Jul 18 09:51:08 <info>  [1626601868.8439] dhcp4 (eth0): option requested_broadcast_address => '1',E503,[0
Jul 18 09:51:08 <info>  [1626601868.8439] dhcp4 (eth0): option requested_domain_name => '1',E503,[0
Jul 18 09:51:08 <info>  [1626601868.8439] dhcp4 (eth0): option requested_domain_name_servers => '1',E503,[0
Jul 18 09:51:08 <info>  [1626601868.8439] dhcp4 (eth0): option requested_domain_search => '1',E503,[0
Jul 18 09:51:08 <info>  [1626601868.8439] dhcp4 (eth0): option requested_host_name  => '1',E503,[0
Jul 18 09:51:08 <info>  [1626601868.8439] dhcp4 (eth0): option requested_interface_mtu => '1',E503,[0
Jul 18 09:51:08 <info>  [1626601868.8439] dhcp4 (eth0): option requested_ms_classless_static_routes => '1',E503,[0
Jul 18 09:51:08 <info>  [1626601868.8439] dhcp4 (eth0): option requested_nis_domain => '1',E503,[0
Jul 18 09:51:08 <info>  [1626601868.8439] dhcp4 (eth0): option requested_nis_servers => '1',E503,[0
Jul 18 09:51:08 <info>  [1626601868.8440] dhcp4 (eth0): option requested_ntp_servers => '1',E503,[0
Jul 18 09:51:08 <info>  [1626601868.8440] dhcp4 (eth0): option requested_rfc3442_classless_static_routes => '1',E503,[0
Jul 18 09:51:08 <info>  [1626601868.8442] dhcp4 (eth0): option requested_root_path  => '1',E503,[0
Jul 18 09:51:08 <info>  [1626601868.8442] dhcp4 (eth0): option requested_routers    => '1',E503,[0
Jul 18 09:51:08 <info>  [1626601868.8442] dhcp4 (eth0): option requested_static_routes => '1',E503,[0
Jul 18 09:51:08 <info>  [1626601868.8442] dhcp4 (eth0): option requested_subnet_mask => '1',E503,[-1789
Jul 18 09:51:08 <info>  [1626601868.8442] dhcp4 (eth0): option requested_time_offset => '1',E503,[-11
Jul 18 09:51:08 <info>  [1626601868.8442] dhcp4 (eth0): option requested_wpad       => '1',E503,[0
Jul 18 09:51:08 <info>  [1626601868.8443] dhcp4 (eth0): option routers              => '172.31.16.1',E503,[0
Jul 18 09:51:08 <info>  [1626601868.8443] dhcp4 (eth0): option subnet_mask          => '255.255.240.0',E503,[0
Jul 18 09:51:08 <info>  [1626601868.8443] dhcp4 (eth0): state changed extended -> extended,E488,[0
"Jul 18 09:51:08 [system] Activating via systemd: service name='org.freedesktop.nm_dispatcher' unit='dbus-org.freedesktop.nm-dispatcher.service' requested by ':1.12' (uid=0 pid=819 comm=""/usr/sbin/NetworkManager --no-daemon "")",E497,[0
Jul 18 09:51:08 Starting Network Manager Script Dispatcher Service...,E93,[0]
Jul 18 09:51:08 [system] Successfully activated service 'org.freedesktop.nm_dispatcher',E115,[0
Jul 18 09:51:08 Started Network Manager Script Dispatcher Service.,E47,[0]
Jul 18 09:51:19 NetworkManager-dispatcher.service: Succeeded.,E357,[0]
Jul 18 10:08:43 Starting dnf makecache...,E104,[0]
Jul 18 10:08:44 Metadata cache refreshed recently.,E524,[0]
Jul 18 10:08:44 dnf-makecache.service: Succeeded.,E257,[0]
Jul 18 10:08:44 Started dnf makecache.,E341,[0]
Jul 18 10:21:08 <info>  [1626603668.8436] dhcp4 (eth0): option dhcp_lease_time      => '3600',E503,[0
Jul 18 10:21:08 <info>  [1626603668.8436] dhcp4 (eth0): option domain_name          => 'ap-southeast-1.compute.internal',E503,[0
Jul 18 10:21:08 <info>  [1626603668.8437] dhcp4 (eth0): option domain_name_servers  => '172.31.0.2',E503,[0
Jul 18 10:21:08 <info>  [1626603668.8437] dhcp4 (eth0): option expiry               => '1626607268',E503,[0
Jul 18 10:21:08 <info>  [1626603668.8437] dhcp4 (eth0): option host_name            => 'ip-172-31-17-0',E503,[0
Jul 18 10:21:08 <info>  [1626603668.8437] dhcp4 (eth0): option interface_mtu        => '9001',E503,[0
Jul 18 10:21:08 <info>  [1626603668.8437] dhcp4 (eth0): option ip_address           => '172.31.17.0',E503,[0
Jul 18 10:21:08 <info>  [1626603668.8437] dhcp4 (eth0): option requested_broadcast_address => '1',E503,[0
Jul 18 10:21:08 <info>  [1626603668.8437] dhcp4 (eth0): option requested_domain_name => '1',E503,[0
Jul 18 10:21:08 <info>  [1626603668.8437] dhcp4 (eth0): option requested_domain_name_servers => '1',E503,[0
Jul 18 10:21:08 <info>  [1626603668.8437] dhcp4 (eth0): option requested_domain_search => '1',E503,[0
Jul 18 10:21:08 <info>  [1626603668.8438] dhcp4 (eth0): option requested_host_name  => '1',E503,[0
Jul 18 10:21:08 <info>  [1626603668.8438] dhcp4 (eth0): option requested_interface_mtu => '1',E503,[0
Jul 18 10:21:08 <info>  [1626603668.8438] dhcp4 (eth0): option requested_ms_classless_static_routes => '1',E503,[0
Jul 18 10:21:08 <info>  [1626603668.8438] dhcp4 (eth0): option requested_nis_domain => '1',E503,[0
Jul 18 10:21:08 <info>  [1626603668.8438] dhcp4 (eth0): option requested_nis_servers => '1',E503,[0
Jul 18 10:21:08 <info>  [1626603668.8438] dhcp4 (eth0): option requested_ntp_servers => '1',E503,[0
Jul 18 10:21:08 <info>  [1626603668.8438] dhcp4 (eth0): option requested_rfc3442_classless_static_routes => '1',E503,[-478
Jul 18 10:21:08 <info>  [1626603668.8438] dhcp4 (eth0): option requested_root_path  => '1',E503,[0
Jul 18 10:21:08 <info>  [1626603668.8439] dhcp4 (eth0): option requested_routers    => '1',E503,[0
Jul 18 10:21:08 <info>  [1626603668.8439] dhcp4 (eth0): option requested_static_routes => '1',E503,[0
Jul 18 10:21:08 <info>  [1626603668.8439] dhcp4 (eth0): option requested_subnet_mask => '1',E503,[-1311
Jul 18 10:21:08 <info>  [1626603668.8439] dhcp4 (eth0): option requested_time_offset => '1',E503,[-11
Jul 18 10:21:08 <info>  [1626603668.8439] dhcp4 (eth0): option requested_wpad       => '1',E503,[0
Jul 18 10:21:08 <info>  [1626603668.8439] dhcp4 (eth0): option routers              => '172.31.16.1',E503,[0
Jul 18 10:21:08 <info>  [1626603668.8439] dhcp4 (eth0): option subnet_mask          => '255.255.240.0',E503,[0
Jul 18 10:21:08 <info>  [1626603668.8439] dhcp4 (eth0): state changed extended -> extended,E488,[0
"Jul 18 10:21:08 [system] Activating via systemd: service name='org.freedesktop.nm_dispatcher' unit='dbus-org.freedesktop.nm-dispatcher.service' requested by ':1.12' (uid=0 pid=819 comm=""/usr/sbin/NetworkManager --no-daemon "")",E497,[0
Jul 18 10:21:08 Starting Network Manager Script Dispatcher Service...,E93,[0]
Jul 18 10:21:08 [system] Successfully activated service 'org.freedesktop.nm_dispatcher',E115,[0
Jul 18 10:21:08 Started Network Manager Script Dispatcher Service.,E47,[0]
Jul 18 10:21:19 NetworkManager-dispatcher.service: Succeeded.,E357,[0]
Jul 18 10:30:03 session-1.scope: Succeeded.,E320,[0]
Jul 18 10:30:03 Session 1 logged out. Waiting for processes to exit.,E291,[0
Jul 18 10:30:03 Removed session 1.,E85,[0
Jul 18 10:30:03 Stopping User Manager for UID 1000...,E339,[0]
Jul 18 10:30:03 Stopped target Default.,E219,[0
Jul 18 10:30:03 Stopped target Basic System.,E325,[0]
Jul 18 10:30:03 Stopped target Sockets.,E219,[0
Jul 18 10:30:03 dbus.socket: Succeeded.,E66,[0]
Jul 18 10:30:03 Closed D-Bus User Message Bus Socket.,E406,[0]
Jul 18 10:30:03 Stopped target Paths.,E219,[0
Jul 18 10:30:03 Stopped target Timers.,E219,[0
Jul 18 10:30:03 grub-boot-success.timer: Succeeded.,E214,[0]
Jul 18 10:30:03 Stopped Mark boot as successful after the user session has run 2 minutes.,E71,[0]
Jul 18 10:30:03 Reached target Shutdown.,E565,[0
Jul 18 10:30:03 Starting Exit the Session...,E109,[0]
Jul 18 10:30:03 user@1000.service: Succeeded.,E600,[0]
Jul 18 10:30:03 Stopped User Manager for UID 1000.,E237,[0]
Jul 18 10:30:03 Stopping /run/user/1000 mount wrapper...,E274,[0]
Jul 18 10:30:03 Removed slice User Slice of UID 1000.,E133,[0]
Jul 18 10:30:03 run-user-1000.mount: Succeeded.,E5,[0]
Jul 18 10:30:03 user-runtime-dir@1000.service: Succeeded.,E170,[0]
Jul 18 10:30:03 Stopped /run/user/1000 mount wrapper.,E251,[-1789]
Jul 18 10:51:08 <info>  [1626605468.8441] dhcp4 (eth0): option dhcp_lease_time      => '3600',E503,[-11
Jul 18 10:51:08 <info>  [1626605468.8442] dhcp4 (eth0): option domain_name          => 'ap-southeast-1.compute.internal',E503,[0
Jul 18 10:51:08 <info>  [1626605468.8442] dhcp4 (eth0): option domain_name_servers  => '172.31.0.2',E503,[0
Jul 18 10:51:08 <info>  [1626605468.8442] dhcp4 (eth0): option expiry               => '1626609068',E503,[0
Jul 18 10:51:08 <info>  [1626605468.8442] dhcp4 (eth0): option host_name            => 'ip-172-31-17-0',E503,[0
Jul 18 10:51:08 <info>  [1626605468.8442] dhcp4 (eth0): option interface_mtu        => '9001',E503,[0
Jul 18 10:51:08 <info>  [1626605468.8443] dhcp4 (eth0): option ip_address           => '172.31.17.0',E503,[0
Jul 18 10:51:08 <info>  [1626605468.8443] dhcp4 (eth0): option requested_broadcast_address => '1',E503,[0
Jul 18 10:51:08 <info>  [1626605468.8443] dhcp4 (eth0): option requested_domain_name => '1',E503,[0
Jul 18 10:51:08 <info>  [1626605468.8443] dhcp4 (eth0): option requested_domain_name_servers => '1',E503,[0
Jul 18 10:51:08 <info>  [1626605468.8443] dhcp4 (eth0): option requested_domain_search => '1',E503,[0
Jul 18 10:51:08 <info>  [1626605468.8443] dhcp4 (eth0): option requested_host_name  => '1',E503,[0
Jul 18 10:51:08 <info>  [1626605468.8443] dhcp4 (eth0): option requested_interface_mtu => '1',E503,[0
Jul 18 10:51:08 <info>  [1626605468.8443] dhcp4 (eth0): option requested_ms_classless_static_routes => '1',E503,[0
Jul 18 10:51:08 <info>  [1626605468.8444] dhcp4 (eth0): option requested_nis_domain => '1',E503,[0
Jul 18 10:51:08 <info>  [1626605468.8444] dhcp4 (eth0): option requested_nis_servers => '1',E503,[0
Jul 18 10:51:08 <info>  [1626605468.8444] dhcp4 (eth0): option requested_ntp_servers => '1',E503,[0
Jul 18 10:51:08 <info>  [1626605468.8444] dhcp4 (eth0): option requested_rfc3442_classless_static_routes => '1',E503,[0
Jul 18 10:51:08 <info>  [1626605468.8444] dhcp4 (eth0): option requested_root_path  => '1',E503,[0
Jul 18 10:51:08 <info>  [1626605468.8444] dhcp4 (eth0): option requested_routers    => '1',E503,[0
Jul 18 10:51:08 <info>  [1626605468.8444] dhcp4 (eth0): option requested_static_routes => '1',E503,[0
Jul 18 10:51:08 <info>  [1626605468.8444] dhcp4 (eth0): option requested_subnet_mask => '1',E503,[0
Jul 18 10:51:08 <info>  [1626605468.8444] dhcp4 (eth0): option requested_time_offset => '1',E503,[0
Jul 18 10:51:08 <info>  [1626605468.8445] dhcp4 (eth0): option requested_wpad       => '1',E503,[0
Jul 18 10:51:08 <info>  [1626605468.8445] dhcp4 (eth0): option routers              => '172.31.16.1',E503,[0
Jul 18 10:51:08 <info>  [1626605468.8445] dhcp4 (eth0): option subnet_mask          => '255.255.240.0',E503,[0
Jul 18 10:51:08 <info>  [1626605468.8445] dhcp4 (eth0): state changed extended -> extended,E488,[0
"Jul 18 10:51:08 [system] Activating via systemd: service name='org.freedesktop.nm_dispatcher' unit='dbus-org.freedesktop.nm-dispatcher.service' requested by ':1.12' (uid=0 pid=819 comm=""/usr/sbin/NetworkManager --no-daemon "")",E497,[0
Jul 18 10:51:08 Starting Network Manager Script Dispatcher Service...,E93,[0]
Jul 18 10:51:08 [system] Successfully activated service 'org.freedesktop.nm_dispatcher',E115,[0
Jul 18 10:51:08 Started Network Manager Script Dispatcher Service.,E47,[0]
Jul 18 10:51:19 NetworkManager-dispatcher.service: Succeeded.,E357,[-500]
Jul 18 11:09:43 Starting dnf makecache...,E104,[0]
Jul 18 11:09:44 gravwell                                        4.5 kB/s | 2.9 kB     00:00,E478,[0
Jul 18 11:09:45 CentOS Linux 8 - AppStream                       13 kB/s | 4.3 kB     00:00,E206,[-1
Jul 18 11:09:45 CentOS Linux 8 - BaseOS                         8.1 kB/s | 3.9 kB     00:00,E206,[0
Jul 18 11:09:45 CentOS Linux 8 - Extras                         4.4 kB/s | 1.5 kB     00:00,E206,[0
Jul 18 11:09:47 Extra Packages for Enterprise Linux Modular 8 -  48 kB/s |  61 kB     00:01,E409,[-1
Jul 18 11:09:48 Extra Packages for Enterprise Linux 8 - x86_64   41 kB/s |  51 kB     00:01,E619,[0
Jul 18 11:09:48 Kibana repository for 7.x packages               41 kB/s | 1.3 kB     00:00,E161,[-2
Jul 18 11:09:49 Remi's Modular repository for Enterprise Linux  4.8 kB/s | 3.5 kB     00:00,E162,[-92
Jul 18 11:09:49 Safe Remi's RPM repository for Enterprise Linux 4.7 kB/s | 3.0 kB     00:00,E172,[0
Jul 18 11:09:50 EL- - Wazuh                                     123 kB/s | 3.4 kB     00:00,E14,[-1
Jul 18 11:09:50 Metadata cache created.,E641,[0]
Jul 18 11:09:50 dnf-makecache.service: Succeeded.,E257,[-1]
Jul 18 11:09:50 Started dnf makecache.,E341,[0]
Jul 18 11:21:08 <info>  [1626607268.8443] dhcp4 (eth0): option dhcp_lease_time      => '3600',E503,[0
Jul 18 11:21:08 <info>  [1626607268.8445] dhcp4 (eth0): option domain_name          => 'ap-southeast-1.compute.internal',E503,[0
Jul 18 11:21:08 <info>  [1626607268.8445] dhcp4 (eth0): option domain_name_servers  => '172.31.0.2',E503,[-147
Jul 18 11:21:08 <info>  [1626607268.8445] dhcp4 (eth0): option expiry               => '1626610868',E503,[-1
Jul 18 11:21:08 <info>  [1626607268.8445] dhcp4 (eth0): option host_name            => 'ip-172-31-17-0',E503,[0
Jul 18 11:21:08 <info>  [1626607268.8445] dhcp4 (eth0): option interface_mtu        => '9001',E503,[0
Jul 18 11:21:08 <info>  [1626607268.8445] dhcp4 (eth0): option ip_address           => '172.31.17.0',E503,[0
Jul 18 11:21:08 <info>  [1626607268.8445] dhcp4 (eth0): option requested_broadcast_address => '1',E503,[0
Jul 18 11:21:08 <info>  [1626607268.8446] dhcp4 (eth0): option requested_domain_name => '1',E503,[0
Jul 18 11:21:08 <info>  [1626607268.8446] dhcp4 (eth0): option requested_domain_name_servers => '1',E503,[0
Jul 18 11:21:08 <info>  [1626607268.8446] dhcp4 (eth0): option requested_domain_search => '1',E503,[0
Jul 18 11:21:08 <info>  [1626607268.8446] dhcp4 (eth0): option requested_host_name  => '1',E503,[0
Jul 18 11:21:08 <info>  [1626607268.8446] dhcp4 (eth0): option requested_interface_mtu => '1',E503,[0
Jul 18 11:21:08 <info>  [1626607268.8446] dhcp4 (eth0): option requested_ms_classless_static_routes => '1',E503,[0
Jul 18 11:21:08 <info>  [1626607268.8446] dhcp4 (eth0): option requested_nis_domain => '1',E503,[0
Jul 18 11:21:08 <info>  [1626607268.8446] dhcp4 (eth0): option requested_nis_servers => '1',E503,[0
Jul 18 11:21:08 <info>  [1626607268.8446] dhcp4 (eth0): option requested_ntp_servers => '1',E503,[0
Jul 18 11:21:08 <info>  [1626607268.8447] dhcp4 (eth0): option requested_rfc3442_classless_static_routes => '1',E503,[0
Jul 18 11:21:08 <info>  [1626607268.8447] dhcp4 (eth0): option requested_root_path  => '1',E503,[-1043
Jul 18 11:21:08 <info>  [1626607268.8447] dhcp4 (eth0): option requested_routers    => '1',E503,[-11
Jul 18 11:21:08 <info>  [1626607268.8447] dhcp4 (eth0): option requested_static_routes => '1',E503,[0
Jul 18 11:21:08 <info>  [1626607268.8447] dhcp4 (eth0): option requested_subnet_mask => '1',E503,[0
Jul 18 11:21:08 <info>  [1626607268.8447] dhcp4 (eth0): option requested_time_offset => '1',E503,[0
Jul 18 11:21:08 <info>  [1626607268.8447] dhcp4 (eth0): option requested_wpad       => '1',E503,[0
Jul 18 11:21:08 <info>  [1626607268.8447] dhcp4 (eth0): option routers              => '172.31.16.1',E503,[0
Jul 18 11:21:08 <info>  [1626607268.8447] dhcp4 (eth0): option subnet_mask          => '255.255.240.0',E503,[0
Jul 18 11:21:08 <info>  [1626607268.8448] dhcp4 (eth0): state changed extended -> extended,E488,[0
"Jul 18 11:21:08 [system] Activating via systemd: service name='org.freedesktop.nm_dispatcher' unit='dbus-org.freedesktop.nm-dispatcher.service' requested by ':1.12' (uid=0 pid=819 comm=""/usr/sbin/NetworkManager --no-daemon "")",E497,[0
Jul 18 11:21:08 Starting Network Manager Script Dispatcher Service...,E93,[0]
Jul 18 11:21:08 [system] Successfully activated service 'org.freedesktop.nm_dispatcher',E115,[0
Jul 18 11:21:08 Started Network Manager Script Dispatcher Service.,E47,[0]
Jul 18 11:21:19 NetworkManager-dispatcher.service: Succeeded.,E357,[0]
Jul 18 11:51:08 <info>  [1626609068.8443] dhcp4 (eth0): option dhcp_lease_time      => '3600',E503,[0
Jul 18 11:51:08 <info>  [1626609068.8443] dhcp4 (eth0): option domain_name          => 'ap-southeast-1.compute.internal',E503,[0
Jul 18 11:51:08 <info>  [1626609068.8443] dhcp4 (eth0): option domain_name_servers  => '172.31.0.2',E503,[0
Jul 18 11:51:08 <info>  [1626609068.8443] dhcp4 (eth0): option expiry               => '1626612668',E503,[0
Jul 18 11:51:08 <info>  [1626609068.8444] dhcp4 (eth0): option host_name            => 'ip-172-31-17-0',E503,[0
Jul 18 11:51:08 <info>  [1626609068.8444] dhcp4 (eth0): option interface_mtu        => '9001',E503,[0
Jul 18 11:51:08 <info>  [1626609068.8444] dhcp4 (eth0): option ip_address           => '172.31.17.0',E503,[0
Jul 18 11:51:08 <info>  [1626609068.8444] dhcp4 (eth0): option requested_broadcast_address => '1',E503,[0
Jul 18 11:51:08 <info>  [1626609068.8444] dhcp4 (eth0): option requested_domain_name => '1',E503,[0
Jul 18 11:51:08 <info>  [1626609068.8444] dhcp4 (eth0): option requested_domain_name_servers => '1',E503,[0
Jul 18 11:51:08 <info>  [1626609068.8444] dhcp4 (eth0): option requested_domain_search => '1',E503,[0
Jul 18 11:51:08 <info>  [1626609068.8444] dhcp4 (eth0): option requested_host_name  => '1',E503,[0
Jul 18 11:51:08 <info>  [1626609068.8444] dhcp4 (eth0): option requested_interface_mtu => '1',E503,[0
Jul 18 11:51:08 <info>  [1626609068.8445] dhcp4 (eth0): option requested_ms_classless_static_routes => '1',E503,[0
Jul 18 11:51:08 <info>  [1626609068.8445] dhcp4 (eth0): option requested_nis_domain => '1',E503,[0
Jul 18 11:51:08 <info>  [1626609068.8445] dhcp4 (eth0): option requested_nis_servers => '1',E503,[0
Jul 18 11:51:08 <info>  [1626609068.8445] dhcp4 (eth0): option requested_ntp_servers => '1',E503,[0
Jul 18 11:51:08 <info>  [1626609068.8445] dhcp4 (eth0): option requested_rfc3442_classless_static_routes => '1',E503,[0
Jul 18 11:51:08 <info>  [1626609068.8445] dhcp4 (eth0): option requested_root_path  => '1',E503,[-1789
Jul 18 11:51:08 <info>  [1626609068.8445] dhcp4 (eth0): option requested_routers    => '1',E503,[-11
Jul 18 11:51:08 <info>  [1626609068.8445] dhcp4 (eth0): option requested_static_routes => '1',E503,[0
Jul 18 11:51:08 <info>  [1626609068.8445] dhcp4 (eth0): option requested_subnet_mask => '1',E503,[0
Jul 18 11:51:08 <info>  [1626609068.8446] dhcp4 (eth0): option requested_time_offset => '1',E503,[0
Jul 18 11:51:08 <info>  [1626609068.8446] dhcp4 (eth0): option requested_wpad       => '1',E503,[0
Jul 18 11:51:08 <info>  [1626609068.8446] dhcp4 (eth0): option routers              => '172.31.16.1',E503,[0
Jul 18 11:51:08 <info>  [1626609068.8446] dhcp4 (eth0): option subnet_mask          => '255.255.240.0',E503,[0
Jul 18 11:51:08 <info>  [1626609068.8446] dhcp4 (eth0): state changed extended -> extended,E488,[0
"Jul 18 11:51:08 [system] Activating via systemd: service name='org.freedesktop.nm_dispatcher' unit='dbus-org.freedesktop.nm-dispatcher.service' requested by ':1.12' (uid=0 pid=819 comm=""/usr/sbin/NetworkManager --no-daemon "")",E497,[0
Jul 18 11:51:08 Starting Network Manager Script Dispatcher Service...,E93,[0]
Jul 18 11:51:08 [system] Successfully activated service 'org.freedesktop.nm_dispatcher',E115,[0
Jul 18 11:51:08 Started Network Manager Script Dispatcher Service.,E47,[0]
Jul 18 11:51:19 NetworkManager-dispatcher.service: Succeeded.,E357,[0]
Jul 18 12:10:43 Starting dnf makecache...,E104,[0]
Jul 18 12:10:44 Metadata cache refreshed recently.,E524,[0]
Jul 18 12:10:44 dnf-makecache.service: Succeeded.,E257,[0]
Jul 18 12:10:44 Started dnf makecache.,E341,[0]
Jul 18 12:21:08 <info>  [1626610868.8446] dhcp4 (eth0): option dhcp_lease_time      => '3600',E503,[0
Jul 18 12:21:08 <info>  [1626610868.8446] dhcp4 (eth0): option domain_name          => 'ap-southeast-1.compute.internal',E503,[0
Jul 18 12:21:08 <info>  [1626610868.8447] dhcp4 (eth0): option domain_name_servers  => '172.31.0.2',E503,[0
Jul 18 12:21:08 <info>  [1626610868.8447] dhcp4 (eth0): option expiry               => '1626614468',E503,[0
Jul 18 12:21:08 <info>  [1626610868.8447] dhcp4 (eth0): option host_name            => 'ip-172-31-17-0',E503,[0
Jul 18 12:21:08 <info>  [1626610868.8447] dhcp4 (eth0): option interface_mtu        => '9001',E503,[0
Jul 18 12:21:08 <info>  [1626610868.8447] dhcp4 (eth0): option ip_address           => '172.31.17.0',E503,[0
Jul 18 12:21:08 <info>  [1626610868.8447] dhcp4 (eth0): option requested_broadcast_address => '1',E503,[0
Jul 18 12:21:08 <info>  [1626610868.8447] dhcp4 (eth0): option requested_domain_name => '1',E503,[0
Jul 18 12:21:08 <info>  [1626610868.8447] dhcp4 (eth0): option requested_domain_name_servers => '1',E503,[0
Jul 18 12:21:08 <info>  [1626610868.8447] dhcp4 (eth0): option requested_domain_search => '1',E503,[0
Jul 18 12:21:08 <info>  [1626610868.8448] dhcp4 (eth0): option requested_host_name  => '1',E503,[0
Jul 18 12:21:08 <info>  [1626610868.8448] dhcp4 (eth0): option requested_interface_mtu => '1',E503,[0
Jul 18 12:21:08 <info>  [1626610868.8448] dhcp4 (eth0): option requested_ms_classless_static_routes => '1',E503,[0
Jul 18 12:21:08 <info>  [1626610868.8448] dhcp4 (eth0): option requested_nis_domain => '1',E503,[-618
Jul 18 12:21:08 <info>  [1626610868.8448] dhcp4 (eth0): option requested_nis_servers => '1',E503,[0
Jul 18 12:21:08 <info>  [1626610868.8448] dhcp4 (eth0): option requested_ntp_servers => '1',E503,[0
Jul 18 12:21:08 <info>  [1626610868.8448] dhcp4 (eth0): option requested_rfc3442_classless_static_routes => '1',E503,[-1
Jul 18 12:21:08 <info>  [1626610868.8448] dhcp4 (eth0): option requested_root_path  => '1',E503,[-1170
Jul 18 12:21:08 <info>  [1626610868.8448] dhcp4 (eth0): option requested_routers    => '1',E503,[-11
Jul 18 12:21:08 <info>  [1626610868.8449] dhcp4 (eth0): option requested_static_routes => '1',E503,[0
Jul 18 12:21:08 <info>  [1626610868.8449] dhcp4 (eth0): option requested_subnet_mask => '1',E503,[0
Jul 18 12:21:08 <info>  [1626610868.8449] dhcp4 (eth0): option requested_time_offset => '1',E503,[0
Jul 18 12:21:08 <info>  [1626610868.8449] dhcp4 (eth0): option requested_wpad       => '1',E503,[0
Jul 18 12:21:08 <info>  [1626610868.8449] dhcp4 (eth0): option routers              => '172.31.16.1',E503,[0
Jul 18 12:21:08 <info>  [1626610868.8449] dhcp4 (eth0): option subnet_mask          => '255.255.240.0',E503,[0
Jul 18 12:21:08 <info>  [1626610868.8449] dhcp4 (eth0): state changed extended -> extended,E488,[0
"Jul 18 12:21:08 [system] Activating via systemd: service name='org.freedesktop.nm_dispatcher' unit='dbus-org.freedesktop.nm-dispatcher.service' requested by ':1.12' (uid=0 pid=819 comm=""/usr/sbin/NetworkManager --no-daemon "")",E497,[0
Jul 18 12:21:08 Starting Network Manager Script Dispatcher Service...,E93,[0]
Jul 18 12:21:08 [system] Successfully activated service 'org.freedesktop.nm_dispatcher',E115,[0
Jul 18 12:21:08 Started Network Manager Script Dispatcher Service.,E47,[0]
Jul 18 12:21:19 NetworkManager-dispatcher.service: Succeeded.,E357,[0]
Jul 18 12:51:08 <info>  [1626612668.8444] dhcp4 (eth0): option dhcp_lease_time      => '3600',E503,[0
Jul 18 12:51:08 <info>  [1626612668.8445] dhcp4 (eth0): option domain_name          => 'ap-southeast-1.compute.internal',E503,[0
Jul 18 12:51:08 <info>  [1626612668.8445] dhcp4 (eth0): option domain_name_servers  => '172.31.0.2',E503,[0
Jul 18 12:51:08 <info>  [1626612668.8445] dhcp4 (eth0): option expiry               => '1626616268',E503,[0
Jul 18 12:51:08 <info>  [1626612668.8445] dhcp4 (eth0): option host_name            => 'ip-172-31-17-0',E503,[0
Jul 18 12:51:08 <info>  [1626612668.8446] dhcp4 (eth0): option interface_mtu        => '9001',E503,[0
Jul 18 12:51:08 <info>  [1626612668.8446] dhcp4 (eth0): option ip_address           => '172.31.17.0',E503,[0
Jul 18 12:51:08 <info>  [1626612668.8446] dhcp4 (eth0): option requested_broadcast_address => '1',E503,[0
Jul 18 12:51:08 <info>  [1626612668.8446] dhcp4 (eth0): option requested_domain_name => '1',E503,[0
Jul 18 12:51:08 <info>  [1626612668.8446] dhcp4 (eth0): option requested_domain_name_servers => '1',E503,[0
Jul 18 12:51:08 <info>  [1626612668.8446] dhcp4 (eth0): option requested_domain_search => '1',E503,[0
Jul 18 12:51:08 <info>  [1626612668.8449] dhcp4 (eth0): option requested_host_name  => '1',E503,[0
Jul 18 12:51:08 <info>  [1626612668.8449] dhcp4 (eth0): option requested_interface_mtu => '1',E503,[0
Jul 18 12:51:08 <info>  [1626612668.8449] dhcp4 (eth0): option requested_ms_classless_static_routes => '1',E503,[0
Jul 18 12:51:08 <info>  [1626612668.8449] dhcp4 (eth0): option requested_nis_domain => '1',E503,[0
Jul 18 12:51:08 <info>  [1626612668.8449] dhcp4 (eth0): option requested_nis_servers => '1',E503,[0
Jul 18 12:51:08 <info>  [1626612668.8450] dhcp4 (eth0): option requested_ntp_servers => '1',E503,[0
Jul 18 12:51:08 <info>  [1626612668.8450] dhcp4 (eth0): option requested_rfc3442_classless_static_routes => '1',E503,[0
Jul 18 12:51:08 <info>  [1626612668.8450] dhcp4 (eth0): option requested_root_path  => '1',E503,[-1789
Jul 18 12:51:08 <info>  [1626612668.8450] dhcp4 (eth0): option requested_routers    => '1',E503,[-11
Jul 18 12:51:08 <info>  [1626612668.8450] dhcp4 (eth0): option requested_static_routes => '1',E503,[0
Jul 18 12:51:08 <info>  [1626612668.8450] dhcp4 (eth0): option requested_subnet_mask => '1',E503,[0
Jul 18 12:51:08 <info>  [1626612668.8450] dhcp4 (eth0): option requested_time_offset => '1',E503,[0
Jul 18 12:51:08 <info>  [1626612668.8450] dhcp4 (eth0): option requested_wpad       => '1',E503,[0
Jul 18 12:51:08 <info>  [1626612668.8450] dhcp4 (eth0): option routers              => '172.31.16.1',E503,[0
Jul 18 12:51:08 <info>  [1626612668.8451] dhcp4 (eth0): option subnet_mask          => '255.255.240.0',E503,[0
Jul 18 12:51:08 <info>  [1626612668.8451] dhcp4 (eth0): state changed extended -> extended,E488,[0
"Jul 18 12:51:08 [system] Activating via systemd: service name='org.freedesktop.nm_dispatcher' unit='dbus-org.freedesktop.nm-dispatcher.service' requested by ':1.12' (uid=0 pid=819 comm=""/usr/sbin/NetworkManager --no-daemon "")",E497,[0
Jul 18 12:51:08 Starting Network Manager Script Dispatcher Service...,E93,[0]
Jul 18 12:51:08 [system] Successfully activated service 'org.freedesktop.nm_dispatcher',E115,[0
Jul 18 12:51:08 Started Network Manager Script Dispatcher Service.,E47,[0]
Jul 18 12:51:19 NetworkManager-dispatcher.service: Succeeded.,E357,[0]
Jul 18 13:11:43 Starting dnf makecache...,E104,[0]
Jul 18 13:11:44 Metadata cache refreshed recently.,E524,[0]
Jul 18 13:11:44 dnf-makecache.service: Succeeded.,E257,[0]
Jul 18 13:11:44 Started dnf makecache.,E341,[0]
Jul 18 13:21:08 <info>  [1626614468.8446] dhcp4 (eth0): option dhcp_lease_time      => '3600',E503,[0
Jul 18 13:21:08 <info>  [1626614468.8447] dhcp4 (eth0): option domain_name          => 'ap-southeast-1.compute.internal',E503,[0
Jul 18 13:21:08 <info>  [1626614468.8447] dhcp4 (eth0): option domain_name_servers  => '172.31.0.2',E503,[0
Jul 18 13:21:08 <info>  [1626614468.8447] dhcp4 (eth0): option expiry               => '1626618068',E503,[0
Jul 18 13:21:08 <info>  [1626614468.8447] dhcp4 (eth0): option host_name            => 'ip-172-31-17-0',E503,[0
Jul 18 13:21:08 <info>  [1626614468.8448] dhcp4 (eth0): option interface_mtu        => '9001',E503,[0
Jul 18 13:21:08 <info>  [1626614468.8448] dhcp4 (eth0): option ip_address           => '172.31.17.0',E503,[0
Jul 18 13:21:08 <info>  [1626614468.8448] dhcp4 (eth0): option requested_broadcast_address => '1',E503,[0
Jul 18 13:21:08 <info>  [1626614468.8448] dhcp4 (eth0): option requested_domain_name => '1',E503,[0
Jul 18 13:21:08 <info>  [1626614468.8448] dhcp4 (eth0): option requested_domain_name_servers => '1',E503,[0
Jul 18 13:21:08 <info>  [1626614468.8448] dhcp4 (eth0): option requested_domain_search => '1',E503,[0
Jul 18 13:21:08 <info>  [1626614468.8448] dhcp4 (eth0): option requested_host_name  => '1',E503,[0
Jul 18 13:21:08 <info>  [1626614468.8448] dhcp4 (eth0): option requested_interface_mtu => '1',E503,[0
Jul 18 13:21:08 <info>  [1626614468.8448] dhcp4 (eth0): option requested_ms_classless_static_routes => '1',E503,[0
Jul 18 13:21:08 <info>  [1626614468.8449] dhcp4 (eth0): option requested_nis_domain => '1',E503,[-658
Jul 18 13:21:08 <info>  [1626614468.8449] dhcp4 (eth0): option requested_nis_servers => '1',E503,[0
Jul 18 13:21:08 <info>  [1626614468.8449] dhcp4 (eth0): option requested_ntp_servers => '1',E503,[0
Jul 18 13:21:08 <info>  [1626614468.8449] dhcp4 (eth0): option requested_rfc3442_classless_static_routes => '1',E503,[0
Jul 18 13:21:08 <info>  [1626614468.8449] dhcp4 (eth0): option requested_root_path  => '1',E503,[-1131
Jul 18 13:21:08 <info>  [1626614468.8449] dhcp4 (eth0): option requested_routers    => '1',E503,[-11
Jul 18 13:21:08 <info>  [1626614468.8449] dhcp4 (eth0): option requested_static_routes => '1',E503,[0
Jul 18 13:21:08 <info>  [1626614468.8450] dhcp4 (eth0): option requested_subnet_mask => '1',E503,[0
Jul 18 13:21:08 <info>  [1626614468.8450] dhcp4 (eth0): option requested_time_offset => '1',E503,[0
Jul 18 13:21:08 <info>  [1626614468.8450] dhcp4 (eth0): option requested_wpad       => '1',E503,[0
Jul 18 13:21:08 <info>  [1626614468.8450] dhcp4 (eth0): option routers              => '172.31.16.1',E503,[0
Jul 18 13:21:08 <info>  [1626614468.8450] dhcp4 (eth0): option subnet_mask          => '255.255.240.0',E503,[0
Jul 18 13:21:08 <info>  [1626614468.8450] dhcp4 (eth0): state changed extended -> extended,E488,[0
"Jul 18 13:21:08 [system] Activating via systemd: service name='org.freedesktop.nm_dispatcher' unit='dbus-org.freedesktop.nm-dispatcher.service' requested by ':1.12' (uid=0 pid=819 comm=""/usr/sbin/NetworkManager --no-daemon "")",E497,[0
Jul 18 13:21:08 Starting Network Manager Script Dispatcher Service...,E93,[0]
Jul 18 13:21:08 [system] Successfully activated service 'org.freedesktop.nm_dispatcher',E115,[0
Jul 18 13:21:08 Started Network Manager Script Dispatcher Service.,E47,[0]
Jul 18 13:21:19 NetworkManager-dispatcher.service: Succeeded.,E357,[0]
Jul 18 13:51:08 <info>  [1626616268.8450] dhcp4 (eth0): option dhcp_lease_time      => '3600',E503,[0
Jul 18 13:51:08 <info>  [1626616268.8450] dhcp4 (eth0): option domain_name          => 'ap-southeast-1.compute.internal',E503,[0
Jul 18 13:51:08 <info>  [1626616268.8450] dhcp4 (eth0): option domain_name_servers  => '172.31.0.2',E503,[0
Jul 18 13:51:08 <info>  [1626616268.8451] dhcp4 (eth0): option expiry               => '1626619868',E503,[0
Jul 18 13:51:08 <info>  [1626616268.8451] dhcp4 (eth0): option host_name            => 'ip-172-31-17-0',E503,[0
Jul 18 13:51:08 <info>  [1626616268.8451] dhcp4 (eth0): option interface_mtu        => '9001',E503,[0
Jul 18 13:51:08 <info>  [1626616268.8451] dhcp4 (eth0): option ip_address           => '172.31.17.0',E503,[0
Jul 18 13:51:08 <info>  [1626616268.8451] dhcp4 (eth0): option requested_broadcast_address => '1',E503,[0
Jul 18 13:51:08 <info>  [1626616268.8451] dhcp4 (eth0): option requested_domain_name => '1',E503,[0
Jul 18 13:51:08 <info>  [1626616268.8451] dhcp4 (eth0): option requested_domain_name_servers => '1',E503,[0
Jul 18 13:51:08 <info>  [1626616268.8451] dhcp4 (eth0): option requested_domain_search => '1',E503,[0
Jul 18 13:51:08 <info>  [1626616268.8451] dhcp4 (eth0): option requested_host_name  => '1',E503,[0
Jul 18 13:51:08 <info>  [1626616268.8452] dhcp4 (eth0): option requested_interface_mtu => '1',E503,[0
Jul 18 13:51:08 <info>  [1626616268.8452] dhcp4 (eth0): option requested_ms_classless_static_routes => '1',E503,[0
Jul 18 13:51:08 <info>  [1626616268.8452] dhcp4 (eth0): option requested_nis_domain => '1',E503,[0
Jul 18 13:51:08 <info>  [1626616268.8452] dhcp4 (eth0): option requested_nis_servers => '1',E503,[0
Jul 18 13:51:08 <info>  [1626616268.8452] dhcp4 (eth0): option requested_ntp_servers => '1',E503,[0
Jul 18 13:51:08 <info>  [1626616268.8452] dhcp4 (eth0): option requested_rfc3442_classless_static_routes => '1',E503,[0
Jul 18 13:51:08 <info>  [1626616268.8452] dhcp4 (eth0): option requested_root_path  => '1',E503,[-1789
Jul 18 13:51:08 <info>  [1626616268.8452] dhcp4 (eth0): option requested_routers    => '1',E503,[-11
Jul 18 13:51:08 <info>  [1626616268.8452] dhcp4 (eth0): option requested_static_routes => '1',E503,[0
Jul 18 13:51:08 <info>  [1626616268.8453] dhcp4 (eth0): option requested_subnet_mask => '1',E503,[0
Jul 18 13:51:08 <info>  [1626616268.8453] dhcp4 (eth0): option requested_time_offset => '1',E503,[0
Jul 18 13:51:08 <info>  [1626616268.8453] dhcp4 (eth0): option requested_wpad       => '1',E503,[0
Jul 18 13:51:08 <info>  [1626616268.8453] dhcp4 (eth0): option routers              => '172.31.16.1',E503,[0
Jul 18 13:51:08 <info>  [1626616268.8453] dhcp4 (eth0): option subnet_mask          => '255.255.240.0',E503,[0
Jul 18 13:51:08 <info>  [1626616268.8453] dhcp4 (eth0): state changed extended -> extended,E488,[0
"Jul 18 13:51:08 [system] Activating via systemd: service name='org.freedesktop.nm_dispatcher' unit='dbus-org.freedesktop.nm-dispatcher.service' requested by ':1.12' (uid=0 pid=819 comm=""/usr/sbin/NetworkManager --no-daemon "")",E497,[0
Jul 18 13:51:08 Starting Network Manager Script Dispatcher Service...,E93,[0]
Jul 18 13:51:08 [system] Successfully activated service 'org.freedesktop.nm_dispatcher',E115,[0
Jul 18 13:51:08 Started Network Manager Script Dispatcher Service.,E47,[0]
Jul 18 13:51:19 NetworkManager-dispatcher.service: Succeeded.,E357,[0]
"Jul 18 17:33:32 Command line: BOOT_IMAGE=(hd0,msdos1)/boot/vmlinuz-4.18.0-240.15.1.el8_3.x86_64 root=UUID=e1fde865-e606-4e2b-b95a-dc593a01161f ro console=ttyS0,115200n8 no_timer_check net.ifnames=0 nvme_core.io_timeout=4294967295 nvme_core.max_retries=10 crashkernel=auto",E111,[0]
Jul 18 17:33:32 x86/fpu: Supporting XSAVE feature 0x001: 'x87 floating point registers',E91,[0]
Jul 18 17:33:32 x86/fpu: Supporting XSAVE feature 0x002: 'SSE registers',E103,[0
Jul 18 17:33:32 x86/fpu: Supporting XSAVE feature 0x004: 'AVX registers',E103,[0
"Jul 18 17:33:32 x86/fpu: xstate_offset[2]:  576, xstate_sizes[2]:  256",E531,[0
"Jul 18 17:33:32 x86/fpu: Enabled xstate features 0x7, context size is 832 bytes, using 'standard' format.",E337,[0]
Jul 18 17:33:32 BIOS-provided physical RAM map:,E391,[0]
Jul 18 17:33:32 BIOS-e820: [mem 0x0000000000000000-0x000000000009fbff] usable,E55,[0
Jul 18 17:33:32 BIOS-e820: [mem 0x000000000009fc00-0x000000000009ffff] reserved,E631,[0
Jul 18 17:33:32 BIOS-e820: [mem 0x00000000000f0000-0x00000000000fffff] reserved,E631,[0
Jul 18 17:33:32 BIOS-e820: [mem 0x0000000000100000-0x00000000bffe9fff] usable,E55,[0
Jul 18 17:33:32 BIOS-e820: [mem 0x00000000bffea000-0x00000000bfffffff] reserved,E631,[0
Jul 18 17:33:32 BIOS-e820: [mem 0x00000000e0000000-0x00000000e03fffff] reserved,E631,[0
Jul 18 17:33:32 BIOS-e820: [mem 0x00000000fffc0000-0x00000000ffffffff] reserved,E631,[0
Jul 18 17:33:32 BIOS-e820: [mem 0x0000000100000000-0x000000013cffffff] usable,E55,[0
Jul 18 17:33:32 BIOS-e820: [mem 0x000000013d000000-0x000000013fffffff] reserved,E631,[0
Jul 18 17:33:32 NX (Execute Disable) protection: active,E456,[0]
Jul 18 17:33:32 SMBIOS 2.7 present.,E368,[0]
"Jul 18 17:33:32 DMI: Amazon EC2 t3a.medium/, BIOS 1.0 10/16/2017",E613,[-711]
Jul 18 17:33:32 Hypervisor detected: KVM,E249,[0]
Jul 18 17:33:32 kvm-clock: Using msrs 4b564d01 and 4b564d00,E88,[0]
"Jul 18 17:33:32 kvm-clock: cpu 0, msr 81e01001, primary cpu clock",E561,[-1
Jul 18 17:33:32 kvm-clock: using sched offset of 5892408292 cycles,E544,[0
"Jul 18 17:33:32 clocksource: kvm-clock: mask: 0xffffffffffffffff max_cycles: 0x1cd42e4dffb, max_idle_ns: 881590591483 ns",E208,[0
Jul 18 17:33:32 tsc: Detected 2199.938 MHz processor,E275,[-1
Jul 18 17:33:32 last_pfn = 0x13d000 max_arch_pfn = 0x400000000,E37,[0
Jul 18 17:33:32 x86/PAT: Configuration [0-7]: WB  WC  UC- UC  WB  WP  UC- WT,E486,[-2
Jul 18 17:33:32 last_pfn = 0xbffea max_arch_pfn = 0x400000000,E37,[-1
Jul 18 17:33:32 kexec: Reserving the low 1M of memory for crashkernel,E411,[0]
Jul 18 17:33:32 Using GB pages for direct mapping,E505,[-1]
Jul 18 17:33:32 RAMDISK: [mem 0x30c64000-0x34629fff],E177,[0]
Jul 18 17:33:32 ACPI: Early table checksum verification disabled,E349,[-1]
Jul 18 17:33:32 ACPI: RSDP 0x00000000000F8F40 000014 (v00 AMAZON),E535,[-1071]
Jul 18 17:33:32 ACPI: RSDT 0x00000000BFFEE360 000040 (v01 AMAZON AMZNRSDT 00000001 AMZN 00000001),E193,[-11
Jul 18 17:33:32 ACPI: FACP 0x00000000BFFEFF80 000074 (v01 AMAZON AMZNFACP 00000001 AMZN 00000001),E193,[0
Jul 18 17:33:32 ACPI: DSDT 0x00000000BFFEE3A0 0010E9 (v01 AMAZON AMZNDSDT 00000001 AMZN 00000001),E193,[0
Jul 18 17:33:32 ACPI: FACS 0x00000000BFFEFF40 000040,E599,[0]
Jul 18 17:33:32 ACPI: SSDT 0x00000000BFFEF6C0 00087A (v01 AMAZON AMZNSSDT 00000001 AMZN 00000001),E193,[0
Jul 18 17:33:32 ACPI: APIC 0x00000000BFFEF5D0 000076 (v01 AMAZON AMZNAPIC 00000001 AMZN 00000001),E193,[0
Jul 18 17:33:32 ACPI: SRAT 0x00000000BFFEF530 0000A0 (v01 AMAZON AMZNSRAT 00000001 AMZN 00000001),E193,[0
Jul 18 17:33:32 ACPI: SLIT 0x00000000BFFEF4C0 00006C (v01 AMAZON AMZNSLIT 00000001 AMZN 00000001),E193,[0
Jul 18 17:33:32 ACPI: WAET 0x00000000BFFEF490 000028 (v01 AMAZON AMZNWAET 00000001 AMZN 00000001),E193,[0
Jul 18 17:33:32 ACPI: HPET 0x00000000000C9000 000038 (v01 AMAZON AMZNHPET 00000001 AMZN 00000001),E193,[0
Jul 18 17:33:32 SRAT: PXM 0 -> APIC 0x00 -> Node 0,E145,[0
Jul 18 17:33:32 SRAT: PXM 0 -> APIC 0x01 -> Node 0,E145,[0
Jul 18 17:33:32 ACPI: SRAT: Node 0 PXM 0 [mem 0x00000000-0xbfffffff],E463,[0
Jul 18 17:33:32 ACPI: SRAT: Node 0 PXM 0 [mem 0x100000000-0x13fffffff],E463,[0
Jul 18 17:33:32 NUMA: Node 0 [mem 0x00000000-0xbfffffff] + [mem 0x100000000-0x13cffffff] -> [mem 0x00000000-0x13cffffff],E149,[0
Jul 18 17:33:32 NODE_DATA(0) allocated [mem 0x13cfd3000-0x13cffcfff],E528,[0
"Jul 18 17:33:32 Using crashkernel=auto, the size chosen is a best effort estimation.",E580,[0]
Jul 18 17:33:32 Reserving 192MB of memory at 2864MB for crashkernel (System RAM: 4047MB),E81,[0]
Jul 18 17:33:32 Zone ranges:,E635,[0]
Jul 18 17:33:32 DMA      [mem 0x0000000000001000-0x0000000000ffffff],E476,[0
Jul 18 17:33:32 DMA32    [mem 0x0000000001000000-0x00000000ffffffff],E155,[0
Jul 18 17:33:32 Normal   [mem 0x0000000100000000-0x000000013cffffff],E364,[0
Jul 18 17:33:32 Device   empty,E479,[0
Jul 18 17:33:32 Movable zone start for each node,E333,[0]
Jul 18 17:33:32 Early memory node ranges,E143,[0]
Jul 18 17:33:32 node   0: [mem 0x0000000000001000-0x000000000009efff],E410,[0
Jul 18 17:33:32 node   0: [mem 0x0000000000100000-0x00000000bffe9fff],E410,[0
Jul 18 17:33:32 node   0: [mem 0x0000000100000000-0x000000013cffffff],E410,[0
Jul 18 17:33:32 Zeroed struct page in unavailable ranges: 12408 pages,E481,[0]
Jul 18 17:33:32 Initmem setup node 0 [mem 0x0000000000001000-0x000000013cffffff],E376,[0]
Jul 18 17:33:32 ACPI: PM-Timer IO Port: 0xb008,E576,[0]
Jul 18 17:33:32 ACPI: LAPIC_NMI (acpi_id[0xff] dfl dfl lint[0x1]),E658,[-1789]
"Jul 18 17:33:32 IOAPIC[0]: apic_id 0, version 17, address 0xfec00000, GSI 0-23",E400,[-11]
Jul 18 17:33:32 ACPI: INT_SRC_OVR (bus 0 bus_irq 5 global_irq 5 high level),E405,[0
Jul 18 17:33:32 ACPI: INT_SRC_OVR (bus 0 bus_irq 9 global_irq 9 high level),E405,[0
Jul 18 17:33:32 ACPI: INT_SRC_OVR (bus 0 bus_irq 10 global_irq 10 high level),E405,[0
Jul 18 17:33:32 ACPI: INT_SRC_OVR (bus 0 bus_irq 11 global_irq 11 high level),E405,[0
Jul 18 17:33:32 Using ACPI (MADT) for SMP configuration information,E120,[0]
Jul 18 17:33:32 ACPI: HPET id: 0x8086a201 base: 0xfed00000,E13,[0]
"Jul 18 17:33:32 smpboot: Allowing 2 CPUs, 0 hotplug CPUs",E377,[0]
Jul 18 17:33:32 PM: Registered nosave memory: [mem 0x00000000-0x00000fff],E114,[0
Jul 18 17:33:32 PM: Registered nosave memory: [mem 0x0009f000-0x0009ffff],E114,[0
Jul 18 17:33:32 PM: Registered nosave memory: [mem 0x000a0000-0x000effff],E114,[0
Jul 18 17:33:32 PM: Registered nosave memory: [mem 0x000f0000-0x000fffff],E114,[0
Jul 18 17:33:32 PM: Registered nosave memory: [mem 0xbffea000-0xbfffffff],E114,[0
Jul 18 17:33:32 PM: Registered nosave memory: [mem 0xc0000000-0xdfffffff],E114,[0
Jul 18 17:33:32 PM: Registered nosave memory: [mem 0xe0000000-0xe03fffff],E114,[0
Jul 18 17:33:32 PM: Registered nosave memory: [mem 0xe0400000-0xfffbffff],E114,[0
Jul 18 17:33:32 PM: Registered nosave memory: [mem 0xfffc0000-0xffffffff],E114,[0
Jul 18 17:33:32 [mem 0xc0000000-0xdfffffff] available for PCI devices,E148,[0]
Jul 18 17:33:32 Booting paravirtualized kernel on KVM,E562,[0]
"Jul 18 17:33:32 clocksource: refined-jiffies: mask: 0xffffffff max_cycles: 0xffffffff, max_idle_ns: 1910969940391419 ns",E217,[0
Jul 18 17:33:32 setup_percpu: NR_CPUS:8192 nr_cpumask_bits:2 nr_cpu_ids:2 nr_node_ids:1,E454,[0]
Jul 18 17:33:32 percpu: Embedded 54 pages/cpu s184320 r8192 d28672 u1048576,E306,[0]
Jul 18 17:33:32 KVM setup async PF for cpu 0,E75,[0
"Jul 18 17:33:32 kvm-stealtime: cpu 0, msr 138a2c080",E150,[0
"Jul 18 17:33:32 PV qspinlock hash table entries: 256 (order: 0, 4096 bytes)",E539,[0]
"Jul 18 17:33:32 Built 1 zonelists, mobility grouping on.  Total pages: 1019818",E51,[0
Jul 18 17:33:32 Policy zone: Normal,E381,[0]
"Jul 18 17:33:32 Kernel command line: BOOT_IMAGE=(hd0,msdos1)/boot/vmlinuz-4.18.0-240.15.1.el8_3.x86_64 root=UUID=e1fde865-e606-4e2b-b95a-dc593a01161f ro console=ttyS0,115200n8 no_timer_check net.ifnames=0 nvme_core.io_timeout=4294967295 nvme_core.max_retries=10 crashkernel=auto",E33,[0]
Jul 18 17:33:32 Specific versions of hardware are certified with Red Hat Enterprise Linux 8. Please see the list of hardware certified with Red Hat Enterprise Linux 8 at https://catalog.redhat.com.,E323,[0]
"Jul 18 17:33:32 Memory: 2911324K/4144672K available (12292K kernel code, 2184K rwdata, 3960K rodata, 2432K init, 13460K bss, 431812K reserved, 0K cma-reserved)",E494,[0
"Jul 18 17:33:32 SLUB: HWalign=64, Order=0-3, MinObjects=0, CPUs=2, Nodes=1",E156,[0]
Jul 18 17:33:32 ftrace: allocating 37453 entries in 147 pages,E298,[-778]
Jul 18 17:33:32 ftrace: allocated 147 pages with 4 groups,E609,[0]
Jul 18 17:33:32 rcu: Hierarchical RCU implementation.,E610,[0
Jul 18 17:33:32 rcu: #011RCU restricting CPUs from NR_CPUS=8192 to nr_cpu_ids=2.,E233,[0]
Jul 18 17:33:32 rcu: RCU calculated value of scheduler-enlistment delay is 100 jiffies.,E553,[-1011]
"Jul 18 17:33:32 rcu: Adjusting geometry for rcu_fanout_leaf=16, nr_cpu_ids=2",E532,[-11]
"Jul 18 17:33:32 NR_IRQS: 524544, nr_irqs: 440, preallocated irqs: 16",E380,[0]
Jul 18 17:33:32 random: crng done (trusting CPU's manufacturer),E538,[0]
Jul 18 17:33:32 Console: colour VGA+ 80x25,E79,[0]
Jul 18 17:33:32 printk: console [ttyS0] enabled,E68,[0]
Jul 18 17:33:32 ACPI: Core revision 20200110,E396,[0]
"Jul 18 17:33:32 clocksource: hpet: mask: 0xffffffff max_cycles: 0xffffffff, max_idle_ns: 30580167144 ns",E217,[0
Jul 18 17:33:32 APIC: Switch to symmetric I/O mode setup,E74,[0]
Jul 18 17:33:32 ..TIMER: vector=0x30 apic1=0 pin1=0 apic2=-1 pin2=-1,E617,[0]
"Jul 18 17:33:32 clocksource: tsc-early: mask: 0xffffffffffffffff max_cycles: 0x1fb5f853529, max_idle_ns: 440795251272 ns",E208,[0
Jul 18 17:33:32 Calibrating delay loop (skipped) preset value.. 4399.87 BogoMIPS (lpj=2199938),E271,[0
Jul 18 17:33:32 pid_max: default: 32768 minimum: 301,E273,[0]
Jul 18 17:33:32 Security Framework initialized,E116,[0]
Jul 18 17:33:32 Yama: becoming mindful.,E300,[0]
Jul 18 17:33:32 SELinux:  Initializing.,E480,[0
"Jul 18 17:33:32 Dentry cache hash table entries: 524288 (order: 10, 4194304 bytes)",E489,[0]
"Jul 18 17:33:32 Inode-cache hash table entries: 262144 (order: 9, 2097152 bytes)",E73,[0]
"Jul 18 17:33:32 Mount-cache hash table entries: 8192 (order: 4, 65536 bytes)",E385,[0]
"Jul 18 17:33:32 Mountpoint-cache hash table entries: 8192 (order: 4, 65536 bytes)",E78,[0]
"Jul 18 17:33:32 Last level iTLB entries: 4KB 1024, 2MB 1024, 4MB 512",E625,[0]
"Jul 18 17:33:32 Last level dTLB entries: 4KB 1536, 2MB 1536, 4MB 768, 1GB 0",E99,[0]
Jul 18 17:33:32 FEATURE SPEC_CTRL Not Present,E3,[0
Jul 18 17:33:32 FEATURE IBPB_SUPPORT Not Present,E3,[0
Jul 18 17:33:32 Spectre V1 : Mitigation: usercopy/swapgs barriers and __user pointer sanitization,E4,[0]
Jul 18 17:33:32 Spectre V2 : Mitigation: Full AMD retpoline,E52,[0]
Jul 18 17:33:32 Spectre V2 : Spectre v2 / SpectreRSB mitigation: Filling RSB on context switch,E575,[0]
Jul 18 17:33:32 Speculative Store Bypass: Vulnerable,E215,[0]
Jul 18 17:33:32 Freeing SMP alternatives memory: 32K,E506,[0]
"Jul 18 17:33:32 smpboot: CPU0: AMD EPYC 7571 (family: 0x17, model: 0x1, stepping: 0x2)",E239,[0]
"Jul 18 17:33:32 Performance Events: PMU not available due to virtualization, using software events only.",E545,[0]
Jul 18 17:33:32 rcu: Hierarchical SRCU implementation.,E610,[0
Jul 18 17:33:32 NMI watchdog: Perf NMI watchdog permanently disabled,E618,[-1789]
Jul 18 17:33:32 smp: Bringing up secondary CPUs ...,E119,[-11]
Jul 18 17:33:32 x86: Booting SMP configuration:,E308,[0]
"Jul 18 17:33:32 .... node  #0, CPUs:      #1",E390,[0
"Jul 18 17:33:32 kvm-clock: cpu 1, msr 81e01041, secondary cpu clock",E561,[0
Jul 18 17:33:32 KVM setup async PF for cpu 1,E75,[0
"Jul 18 17:33:32 kvm-stealtime: cpu 1, msr 138b2c080",E150,[0
"Jul 18 17:33:32 smp: Brought up 1 node, 2 CPUs",E180,[0]
Jul 18 17:33:32 smpboot: Max logical packages: 1,E236,[0]
Jul 18 17:33:32 smpboot: Total of 2 processors activated (8799.75 BogoMIPS),E636,[0
Jul 18 17:33:32 node 0 deferred pages initialised in 4ms,E589,[0
Jul 18 17:33:32 devtmpfs: initialized,E449,[0]
Jul 18 17:33:32 x86/mm: Memory block size: 128MB,E110,[0]
"Jul 18 17:33:32 clocksource: jiffies: mask: 0xffffffff max_cycles: 0xffffffff, max_idle_ns: 1911260446275000 ns",E217,[0
"Jul 18 17:33:32 futex hash table entries: 512 (order: 3, 32768 bytes)",E510,[0]
Jul 18 17:33:32 pinctrl core: initialized pinctrl subsystem,E492,[0]
Jul 18 17:33:32 NET: Registered protocol family 16,E621,[0
Jul 18 17:33:32 audit: initializing netlink subsys (disabled),E399,[0]
Jul 18 17:33:32 audit: type=2000 audit(1626629610.905:1): state=initialized audit_enabled=0 res=1,E467,[0
Jul 18 17:33:32 cpuidle: using governor menu,E186,[0]
Jul 18 17:33:32 ACPI: bus type PCI registered,E469,[0
Jul 18 17:33:32 acpiphp: ACPI Hot Plug PCI Controller Driver version: 0.5,E560,[0]
Jul 18 17:33:32 PCI: Using configuration type 1 for base access,E414,[0
Jul 18 17:33:32 PCI: Using configuration type 1 for extended access,E414,[0
"Jul 18 17:33:32 HugeTLB registered 1.00 GiB page size, pre-allocated 0 pages",E611,[0
"Jul 18 17:33:32 HugeTLB registered 2.00 MiB page size, pre-allocated 0 pages",E611,[0
Jul 18 17:33:32 cryptd: max_cpu_qlen set to 1000,E136,[0]
Jul 18 17:33:32 ACPI: Added _OSI(Module Device),E370,[0
Jul 18 17:33:32 ACPI: Added _OSI(Processor Device),E370,[0
Jul 18 17:33:32 ACPI: Added _OSI(3.0 _SCP Extensions),E123,[0]
Jul 18 17:33:32 ACPI: Added _OSI(Processor Aggregator Device),E626,[0]
Jul 18 17:33:32 ACPI: Added _OSI(Linux-Dell-Video),E121,[0
Jul 18 17:33:32 ACPI: Added _OSI(Linux-Lenovo-NV-HDMI-Audio),E121,[-799
Jul 18 17:33:32 ACPI: Added _OSI(Linux-HPI-Hybrid-Graphics),E121,[0
Jul 18 17:33:32 ACPI: 2 ACPI AML tables successfully acquired and loaded,E477,[0]
Jul 18 17:33:32 ACPI: Interpreter enabled,E659,[0]
Jul 18 17:33:32 ACPI: (supports S0 S4 S5),E470,[-990]
Jul 18 17:33:32 ACPI: Using IOAPIC for interrupt routing,E431,[-11]
"Jul 18 17:33:32 PCI: Using host bridge windows from ACPI; if necessary, use ""pci=nocrs"" and report a bug",E423,[0]
Jul 18 17:33:32 ACPI: Enabled 16 GPEs in block 00 to 0F,E614,[0]
Jul 18 17:33:32 ACPI: PCI Root Bridge [PCI0] (domain 0000 [bus 00-ff]),E362,[0]
Jul 18 17:33:32 acpi PNP0A03:00: _OSC: OS supports [ExtendedConfig ASPM ClockPM Segments MSI EDR HPX-Type3],E573,[0]
Jul 18 17:33:32 acpiphp: Slot [3] registered,E530,[0
Jul 18 17:33:32 acpiphp: Slot [4] registered,E530,[0
Jul 18 17:33:32 acpiphp: Slot [5] registered,E530,[0
Jul 18 17:33:32 acpiphp: Slot [6] registered,E530,[0
Jul 18 17:33:32 acpiphp: Slot [7] registered,E530,[0
Jul 18 17:33:32 acpiphp: Slot [8] registered,E530,[0
Jul 18 17:33:32 acpiphp: Slot [9] registered,E530,[0
Jul 18 17:33:32 acpiphp: Slot [10] registered,E530,[0
Jul 18 17:33:32 acpiphp: Slot [11] registered,E530,[0
Jul 18 17:33:32 acpiphp: Slot [12] registered,E530,[0
Jul 18 17:33:32 acpiphp: Slot [13] registered,E530,[0
Jul 18 17:33:32 acpiphp: Slot [14] registered,E530,[0
Jul 18 17:33:32 acpiphp: Slot [15] registered,E530,[0
Jul 18 17:33:32 acpiphp: Slot [16] registered,E530,[0
Jul 18 17:33:32 acpiphp: Slot [17] registered,E530,[0
Jul 18 17:33:32 acpiphp: Slot [18] registered,E530,[0
Jul 18 17:33:32 acpiphp: Slot [19] registered,E530,[0
Jul 18 17:33:32 acpiphp: Slot [20] registered,E530,[0
Jul 18 17:33:32 acpiphp: Slot [21] registered,E530,[0
Jul 18 17:33:32 acpiphp: Slot [22] registered,E530,[0
Jul 18 17:33:32 acpiphp: Slot [23] registered,E530,[0
Jul 18 17:33:32 acpiphp: Slot [24] registered,E530,[0
Jul 18 17:33:32 acpiphp: Slot [25] registered,E530,[0
Jul 18 17:33:32 acpiphp: Slot [26] registered,E530,[0
Jul 18 17:33:32 acpiphp: Slot [27] registered,E530,[0
Jul 18 17:33:32 acpiphp: Slot [28] registered,E530,[0
Jul 18 17:33:32 acpiphp: Slot [29] registered,E530,[-1789
Jul 18 17:33:32 acpiphp: Slot [30] registered,E530,[-11
Jul 18 17:33:32 acpiphp: Slot [31] registered,E530,[0
Jul 18 17:33:32 PCI host bridge to bus 0000:00,E345,[0]
Jul 18 17:33:32 pci_bus 0000:00: root bus resource [io  0x0000-0x0cf7 window],E457,[0
Jul 18 17:33:32 pci_bus 0000:00: root bus resource [io  0x0d00-0xffff window],E457,[0
Jul 18 17:33:32 pci_bus 0000:00: root bus resource [mem 0x000a0000-0x000bffff window],E457,[0
Jul 18 17:33:32 pci_bus 0000:00: root bus resource [mem 0xc0000000-0xfebfffff window],E457,[0
Jul 18 17:33:32 pci_bus 0000:00: root bus resource [bus 00-ff],E213,[0]
Jul 18 17:33:32 pci 0000:00:00.0: [8086:1237] type 00 class 0x060000,E26,[0
Jul 18 17:33:32 pci 0000:00:01.0: [8086:7000] type 00 class 0x060100,E26,[0
Jul 18 17:33:32 pci 0000:00:01.3: [8086:7113] type 00 class 0x000000,E164,[0
Jul 18 17:33:32 pci 0000:00:01.3: quirk: [io  0xb000-0xb03f] claimed by PIIX4 ACPI,E218,[0
Jul 18 17:33:32 pci 0000:00:01.3: quirk: [io  0xb100-0xb10f] claimed by PIIX4 SMB,E218,[0
Jul 18 17:33:32 pci 0000:00:01.3: PIIX4 devres E PIO at fff0-ffff,E276,[0
Jul 18 17:33:32 pci 0000:00:01.3: PIIX4 devres F MMIO at ffc00000-ffffffff,E276,[0
Jul 18 17:33:32 pci 0000:00:01.3: PIIX4 devres G PIO at fff0-ffff,E276,[0
Jul 18 17:33:32 pci 0000:00:01.3: PIIX4 devres H MMIO at ffc00000-ffffffff,E276,[0
Jul 18 17:33:32 pci 0000:00:01.3: PIIX4 devres I PIO at fff0-ffff,E276,[0
Jul 18 17:33:32 pci 0000:00:01.3: PIIX4 devres J PIO at fff0-ffff,E276,[0
Jul 18 17:33:32 pci 0000:00:01.3: quirk_piix4_acpi+0x0/0x170 took 11718 usecs,E307,[0
Jul 18 17:33:32 pci 0000:00:03.0: [1d0f:1111] type 00 class 0x030000,E26,[0
Jul 18 17:33:32 pci 0000:00:03.0: reg 0x10: [mem 0xfe400000-0xfe7fffff pref],E126,[0
Jul 18 17:33:32 pci 0000:00:03.0: reg 0x30: [mem 0xfebe0000-0xfebeffff pref],E126,[0
Jul 18 17:33:32 pci 0000:00:04.0: [1d0f:8061] type 00 class 0x010802,E26,[0
Jul 18 17:33:32 pci 0000:00:04.0: reg 0x10: [mem 0xfebf0000-0xfebf3fff],E426,[0
Jul 18 17:33:32 pci 0000:00:05.0: [1d0f:ec20] type 00 class 0x020000,E26,[0
Jul 18 17:33:32 pci 0000:00:05.0: reg 0x10: [mem 0xfebf4000-0xfebf7fff],E426,[0
Jul 18 17:33:32 ACPI: PCI Interrupt Link [LNKA] (IRQs 5 *10 11),E15,[0
Jul 18 17:33:32 ACPI: PCI Interrupt Link [LNKB] (IRQs 5 *10 11),E15,[0
Jul 18 17:33:32 ACPI: PCI Interrupt Link [LNKC] (IRQs 5 10 *11),E15,[0
Jul 18 17:33:32 ACPI: PCI Interrupt Link [LNKD] (IRQs 5 10 *11),E15,[0
Jul 18 17:33:32 ACPI: PCI Interrupt Link [LNKS] (IRQs *9),E355,[-801
Jul 18 17:33:32 iommu: Default domain type: Passthrough,E623,[0]
Jul 18 17:33:32 pci 0000:00:03.0: vgaarb: setting as boot VGA device,E198,[0
"Jul 18 17:33:32 pci 0000:00:03.0: vgaarb: VGA device added: decodes=io+mem,owns=io+mem,locks=none",E283,[-1
Jul 18 17:33:32 pci 0000:00:03.0: vgaarb: bridge control possible,E207,[0
Jul 18 17:33:32 vgaarb: loaded,E113,[-1]
Jul 18 17:33:32 SCSI subsystem initialized,E34,[-1]
Jul 18 17:33:32 ACPI: bus type USB registered,E469,[0
Jul 18 17:33:32 usbcore: registered new interface driver usbfs,E386,[-1
Jul 18 17:33:32 usbcore: registered new interface driver hub,E386,[-1
Jul 18 17:33:32 usbcore: registered new device driver usb,E386,[0
Jul 18 17:33:32 pps_core: LinuxPPS API ver. 1 registered,E199,[-1]
Jul 18 17:33:32 pps_core: Software ver. 5.3.6 - Copyright 2005-2007 Rodolfo Giometti <giometti@linux.it>,E185,[0
Jul 18 17:33:32 PTP clock support registered,E541,[-1]
Jul 18 17:33:32 EDAC MC: Ver: 3.0.0,E100,[-981]
Jul 18 17:33:32 PCI: Using ACPI for IRQ routing,E301,[-11]
Jul 18 17:33:32 NetLabel: Initializing,E238,[0]
Jul 18 17:33:32 NetLabel:  domain hash size = 128,E639,[0
Jul 18 17:33:32 NetLabel:  protocols = UNLABELED CIPSOv4 CALIPSO,E540,[0
Jul 18 17:33:32 NetLabel:  unlabeled traffic allowed by default,E460,[0
"Jul 18 17:33:32 hpet0: at MMIO 0xfed00000, IRQs 2, 8, 0, 0, 0, 0, 0, 0",E351,[0]
"Jul 18 17:33:32 hpet0: 8 comparators, 32-bit 62.500000 MHz counter",E484,[0]
Jul 18 17:33:32 clocksource: Switched to clocksource kvm-clock,E146,[0
Jul 18 17:33:32 VFS: Disk quotas dquot_6.6.0,E35,[0]
"Jul 18 17:33:32 VFS: Dquot-cache hash table entries: 512 (order 0, 4096 bytes)",E181,[0]
Jul 18 17:33:32 pnp: PnP ACPI init,E9,[0]
Jul 18 17:33:32 pnp: PnP ACPI: found 5 devices,E168,[0]
"Jul 18 17:33:32 clocksource: acpi_pm: mask: 0xffffff max_cycles: 0xffffff, max_idle_ns: 2085701024 ns",E38,[0]
Jul 18 17:33:32 pci_bus 0000:00: resource 4 [io  0x0000-0x0cf7 window],E547,[0
Jul 18 17:33:32 pci_bus 0000:00: resource 5 [io  0x0d00-0xffff window],E547,[0
Jul 18 17:33:32 pci_bus 0000:00: resource 6 [mem 0x000a0000-0x000bffff window],E134,[0
Jul 18 17:33:32 pci_bus 0000:00: resource 7 [mem 0xc0000000-0xfebfffff window],E134,[0
Jul 18 17:33:32 NET: Registered protocol family 2,E621,[0
